
   PASS  Tests\Unit\AI\AiIndexingChunkingTest
  Γ£ô chunk text respects max tokens boundary                                                                      6.19s  
  Γ£ô chunk text produces multiple chunks when config small                                                        0.16s  
  Γ£ô approximate tokens                                                                                           0.16s  

   PASS  Tests\Unit\AI\AiRagPermissionFilterTest
  Γ£ô deny by default when permissions any of missing                                                              0.48s  
  Γ£ô returns chunks when user has permission                                                                      0.47s  
  Γ£ô filters out is deleted chunks                                                                                0.45s  

   PASS  Tests\Unit\AI\CapabilityResolverTest
  Γ£ô resolve returns capabilities from attribute                                                                  0.18s  
  Γ£ô resolve uses spatie permissions when available                                                               0.21s  
  Γ£ô resolve falls back to bootstrap default                                                                      0.22s  
  Γ£ô resolve filters invalid capabilities                                                                         0.17s  
  Γ£ô resolve removes duplicates                                                                                   0.17s  
  Γ£ô resolve caches results                                                                                       0.17s  
  Γ£ô resolve handles empty capabilities                                                                           0.18s  
  Γ£ô resolve handles null capabilities                                                                            0.18s  
  Γ£ô has returns true for existing capability                                                                     0.17s  
  Γ£ô has returns false for missing capability                                                                     0.17s  
  Γ£ô resolve with spatie get permission names                                                                     0.18s  
  Γ£ô resolve with spatie get all permissions                                                                      0.18s  
  Γ£ô resolve prioritizes attribute over spatie                                                                    0.17s  

   PASS  Tests\Unit\AI\ContextBuilderTest
  Γ£ô build includes user info                                                                                     0.20s  
  Γ£ô build includes section key                                                                                   0.18s  
  Γ£ô build includes contracts summary with capability                                                             0.75s  
  Γ£ô build excludes contracts summary without capability                                                          0.17s  
  Γ£ô build includes contract details with valid id                                                                0.43s  
  Γ£ô build excludes contract details without access                                                               0.75s  
  Γ£ô build includes notifications summary                                                                         0.17s  
  Γ£ô build includes admin notifications with manage capability                                                    0.17s  
  Γ£ô build includes dashboard with capability                                                                     0.17s  
  Γ£ô build validates context                                                                                      0.17s  
  Γ£ô build checks contract policy                                                                                 0.51s  
  Γ£ô build throws on unauthorized contract                                                                        0.56s  
  Γ£ô build handles missing contract                                                                               0.18s  
  Γ£ô build filters by user contracts                                                                              0.90s  
  Γ£ô build includes all contracts with view all                                                                   1.10s  
  Γ£ô build handles empty capabilities                                                                             0.17s  
  Γ£ô build handles null section key                                                                               0.17s  
  Γ£ô build excludes dashboard without capability                                                                  0.17s  

   PASS  Tests\Unit\AI\ContextValidatorTest
  Γ£ô validate passes valid data                                                                                   0.22s  
  Γ£ô validate returns validated data                                                                              0.16s  
  Γ£ô validate throws for invalid type                                                                             0.16s  
  Γ£ô validate throws for below min                                                                                0.17s  
  Γ£ô validate handles missing schema                                                                              0.16s  
  Γ£ô validate handles empty context                                                                               0.16s  
  Γ£ô validate parses multiple rules                                                                               0.16s  
  Γ£ô validate parses rule with value                                                                              0.17s  
  Γ£ô validate handles null section key                                                                            0.16s  
  Γ£ô validate skips extra params                                                                                  0.16s  
  Γ£ô validate handles negative numbers                                                                            0.16s  
  Γ£ô validate handles string numbers                                                                              0.16s  

   PASS  Tests\Unit\AI\OpenAIResponsesClientTest
  Γ£ô create response success                                                                                      0.22s  
  Γ£ô create response logs latency                                                                                 0.17s  
  Γ£ô create response logs request id                                                                              0.19s  
  Γ£ô create response retries on rate limit                                                                        0.18s  
  Γ£ô create response retries on 503                                                                               0.18s  
  Γ£ô create response retries on 502                                                                               0.18s  
  Γ£ô create response retries on timeout                                                                           0.18s  
  Γ£ô create response stops after max attempts                                                                     0.17s  
  Γ£ô create response uses config values                                                                           0.17s  
  Γ£ô create response handles missing config                                                                       0.17s  
  Γ£ô create response includes truncation                                                                          0.16s  
  Γ£ô create response handles empty response                                                                       0.17s  
  Γ£ô create response logs warning on failure                                                                      0.16s  
  Γ£ô create response uses exponential backoff                                                                     0.26s  
  Γ£ô create response uses jitter                                                                                  0.30s  
  Γ£ô create response respects max delay                                                                           3.17s  
  Γ£ô create response handles missing output text                                                                  0.17s  

   PASS  Tests\Unit\AI\SectionRegistryTest
  Γ£ô all returns all sections                                                                                     0.20s  
  Γ£ô find returns section by key                                                                                  0.16s  
  Γ£ô find returns null for missing key                                                                            0.16s  
  Γ£ô find returns null for null key                                                                               0.16s  
  Γ£ô available for filters by capabilities                                                                        0.16s  
  Γ£ô available for returns empty for no capabilities                                                              0.16s  
  Γ£ô allowed context params returns params                                                                        0.16s  
  Γ£ô allowed context params returns empty for missing section                                                     0.16s  
  Γ£ô suggestions returns suggestions                                                                              0.16s  
  Γ£ô suggestions returns empty for missing section                                                                0.16s  
  Γ£ô context schema returns schema                                                                                0.16s  
  Γ£ô context schema returns empty for missing section                                                             0.17s  
  Γ£ô context schema returns empty for section without schema                                                      0.16s  
  Γ£ô context policy returns policy                                                                                0.16s  
  Γ£ô context policy returns empty for missing section                                                             0.16s  
  Γ£ô context policy returns empty for section without policy                                                      0.15s  
  Γ£ô parent returns parent key                                                                                    0.16s  
  Γ£ô parent returns null for missing section                                                                      0.16s  
  Γ£ô parent returns null when no parent                                                                           0.17s  

   PASS  Tests\Unit\AI\SystemPromptBuilderTest
  Γ£ô build includes base instructions                                                                             0.23s  
  Γ£ô build includes behavior rules                                                                                0.17s  
  Γ£ô build includes section label                                                                                 0.17s  
  Γ£ô build handles missing section                                                                                0.16s  
  Γ£ô build includes capabilities                                                                                  0.17s  
  Γ£ô build handles empty capabilities                                                                             0.18s  
  Γ£ô build handles missing capability definitions                                                                 0.17s  
  Γ£ô build includes context                                                                                       0.17s  
  Γ£ô build handles empty context                                                                                  0.17s  
  Γ£ô build json encodes context                                                                                   0.17s  
  Γ£ô build handles missing behavior rules                                                                         0.17s  
  Γ£ô build handles empty behavior rules                                                                           0.17s  
  Γ£ô build handles section without label                                                                          0.17s  

   PASS  Tests\Unit\ExampleTest
  Γ£ô that true is true                                                                                            0.03s  

   PASS  Tests\Unit\Exceptions\JsonableApiExceptionTest
  Γ£ô concrete exception has message and error code and status                                                     0.16s  
  Γ£ô render returns json with expected shape                                                                      0.16s  

   PASS  Tests\Unit\Helpers\OtpHelperTest
  Γ£ô send otp email stores hashed otp and sends mail                                                              0.19s  
  Γ£ô verify otp increments attempts on failure                                                                    0.18s  
  Γ£ô send password reset link uses tokenized mail                                                                 0.18s  

   PASS  Tests\Unit\Http\Middleware\CheckUserStatusTest
  Γ£ô allows request when no authenticated user                                                                    0.18s  
  Γ£ô allows request when user is active                                                                           0.16s  
  Γ£ô returns 401 with error code when user is inactive                                                            0.16s  

   PASS  Tests\Unit\Http\Responses\ApiResponseTest
  Γ£ô success returns json with expected structure                                                                 0.17s  
  Γ£ô error returns json with expected structure                                                                   0.17s  
  Γ£ô validation error returns 422 with errors                                                                     0.21s  
  Γ£ô get per page uses request input                                                                              0.16s  
  Γ£ô get per page respects max                                                                                    0.16s  
  Γ£ô paginated returns consistent meta structure                                                                  0.16s  

   PASS  Tests\Unit\Marketing\BudgetCalculationTest
  Γ£ô it calculates expected impressions correctly                                                                 0.18s  
  Γ£ô it calculates expected clicks correctly                                                                      0.16s  
  Γ£ô it calculates commission value correctly                                                                     0.16s  
  Γ£ô it calculates marketing value correctly                                                                      0.17s  
  Γ£ô it calculates expected bookings correctly                                                                    0.16s  
  Γ£ô it calculates deposit value per booking correctly                                                            0.16s  

   PASS  Tests\Unit\Marketing\DistributionValidationTest
  Γ£ô it rejects invalid platform distribution keys                                                                0.88s  
  Γ£ô it accepts valid distributions                                                                               0.46s  

   PASS  Tests\Unit\Marketing\DurationTrackingTest
  Γ£ô it returns red status for less than 30 days                                                                  0.60s  
  Γ£ô it returns orange status for 30 to 90 days                                                                   0.62s  
  Γ£ô it returns green status for more than 90 days                                                                0.64s  
  Γ£ô it returns green status for exactly 90 days                                                                  0.55s  

   PASS  Tests\Unit\Marketing\MarketingBudgetCalculationServiceTest
  Γ£ô it calculates platform budgets correctly                                                                     0.22s  
  Γ£ô it calculates objective budgets correctly                                                                    0.17s  
  Γ£ô it calculates leads count correctly                                                                          0.19s  
  Γ£ô it returns zero leads when cpl is zero                                                                       0.17s  
  Γ£ô it calculates direct contacts count correctly                                                                0.16s  
  Γ£ô it calculates total opportunities correctly                                                                  0.16s  
  Γ£ô it calculates expected bookings correctly                                                                    0.16s  
  Γ£ô it calculates expected revenue correctly                                                                     0.16s  
  Γ£ô it calculates cost per booking correctly                                                                     0.16s  
  Γ£ô it returns zero cost per booking when bookings is zero                                                       0.17s  
  Γ£ô it calculates all metrics correctly                                                                          0.71s  
  Γ£ô it validates platform distribution sum in save or update                                                     0.48s  
  Γ£ô it validates platform objectives sum in save or update                                                       0.61s  

   PASS  Tests\Unit\Marketing\TeamRecommendationTest
  Γ£ô it recommends employee using tasks and booking ratio                                                         1.15s  

   PASS  Tests\Unit\Models\UserPermissionCacheTest
  Γ£ô sync roles from type clears permission cache                                                                 4.88s  
  Γ£ô sync roles from type verifies role exists                                                                    4.68s  
  Γ£ô sync roles from type handles sales leader correctly                                                          4.90s  
  Γ£ô sync roles from type clears cache each time                                                                  5.46s  
  Γ£ô sync roles from type works for all user types                                                                4.88s  

   PASS  Tests\Unit\Observers\ContractObserverTest
  Γ£ô created dispatches index job                                                                                 0.20s  
  Γ£ô updated dispatches index job                                                                                 0.59s  
  Γ£ô deleted dispatches index job                                                                                 1.18s  

   PASS  Tests\Unit\Services\Accounting\AccountingDashboardServiceTest
  Γ£ô it calculates units sold correctly                                                                           2.40s  
  Γ£ô it calculates total received deposits                                                                        3.13s  
  Γ£ô it calculates total refunded deposits                                                                        1.42s  
  Γ£ô it filters metrics by date range                                                                             0.75s  
  Γ£ô it returns complete dashboard metrics                                                                        0.17s  

   PASS  Tests\Unit\Services\CommissionCalculationTest
  Γ£ô calculates total commission correctly                                                                        0.17s  
  Γ£ô calculates vat correctly                                                                                     0.17s  
  Γ£ô calculates net amount correctly                                                                              0.16s  
  Γ£ô complete commission calculation flow                                                                         0.16s  
  Γ£ô commission with zero expenses                                                                                0.17s  
  Γ£ô commission with high expenses                                                                                0.16s  
  Γ£ô commission status transitions                                                                                1.96s  
  Γ£ô commission with fractional percentage                                                                        0.16s  
  Γ£ô commission calculation precision                                                                             0.16s  

   PASS  Tests\Unit\Services\CommissionDistributionTest
  Γ£ô calculates distribution amount correctly                                                                     0.95s  
  Γ£ô adds distribution to commission                                                                              2.23s  
  Γ£ô distributes lead generation commission                                                                       0.84s  
  Γ£ô distributes persuasion commission                                                                            0.84s  
  Γ£ô distributes closing commission                                                                               0.99s  
  Γ£ô distributes management commission                                                                            0.98s  
  Γ£ô approves distribution                                                                                        0.73s  
  Γ£ô rejects distribution                                                                                         0.85s  
  Γ£ô validates distribution percentages                                                                           0.18s  
  Γ£ô validates distribution percentages fails                                                                     0.16s  
  Γ£ô updates distribution percentage                                                                              0.94s  
  Γ£ô cannot update approved distribution                                                                          1.43s  
  Γ£ô deletes pending distribution                                                                                 0.79s  
  Γ£ô cannot delete approved distribution                                                                          0.70s  

   PASS  Tests\Unit\Services\DepositManagementTest
  Γ£ô creates deposit                                                                                              0.59s  
  Γ£ô confirms deposit receipt                                                                                     1.62s  
  Γ£ô marks deposit as received                                                                                    1.66s  
  Γ£ô refunds deposit with owner commission source                                                                 0.95s  
  Γ£ô cannot refund deposit with buyer commission source                                                           0.70s  
  Γ£ô checks deposit refundability                                                                                 1.96s  
  Γ£ô deposit status checks                                                                                        1.82s  
  Γ£ô updates deposit information                                                                                  0.60s  
  Γ£ô cannot update non pending deposit                                                                            0.90s  
  Γ£ô deletes pending deposit                                                                                      0.82s  
  Γ£ô cannot delete non pending deposit                                                                            1.03s  
  Γ£ô gets total deposits for reservation                                                                          1.88s  
  Γ£ô gets deposit stats by project                                                                                1.23s  
  Γ£ô bulk confirms deposits                                                                                       1.26s  
  Γ£ô can refund check with various scenarios                                                                      2.34s  

   PASS  Tests\Unit\Services\Marketing\MarketingProjectServiceTest
  Γ£ô get projects with completed contracts returns only approved                                                  0.82s  
  Γ£ô calculate campaign budget uses commission and duration                                                       0.45s  

   PASS  Tests\Unit\Services\SalesDashboardTest
  Γ£ô gets units sold count                                                                                        0.96s  
  Γ£ô gets total received deposits                                                                                 2.04s  
  Γ£ô gets total refunded deposits                                                                                 1.79s  
  Γ£ô gets total sales value                                                                                       1.31s  
  Γ£ô gets total commissions                                                                                       1.90s  
  Γ£ô gets pending commissions                                                                                     1.69s  
  Γ£ô gets dashboard kpis                                                                                          1.31s  
  Γ£ô gets dashboard kpis with date range                                                                          1.48s  
  Γ£ô gets deposit stats by project                                                                                1.44s  
  Γ£ô gets commission stats by employee                                                                            0.61s  
  Γ£ô gets monthly commission report                                                                               0.56s  

   PASS  Tests\Feature\AIAskSuggestionsTest
  Γ£ô ask returns section suggestions                                                                              0.61s  

   PASS  Tests\Feature\AIChatSummaryTest
  Γ£ô summary is created after threshold                                                                           0.56s  

   PASS  Tests\Feature\AISectionsTest
  Γ£ô sections are filtered by capabilities                                                                        0.47s  

   FAIL  Tests\Feature\AI\AIAssistantControllerTest
  Γ¿» ask endpoint requires authentication                                                                         0.19s  
  Γ£ô ask endpoint validates question required                                                                     0.48s  
  Γ£ô ask endpoint validates question max length                                                                   0.47s  
  Γ£ô ask endpoint validates section in list                                                                       0.46s  
  Γ£ô ask endpoint validates context schema                                                                        0.47s  
  Γ£ô ask endpoint returns suggestions                                                                             0.49s  
  Γ¿» chat endpoint requires authentication                                                                        0.17s  
  Γ£ô chat endpoint validates message required                                                                     0.45s  
  Γ£ô chat endpoint validates session id uuid                                                                      0.47s  
  Γ£ô chat endpoint creates new session                                                                            0.48s  
  Γ£ô chat endpoint uses existing session                                                                          0.51s  
  Γ¿» sections endpoint requires authentication                                                                    0.17s  
  Γ£ô sections endpoint filters by capabilities                                                                    0.47s  
  Γ¿» conversations endpoint requires authentication                                                               0.18s  
  Γ¿» conversations endpoint paginates results                                                                     0.53s  
  Γ¿» delete session endpoint requires authentication                                                              0.18s  
  Γ£ô delete session endpoint deletes session                                                                      0.49s  

   WARN  Tests\Feature\AI\AIAssistantIntegrationTest
  Γ£ô multi turn chat history persistence                                                                          0.54s  
  Γ£ô contract context awareness                                                                                   0.78s  
  Γ£ô capability based section access denies without permission                                                    0.50s  
  Γ£ô assistant disabled returns 503                                                                               0.46s  
  Γ£ô delete session belonging to another user denied                                                              0.47s  
  - throttle ai assistant ΓåÆ Throttle testing requires rate-limiter mock; skipped to avoid flakiness.             0.43s  
  Γ£ô capability based section access allows with permission                                                       0.48s  
  Γ£ô budget enforcement                                                                                           0.50s  
  Γ£ô session lifecycle and deletion                                                                               0.48s  

   PASS  Tests\Feature\AI\AIAssistantServiceTest
  Γ£ô ask creates new session                                                                                      0.20s  
  Γ£ô ask stores user message                                                                                      0.19s  
  Γ£ô ask stores assistant message                                                                                 0.20s  
  Γ£ô ask filters context                                                                                          0.19s  
  Γ£ô ask handles openai failure                                                                                   0.18s  
  Γ£ô chat uses existing session                                                                                   0.21s  
  Γ£ô chat creates new session if missing                                                                          0.20s  
  Γ£ô chat includes history                                                                                        0.21s  
  Γ£ô chat includes summary                                                                                        0.21s  
  Γ£ô chat creates summary after threshold                                                                         0.21s  
  Γ£ô chat respects history window                                                                                 0.22s  
  Γ£ô list sessions returns paginated results                                                                      0.20s  
  Γ£ô list sessions filters by section                                                                             0.48s  
  Γ£ô delete session deletes all messages                                                                          0.20s  
  Γ£ô available sections filters by capabilities                                                                   0.16s  
  Γ£ô suggestions returns section suggestions                                                                      0.16s  
  Γ£ô ask handles empty response text                                                                              0.19s  
  Γ£ô chat handles empty history                                                                                   0.19s  
  Γ£ô list sessions handles empty results                                                                          0.17s  
  Γ£ô delete session returns zero for nonexistent session                                                          0.17s  
  Γ£ô available sections returns empty for no capabilities                                                         0.18s  

   PASS  Tests\Feature\AI\AccessExplanationTest
  Γ£ô allowed case                                                                                                 0.89s  
  Γ£ô no type access neutral denial                                                                                0.82s  
  Γ£ô ownership mismatch                                                                                           0.93s  
  Γ£ô resource not found                                                                                           0.47s  
  Γ£ô invalid request missing id or type                                                                           0.46s  

   FAIL  Tests\Feature\AI\AssistantChatTest
  Γ¿» chat requires authentication                                                                                 4.68s  
  Γ£ô user without permission cannot access chat                                                                   5.07s  
  Γ£ô user with permission can access chat                                                                         5.01s  
  Γ£ô knowledge filtering excludes restricted entries                                                              5.03s  
  Γ£ô admin can see all knowledge entries                                                                          5.12s  
  Γ£ô permission based knowledge filtering                                                                         5.03s  
  Γ£ô can continue existing conversation                                                                           5.04s  
  Γ£ô message is required                                                                                          5.02s  
  Γ£ô message max length                                                                                           4.92s  
  Γ£ô invalid language rejected                                                                                    5.02s  

   FAIL  Tests\Feature\AI\AssistantKnowledgeTest
  Γ¿» knowledge index requires authentication                                                                      4.69s  
  Γ£ô user without permission cannot list knowledge                                                                4.96s  
  Γ£ô user without permission cannot create knowledge                                                              4.97s  
  Γ£ô user without permission cannot update knowledge                                                              5.09s  
  Γ£ô user without permission cannot delete knowledge                                                              5.00s  
  Γ£ô admin can list knowledge entries                                                                             4.97s  
  Γ£ô admin can filter knowledge by module                                                                         4.98s  
  Γ£ô admin can filter knowledge by language                                                                       4.96s  
  Γ£ô admin can filter knowledge by active status                                                                  4.92s  
  Γ£ô admin can create knowledge entry                                                                             5.01s  
  Γ£ô admin can update knowledge entry                                                                             4.99s  
  Γ£ô admin can delete knowledge entry                                                                             5.00s  
  Γ£ô update nonexistent entry returns 404                                                                         5.01s  
  Γ£ô delete nonexistent entry returns 404                                                                         4.98s  
  Γ£ô create requires module                                                                                       5.13s  
  Γ£ô create requires title                                                                                        5.05s  
  Γ£ô create requires content md                                                                                   5.11s  
  Γ£ô create requires language                                                                                     5.12s  
  Γ£ô create validates language values                                                                             5.04s  
  Γ£ô create validates module max length                                                                           5.19s  

   PASS  Tests\Feature\AI\AuthorizationTest
  Γ£ô user cannot access other user contract                                                                       0.93s  
  Γ£ô user with view all can access any contract                                                                   0.86s  
  Γ£ô user cannot access nonexistent contract                                                                      0.50s  
  Γ£ô context policy enforces contract access                                                                      0.97s  
  Γ£ô sections filtered by capabilities                                                                            0.50s  
  Γ£ô admin sees all sections                                                                                      0.48s  

   PASS  Tests\Feature\AI\ContextValidationTest
  Γ£ô context validation accepts valid contract id                                                                 0.52s  
  Γ£ô context validation rejects invalid contract id type                                                          0.47s  
  Γ£ô context validation rejects contract id below min                                                             0.47s  
  Γ£ô context validation accepts valid unit id                                                                     0.54s  
  Γ£ô context validation rejects invalid unit id                                                                   0.49s  
  Γ£ô context validation handles missing section                                                                   0.49s  
  Γ£ô context validation handles empty context                                                                     0.49s  

   PASS  Tests\Feature\AI\MarketingContextTest
  Γ£ô it includes marketing dashboard kpis in ai context                                                           0.99s  
  Γ£ô it includes marketing projects list in ai context                                                            0.59s  

   PASS  Tests\Feature\AI\RakizV2ChatTest
  Γ£ô v2 chat returns 200 and schema valid json when openai returns completed                                      0.60s  
  Γ£ô v2 chat requires use ai assistant permission                                                                 0.46s  
  Γ£ô v2 chat validates message required                                                                           0.46s  

   PASS  Tests\Feature\AI\RakizV2ExplainAccessTest
  Γ£ô v2 explain access returns suggested routes filtered by rbac                                                  0.55s  
  Γ£ô v2 explain access requires route                                                                             0.52s  

   PASS  Tests\Feature\AI\RakizV2ToolsRbacTest
  Γ£ô get lead summary tool denies without view permission                                                         0.53s  
  Γ£ô get lead summary tool allows with view permission                                                            0.51s  
  Γ£ô get project summary tool denies without contract view                                                        0.49s  

   PASS  Tests\Feature\AccessControlTest
  Γ£ô admin can access everything                                                                                  5.89s  
  Γ£ô user can view own contract                                                                                   5.57s  
  Γ£ô user cannot view others contract                                                                             5.34s  
  Γ£ô manager can view team contracts                                                                              5.32s  
  Γ£ô manager cannot view other team contracts                                                                     5.51s  

   PASS  Tests\Feature\Accounting\AccountingCommissionTest
  Γ£ô accounting user can list sold units                                                                          1.17s  
  Γ£ô accounting user can view single sold unit                                                                    1.04s  
  Γ£ô accounting user can list marketers for dropdown                                                              0.81s  
  Γ£ô accounting user can approve commission distribution                                                          1.46s  
  Γ£ô accounting user can reject commission distribution                                                           1.26s  
  Γ£ô accounting user can get commission summary                                                                   1.14s  

   FAIL  Tests\Feature\Accounting\AccountingDashboardTest
  Γ£ô accounting user can view dashboard metrics                                                                   0.81s  
  Γ£ô dashboard can filter by date range                                                                           0.78s  
  Γ¿» dashboard returns 422 with errors on validation failure                                                      0.83s  
  Γ£ô non accounting user cannot access dashboard                                                                  0.51s  
  Γ¿» unauthenticated user cannot access dashboard                                                                 0.52s  

   PASS  Tests\Feature\Accounting\AccountingDepositTest
  Γ£ô accounting user can list pending deposits                                                                    1.22s  
  Γ£ô accounting user can confirm deposit receipt                                                                  1.93s  
  Γ£ô accounting user can process refund for owner paid commission                                                 1.27s  
  Γ£ô cannot refund buyer paid commission deposit                                                                  1.57s  
  Γ£ô accounting user can get follow up list                                                                       0.81s  

   PASS  Tests\Feature\Accounting\AccountingSalaryTest
  Γ£ô accounting user can list employee salaries                                                                   0.91s  
  Γ£ô accounting user can view employee detail                                                                     0.79s  
  Γ£ô accounting user can create salary distribution                                                               0.80s  
  Γ£ô cannot create duplicate salary distribution                                                                  0.84s  
  Γ£ô accounting user can approve salary distribution                                                              0.82s  
  Γ£ô accounting user can mark salary as paid                                                                      0.82s  

   FAIL  Tests\Feature\Auth\AIAccessTest
  Γ¿» ai ask requires authentication                                                                               4.81s  
  Γ¿» ai ask accessible by authenticated users                                                                     5.47s  
  Γ¿» ai chat requires authentication                                                                              4.76s  
  Γ£ô ai chat accessible by authenticated users                                                                    5.14s  
  Γ¿» ai conversations requires authentication                                                                     4.81s  
  Γ£ô ai conversations accessible by authenticated users                                                           5.04s  
  Γ¿» ai delete session requires authentication                                                                    4.76s  
  Γ£ô ai delete session accessible by authenticated users                                                          4.92s  
  Γ¿» ai sections requires authentication                                                                          4.67s  
  Γ£ô ai sections accessible by authenticated users                                                                5.07s  
  Γ£ô ai sections returns different sections based on permissions                                                  5.59s  
  Γ£ô ai ask with contracts section requires contracts permission                                                  4.97s  
  Γ£ô ai ask with sales section accessible by sales staff                                                          5.02s  
  Γ£ô ai ask with marketing section accessible by marketing staff                                                  5.07s  
  Γ¿» all user types can access ai assistant                                                                       5.53s  
  Γ£ô ai chat maintains session context                                                                            4.92s  
  Γ£ô users can only delete their own sessions                                                                     4.96s  
  Γ¿» ai throttling is applied                                                                                     5.47s  
  Γ¿» admin can access all ai sections                                                                             5.40s  
  Γ£ô sales staff can access sales ai sections                                                                     4.99s  
  Γ£ô marketing staff can access marketing ai sections                                                             5.00s  
  Γ£ô pm staff can access pm ai sections                                                                           5.02s  
  Γ¿» hr staff can access ai assistant                                                                             5.23s  
  Γ¿» editor can access ai assistant                                                                               5.29s  
  Γ¿» developer can access ai assistant                                                                            5.31s  
  Γ¿» ai routes are protected by sanctum                                                                           4.61s  
  Γ¿» ai assistant respects user permissions                                                                       5.51s  
  Γ¿» default user can access basic ai features                                                                    5.12s  
  Γ£ô ai conversations list shows only user sessions                                                               5.09s  

   PASS  Tests\Feature\Auth\AdminSmokeTest
  Γ£ô admin can access hr dashboard                                                                                5.15s  
  Γ£ô admin can access sales dashboard                                                                             5.19s  
  Γ£ô admin can access marketing dashboard                                                                         5.06s  
  Γ£ô admin can access accounting dashboard                                                                        5.12s  
  Γ£ô admin can access credit dashboard                                                                            5.23s  
  Γ£ô admin can access project management dashboard                                                                4.93s  
  Γ£ô admin can access exclusive projects index                                                                    4.95s  
  Γ£ô admin can access ai conversations                                                                            4.96s  

   FAIL  Tests\Feature\Auth\ExclusiveProjectsAccessTest
  Γ¿» list exclusive projects requires authentication                                                              4.59s  
  Γ£ô list exclusive projects accessible by authenticated users                                                    4.92s  
  Γ£ô view exclusive project details accessible by authenticated users                                             4.89s  
  Γ£ô sales staff can request exclusive project                                                                    4.92s  
  Γ£ô marketing staff can request exclusive project                                                                4.92s  
  Γ£ô pm staff can request exclusive project                                                                       4.92s  
  Γ£ô editor can request exclusive project                                                                         4.87s  
  Γ£ô developer can request exclusive project                                                                      4.86s  
  Γ£ô hr staff cannot request exclusive project                                                                    4.89s  
  Γ£ô approve exclusive project requires pm manager permission                                                     4.87s  
  Γ£ô approve exclusive project accessible by pm manager                                                           5.00s  
  Γ£ô approve exclusive project accessible by admin                                                                4.88s  
  Γ£ô reject exclusive project requires pm manager permission                                                      4.93s  
  Γ£ô reject exclusive project accessible by pm manager                                                            4.92s  
  Γ£ô complete contract accessible by requester                                                                    5.28s  
  Γ£ô complete contract accessible by pm staff                                                                     5.31s  
  Γ£ô export contract accessible by authorized users                                                               5.14s  
  Γ£ô export contract forbidden for hr staff                                                                       5.03s  
  Γ£ô all non hr users have exclusive project request permission                                                   5.06s  
  Γ£ô hr staff does not have exclusive project permissions                                                         4.95s  
  Γ£ô only pm manager and admin can approve exclusive projects                                                     5.10s  
  Γ£ô sales leader cannot approve exclusive projects                                                               4.96s  
  Γ£ô marketing staff cannot approve exclusive projects                                                            4.98s  
  Γ£ô users can view their own exclusive project requests                                                          5.03s  
  Γ£ô exclusive project workflow is correctly enforced                                                             8.79s  
  Γ£ô exclusive projects permissions are role based not user based                                                 5.02s  
  Γ£ô admin has full access to exclusive projects                                                                  5.32s  
  Γ£ô exclusive project permissions summary                                                                        5.61s  

   FAIL  Tests\Feature\Auth\HRAccessTest
  Γ¿» list roles requires authentication                                                                           4.81s  
  Γ£ô list roles accessible by admin                                                                               4.72s  
  Γ¿» list roles forbidden for non admin users                                                                     4.65s  
  Γ£ô add employee accessible by admin                                                                             4.70s  
  Γ¿» add employee forbidden for non admin users                                                                   4.72s  
  Γ£ô list employees accessible by admin                                                                           4.74s  
  Γ£ô list employees with filters accessible by admin                                                              4.76s  
  Γ¿» list employees forbidden for non admin users                                                                 4.72s  
  Γ£ô show employee accessible by admin                                                                            4.76s  
  Γ¿» show employee forbidden for non admin users                                                                  4.74s  
  Γ£ô update employee accessible by admin                                                                          4.66s  
  Γ¿» update employee forbidden for non admin users                                                                4.68s  
  Γ£ô delete employee accessible by admin                                                                          4.67s  
  Γ¿» delete employee forbidden for non admin users                                                                4.73s  
  Γ£ô restore employee accessible by admin                                                                         4.59s  
  Γ¿» restore employee forbidden for non admin users                                                               4.66s  
  Γ¿» hr staff does not have employee management permissions                                                       4.66s  
  Γ£ô admin has all employee management permissions                                                                4.89s  
  Γ£ô hr permissions are correctly assigned                                                                        4.90s  
  Γ£ô hr does not have exclusive project permissions                                                               4.89s  
  Γ£ô hr does not have sales permissions                                                                           4.84s  
  Γ£ô hr does not have marketing permissions                                                                       4.87s  
  Γ£ô hr does not have pm permissions                                                                              4.86s  
  Γ¿» sales staff cannot access hr routes                                                                          4.64s  
  Γ¿» marketing staff cannot access hr routes                                                                      4.64s  
  Γ¿» pm staff cannot access hr routes                                                                             4.67s  
  Γ¿» editor cannot access hr routes                                                                               4.68s  
  Γ¿» developer cannot access hr routes                                                                            4.65s  
  Γ¿» only admin can manage employees                                                                              4.78s  
  Γ£ô admin can perform all employee operations                                                                    4.68s  
  Γ£ô hr role is isolated from other departments                                                                   4.85s  

   FAIL  Tests\Feature\Auth\MarketingAccessTest
  Γ¿» marketing dashboard requires authentication                                                                  4.91s  
  Γ£ô marketing dashboard accessible by marketing staff                                                            5.14s  
  Γ£ô marketing dashboard accessible by admin                                                                      5.15s  
  Γ£ô marketing dashboard forbidden for non marketing users                                                        4.93s  
  Γ£ô marketing projects list accessible by marketing staff                                                        5.14s  
  Γ£ô marketing project details accessible by marketing staff                                                      5.32s  
  Γ£ô calculate budget accessible by marketing staff                                                               5.43s  
  Γ£ô calculate budget forbidden for non marketing users                                                           5.06s  
  Γ£ô view developer plan accessible by marketing staff                                                            5.60s  
  Γ£ô create developer plan accessible by marketing staff                                                          5.36s  
  Γ£ô view employee plans accessible by marketing staff                                                            5.27s  
  Γ£ô view employee plan details accessible by marketing staff                                                     5.45s  
  Γ£ô create employee plan accessible by marketing staff                                                           5.43s  
  Γ£ô auto generate employee plans accessible by marketing staff                                                   5.32s  
  Γ£ô calculate expected sales accessible by marketing staff                                                       5.32s  
  Γ£ô update conversion rate accessible by marketing staff                                                         5.41s  
  Γ£ô view tasks accessible by marketing staff                                                                     5.32s  
  Γ£ô create task accessible by marketing staff                                                                    5.50s  
  Γ£ô update task accessible by marketing staff                                                                    5.65s  
  Γ£ô update task status accessible by marketing staff                                                             5.37s  
  Γ£ô assign team to project accessible by marketing staff                                                         5.31s  
  Γ£ô get project team accessible by marketing staff                                                               5.39s  
  Γ£ô recommend employee accessible by marketing staff                                                             5.54s  
  Γ£ô view leads accessible by marketing staff                                                                     5.47s  
  Γ£ô create lead accessible by marketing staff                                                                    5.43s  
  Γ£ô update lead accessible by marketing staff                                                                    5.79s  
  Γ£ô view project performance report accessible by marketing staff                                                5.56s  
  Γ£ô view budget report accessible by marketing staff                                                             5.32s  
  Γ£ô view expected bookings report accessible by marketing staff                                                  5.55s  
  Γ£ô view employee performance report accessible by marketing staff                                               5.31s  
  Γ£ô export plan accessible by marketing staff                                                                    5.58s  
  Γ£ô view settings accessible by marketing staff                                                                  5.43s  
  Γ£ô update settings accessible by marketing staff                                                                5.58s  
  Γ£ô marketing routes forbidden for sales staff                                                                   5.04s  
  Γ£ô marketing routes forbidden for hr staff                                                                      5.13s  
  Γ£ô marketing permissions are correctly assigned                                                                 5.43s  
  Γ£ô marketing staff does not have sales permissions                                                              5.30s  
  Γ£ô marketing staff does not have hr permissions                                                                 5.30s  
  Γ£ô marketing staff has exclusive project permissions                                                            5.32s  
  Γ£ô marketing staff cannot approve exclusive projects                                                            5.29s  

   FAIL  Tests\Feature\Auth\ProjectManagementAccessTest
  Γ¿» admin index contracts requires authentication                                                                5.08s  
  Γ£ô admin index contracts accessible by pm staff                                                                 5.41s  
  Γ£ô admin index contracts accessible by pm manager                                                               5.40s  
  Γ£ô admin index contracts accessible by admin                                                                    5.30s  
  Γ£ô admin index contracts forbidden for sales staff                                                              5.19s  
  Γ£ô pm update contract status accessible by pm staff                                                             5.18s  
  Γ£ô admin update contract status accessible by admin                                                             5.45s  
  Γ£ô view second party data accessible by pm staff                                                                5.43s  
  Γ£ô store second party data accessible by pm staff                                                               5.52s  
  Γ£ô update second party data accessible by pm staff                                                              5.30s  
  Γ£ô get all second parties accessible by pm staff                                                                5.33s  
  Γ£ô get contracts by second party email accessible by pm staff                                                   5.57s  
  Γ£ô view contract units accessible by pm staff                                                                   5.26s  
  Γ£ô upload units csv accessible by pm staff                                                                      5.37s  
  Γ£ô store contract unit accessible by pm staff                                                                   5.26s  
  Γ£ô update contract unit accessible by pm staff                                                                  5.47s  
  Γ£ô delete contract unit accessible by pm staff                                                                  5.29s  
  Γ£ô view boards department accessible by pm staff                                                                5.26s  
  Γ£ô store boards department accessible by pm staff                                                               5.34s  
  Γ£ô update boards department accessible by pm staff                                                              5.34s  
  Γ£ô view photography department accessible by pm staff                                                           5.52s  
  Γ£ô store photography department accessible by pm staff                                                          5.25s  
  Γ£ô update photography department accessible by pm staff                                                         5.27s  
  Γ£ô view pm dashboard accessible by pm staff                                                                     5.37s  
  Γ£ô view units statistics accessible by pm staff                                                                 5.37s  
  Γ£ô editor can view contracts                                                                                    5.35s  
  Γ£ô editor can view contract details                                                                             5.36s  
  Γ£ô editor can view montage department                                                                           5.28s  
  Γ£ô editor can store montage department                                                                          5.71s  
  Γ£ô editor can update montage department                                                                         5.52s  
  Γ£ô editor cannot access boards department                                                                       5.10s  
  Γ£ô editor cannot access photography department                                                                  5.11s  
  Γ£ô sales staff cannot access pm routes                                                                          5.57s  
  Γ£ô marketing staff cannot access pm routes                                                                      5.14s  
  Γ£ô pm staff permissions are correctly assigned                                                                  5.37s  
  Γ£ô pm staff does not have manager permissions                                                                   5.48s  
  Γ£ô pm manager has dynamic permissions                                                                           5.40s  
  Γ£ô editor permissions are correctly assigned                                                                    5.26s  
  Γ£ô editor does not have pm management permissions                                                               5.30s  
  Γ£ô developer can view contracts                                                                                 5.24s  
  Γ£ô developer can create contracts                                                                               5.17s  
  Γ£ô developer permissions are correctly assigned                                                                 5.52s  
  Γ£ô developer does not have pm management permissions                                                            5.23s  

   PASS  Tests\Feature\Auth\RoleMappingTest
  Γ£ô user type syncs to correct role                                                                              4.91s  
  Γ£ô sales manager syncs to sales leader role                                                                     4.74s  
  Γ£ô sales staff syncs to sales role                                                                              4.75s  
  Γ£ô admin user has all permissions                                                                               5.20s  
  Γ£ô sales role has correct permissions                                                                           5.05s  
  Γ£ô sales leader role has additional permissions                                                                 5.05s  
  Γ£ô marketing role has correct permissions                                                                       5.05s  
  Γ£ô project management role has correct permissions                                                              5.05s  
  Γ£ô project management manager has dynamic permissions                                                           5.05s  
  Γ£ô project management staff does not have manager permissions                                                   5.04s  
  Γ£ô hr role has correct permissions                                                                              4.98s  
  Γ£ô hr role does not have exclusive project permissions                                                          4.97s  
  Γ£ô editor role has correct permissions                                                                          5.00s  
  Γ£ô developer role has correct permissions                                                                       5.01s  
  Γ£ô default role has minimal permissions                                                                         4.93s  
  Γ£ô is sales leader method works correctly                                                                       4.76s  
  Γ£ô is project management manager method works correctly                                                         4.74s  
  Γ£ô user type field matches assigned role                                                                        4.88s  
  Γ£ô role sync does not duplicate roles                                                                           4.76s  
  Γ£ô changing user type updates role                                                                              4.76s  
  Γ£ô promoting sales staff to leader updates role                                                                 4.76s  
  Γ£ô all roles exist in database                                                                                  4.71s  
  Γ£ô all permissions exist in database                                                                            5.13s  
  Γ£ô newly created user can immediately access role endpoints                                                     5.02s  
  Γ£ô permission cache does not cause 403 errors                                                                   5.10s  
  Γ£ô marketing user created via registration can access endpoints immediately                                     5.04s  
  Γ£ô sales user created via registration can access endpoints immediately                                         5.08s  

   FAIL  Tests\Feature\Auth\SalesAccessTest
  Γ¿» sales dashboard requires authentication                                                                      5.02s  
  Γ£ô sales dashboard accessible by sales staff                                                                    5.22s  
  Γ£ô sales dashboard accessible by sales leader                                                                   5.33s  
  Γ£ô sales dashboard accessible by admin                                                                          5.28s  
  Γ£ô sales dashboard forbidden for non sales users                                                                5.35s  
  Γ£ô sales projects list accessible by sales staff                                                                5.31s  
  Γ£ô sales project details accessible by sales staff                                                              5.51s  
  Γ£ô sales project units accessible by sales staff                                                                5.27s  
  Γ£ô reservation context accessible by sales staff                                                                5.38s  
  Γ£ô create reservation accessible by sales staff                                                                 6.50s  
  Γ£ô create reservation forbidden for non sales users                                                             5.34s  
  Γ£ô view reservations accessible by sales staff                                                                  5.37s  
  Γ£ô confirm reservation accessible by sales staff                                                                6.36s  
  Γ£ô cancel reservation accessible by sales staff                                                                 5.32s  
  Γ£ô store reservation action accessible by sales staff                                                           5.33s  
  Γ£ô download voucher accessible by sales staff                                                                   5.29s  
  Γ£ô view my targets accessible by sales staff                                                                    5.33s  
  Γ£ô update target accessible by sales staff                                                                      5.69s  
  Γ£ô view my attendance accessible by sales staff                                                                 5.30s  
  Γ£ô create target requires leader permission                                                                     5.41s  
  Γ£ô create target accessible by sales leader                                                                     5.33s  
  Γ£ô view team projects requires leader permission                                                                5.53s  
  Γ£ô view team projects accessible by sales leader                                                                6.50s  
  Γ£ô view team members requires leader permission                                                                 5.61s  
  Γ£ô view team members accessible by sales leader                                                                 5.30s  
  Γ£ô update emergency contacts requires leader permission                                                         5.32s  
  Γ£ô update emergency contacts accessible by sales leader                                                         5.76s  
  Γ£ô view team attendance requires leader permission                                                              5.51s  
  Γ£ô view team attendance accessible by sales leader                                                              5.50s  
  Γ£ô create attendance schedule requires leader permission                                                        5.33s  
  Γ£ô create attendance schedule accessible by sales leader                                                        5.51s  
  Γ£ô view waiting list accessible by sales staff                                                                  6.33s  
  Γ£ô view waiting list by unit accessible by sales staff                                                          5.36s  
  Γ£ô create waiting list entry accessible by sales staff                                                          5.61s  
  Γ£ô convert waiting list requires leader permission                                                              5.67s  
  Γ£ô convert waiting list accessible by sales leader                                                              5.43s  
  Γ£ô cancel waiting list entry accessible by sales staff                                                          5.55s  
  Γ£ô manage marketing tasks requires leader permission                                                            5.55s  
  Γ£ô manage marketing tasks accessible by sales leader                                                            5.35s  
  Γ£ô admin can assign project to sales team                                                                       5.35s  
  Γ£ô sales staff cannot assign projects                                                                           5.15s  
  Γ£ô sales permissions are correctly assigned                                                                     5.43s  
  Γ£ô sales leader permissions are correctly assigned                                                              5.40s  
  Γ£ô sales staff does not have leader permissions                                                                 5.28s  

   PASS  Tests\Feature\ContractApiTest
  Γ£ô user can list own contracts                                                                                  5.64s  
  Γ£ô user can create contract                                                                                     5.71s  
  Γ£ô user can show own contract                                                                                   5.35s  
  Γ£ô user cannot show others contract                                                                             5.65s  
  Γ£ô user can update own pending contract                                                                         5.48s  
  Γ£ô user cannot update approved contract                                                                         5.49s  
  Γ£ô user can delete own pending contract                                                                         5.28s  
  Γ£ô admin can update status                                                                                      5.93s  
  Γ£ô project management can update status to ready                                                                5.54s  
  Γ£ô user can update contract to mark as off plan                                                                 5.35s  
  Γ£ô user can update contract to unmark as off plan                                                               5.44s  

   PASS  Tests\Feature\ContractUnitApiTest
  Γ£ô can list units by contract                                                                                   5.94s  
  Γ£ô can add unit to contract                                                                                     5.79s  
  Γ£ô can upload csv units                                                                                         5.55s  
  Γ£ô cannot modify units without permission                                                                       5.32s  

   FAIL  Tests\Feature\Credit\AccountingConfirmationTest
  Γ¿» accounting user can list pending confirmations                                                               1.97s  
  Γ£ô accounting user can confirm down payment                                                                     1.82s  
  Γ£ô cannot confirm already confirmed payment                                                                     1.33s  
  Γ£ô cannot confirm cash payment                                                                                  1.30s  
  Γ¿» can view confirmation history                                                                                4.56s  
  Γ£ô admin can confirm down payment                                                                               1.57s  
  Γ£ô unauthorized user cannot access accounting routes                                                            0.77s  

   PASS  Tests\Feature\Credit\CreditBookingTest
  Γ£ô can list confirmed bookings                                                                                  2.16s  
  Γ£ô can filter bookings by credit status                                                                         1.41s  
  Γ£ô can list negotiation bookings                                                                                1.61s  
  Γ£ô can list waiting bookings                                                                                    0.76s  
  Γ£ô can show booking details                                                                                     1.87s  
  Γ£ô returns 404 for nonexistent booking                                                                          0.75s  

   FAIL  Tests\Feature\Credit\CreditDashboardTest
  Γ£ô credit user can access dashboard                                                                             1.04s  
  Γ£ô admin can access credit dashboard                                                                            1.04s  
  Γ¿» unauthenticated user cannot access dashboard                                                                 0.79s  
  Γ£ô dashboard reflects accurate kpis                                                                             2.45s  
  Γ£ô dashboard reflects projects in progress and rejected by bank                                                 4.14s  
  Γ£ô dashboard includes arabic labels                                                                             1.02s  
  Γ£ô dashboard includes stage labels ar                                                                           0.98s  
  Γ£ô dashboard reflects requires review count with overdue stage                                                  2.43s  
  Γ£ô dashboard includes title transfer breakdown                                                                  1.01s  
  Γ£ô can refresh dashboard cache                                                                                  0.97s  

   PASS  Tests\Feature\Credit\CreditFinancingTest
  Γ£ô can initialize financing tracker                                                                             1.18s  
  Γ£ô cannot initialize tracker for cash purchase                                                                  1.83s  
  Γ£ô cannot initialize duplicate tracker                                                                          1.48s  
  Γ£ô can complete stage 1                                                                                         1.23s  
  Γ£ô stage 1 requires bank name                                                                                   1.17s  
  Γ£ô cannot skip stages                                                                                           1.11s  
  Γ£ô can reject financing                                                                                         1.09s  
  Γ£ô can get financing tracker status                                                                             1.46s  
  Γ£ô advance initializes when no tracker                                                                          2.67s  
  Γ£ô advance completes current stage when tracker exists                                                          1.19s  

   PASS  Tests\Feature\Credit\CreditNotificationControllerTest
  Γ£ô credit user can list notifications                                                                           5.12s  
  Γ£ô credit user can mark notification as read                                                                    5.10s  
  Γ£ô unauthenticated user cannot list notifications                                                               4.75s  

   PASS  Tests\Feature\Credit\TitleTransferTest
  Γ£ô can initialize title transfer for cash purchase                                                              1.47s  
  Γ£ô can initialize title transfer after financing completed                                                      1.27s  
  Γ£ô cannot initialize title transfer before financing completed                                                  1.78s  
  Γ£ô can schedule title transfer                                                                                  4.25s  
  Γ£ô cannot schedule with past date                                                                               1.47s  
  Γ£ô can complete title transfer                                                                                  1.74s  
  Γ£ô can list sold projects                                                                                       1.74s  
  Γ£ô can list pending title transfers                                                                             1.85s  

   FAIL  Tests\Feature\DevelopersApiTest
  Γ¿» developer list requires auth                                                                                 4.79s  
  Γ£ô developer list requires contracts view permission                                                            4.91s  
  Γ¿» developer list returns unique developers with projects units teams                                           6.88s  
  Γ£ô developer list empty returns arabic message                                                                  5.10s  
  Γ¿» accounting user can access developers list                                                                   5.37s  
  Γ£ô developer detail returns 200 with same data shape for known developer                                        5.46s  
  Γ£ô developer detail returns 404 for unknown developer number                                                    5.04s  

   FAIL  Tests\Feature\EmployeeRoleTest
  Γ¿» admin can list all roles                                                                                     0.58s  
  Γ¿» non admin cannot list roles                                                                                  0.59s  
  Γ¿» admin can add employee with specific role                                                                    0.56s  
  Γ¿» admin can add employee without role and it syncs from type                                                   0.57s  
  Γ¿» validation fails when role does not exist                                                                    0.58s  
  Γ¿» admin can update employee role                                                                               0.60s  
  Γ¿» admin can update employee without role and it syncs from type                                                0.60s  
  Γ¿» validation fails when updating with nonexistent role                                                         0.60s  
  Γ¿» admin can assign different role than type suggests                                                           0.57s  
  Γ¿» roles endpoint returns all available roles                                                                   0.57s  

   PASS  Tests\Feature\ExampleTest
  Γ£ô the application returns a successful response                                                                0.24s  

   PASS  Tests\Feature\ExclusiveProjectTest
  Γ£ô sales staff can create exclusive project request                                                             0.51s  
  Γ£ô hr staff cannot create exclusive project request                                                             0.50s  
  Γ£ô can retrieve exclusive project requests                                                                      0.53s  
  Γ£ô can get single exclusive project request                                                                     0.53s  
  Γ£ô project manager can approve exclusive project request                                                        0.56s  
  Γ£ô sales staff cannot approve exclusive project request                                                         0.53s  
  Γ£ô project manager can reject exclusive project request                                                         0.55s  
  Γ£ô can complete contract for approved request                                                                   0.79s  
  Γ£ô cannot complete contract for pending request                                                                 0.53s  

   PASS  Tests\Feature\HR\EmployeeWarningTest
  Γ£ô hr user can list employee warnings                                                                           0.83s  
  Γ£ô hr user can issue warning                                                                                    0.79s  
  Γ£ô hr user can delete warning                                                                                   0.80s  
  Γ£ô warnings can be filtered by year                                                                             0.80s  
  Γ£ô warnings can be filtered by type                                                                             0.81s  

   FAIL  Tests\Feature\HR\HrDashboardTest
  Γ£ô hr user can access dashboard                                                                                 5.12s  
  Γ£ô non hr user cannot access dashboard                                                                          5.14s  
  Γ¿» unauthenticated user cannot access dashboard                                                                 4.87s  
  Γ£ô dashboard returns correct employee count                                                                     5.04s  
  Γ£ô dashboard accepts year and month filters                                                                     5.04s  
  Γ£ô hr user can refresh dashboard cache                                                                          4.99s  

   PASS  Tests\Feature\HR\HrReportTest
  Γ£ô hr user can access team performance report                                                                   0.80s  
  Γ£ô hr user can access marketer performance report                                                               0.82s  
  Γ£ô marketer performance report can be filtered by team                                                          0.79s  
  Γ£ô hr user can access employee count report                                                                     0.81s  
  Γ£ô hr user can access expiring contracts report                                                                 0.79s  
  Γ£ô expiring contracts report respects days parameter                                                            0.77s  
  Γ£ô hr user can access ended contracts report                                                                    0.80s  

   PASS  Tests\Feature\HR\HrTeamTest
  Γ£ô hr user can list teams                                                                                       0.80s  
  Γ£ô hr user can create team                                                                                      0.74s  
  Γ£ô hr user can view team details                                                                                0.75s  
  Γ£ô hr user can update team                                                                                      0.74s  
  Γ£ô hr user can delete team                                                                                      0.75s  
  Γ£ô hr user can assign member to team                                                                            0.76s  
  Γ£ô hr user can remove member from team                                                                          0.74s  

   FAIL  Tests\Feature\HR\HrUserTest
  Γ¿» hr user can list employees                                                                                   0.82s  
  Γ£ô hr user can filter employees by status                                                                       0.79s  
  Γ£ô hr user can filter employees by type                                                                         0.81s  
  Γ£ô hr user can view employee profile                                                                            0.81s  
  Γ£ô hr user can create employee                                                                                  0.82s  
  Γ£ô hr user can update employee                                                                                  0.80s  
  Γ£ô hr user can toggle employee status                                                                           0.80s  
  Γ£ô hr user can delete employee                                                                                  0.77s  
  Γ£ô hr user can upload employee files                                                                            0.80s  

   PASS  Tests\Feature\HealthEndpointTest
  Γ£ô api health returns 200 and ok status                                                                         0.18s  
  Γ£ô up route returns 200                                                                                         0.18s  

   PASS  Tests\Feature\MarketingLeadTest
  Γ£ô marketing user can list leads                                                                                5.90s  
  Γ£ô marketing user can create lead                                                                               5.35s  
  Γ£ô marketing user can update lead                                                                               5.63s  
  Γ£ô marketing user can convert lead                                                                              6.70s  
  Γ£ô marketing user can assign lead                                                                               5.48s  
  Γ£ô assign lead requires assigned to field                                                                       5.83s  
  Γ£ô assign lead validates user exists                                                                            5.36s  
  Γ£ô non marketing user cannot access leads                                                                       4.74s  

   PASS  Tests\Feature\MarketingSettingsTest
  Γ£ô marketing user can list settings                                                                             5.06s  
  Γ£ô marketing user can update setting                                                                            5.14s  
  Γ£ô setting value is required                                                                                    5.17s  
  Γ£ô conversion rate update validation                                                                            5.10s  

   PASS  Tests\Feature\Marketing\ExpectedSalesRoutesTest
  Γ£ô it can create expected sales via post route                                                                  5.42s  
  Γ£ô it can list expected sales via get route                                                                     5.54s  
  Γ£ô it can filter expected sales by project id                                                                   5.49s  
  Γ£ô it requires project id for post route                                                                        5.40s  
  Γ£ô existing route with project id still works                                                                   6.06s  
  Γ£ô it updates expected booking value using new expected count                                                   5.70s  

   PASS  Tests\Feature\Marketing\LeadManagementTest
  Γ£ô it can create lead                                                                                           6.54s  
  Γ£ô it can list leads                                                                                           10.75s  

   PASS  Tests\Feature\Marketing\MarketingAuthorizationTest
  Γ£ô unauthorized user cannot access marketing dashboard                                                          4.89s  
  Γ£ô marketing user can access marketing dashboard                                                                5.00s  
  Γ£ô unauthorized user cannot create lead                                                                         4.69s  
  Γ£ô invalid lead payload returns 422                                                                             5.03s  

   PASS  Tests\Feature\Marketing\MarketingBudgetDistributionTest
  Γ£ô it can create budget distribution for employee plan                                                          5.33s  
  Γ£ô it can create budget distribution for developer plan                                                         5.51s  
  Γ£ô it validates platform distribution sums to 100 percent                                                       5.57s  
  Γ£ô it validates platform objectives sums to 100 percent                                                         5.61s  
  Γ£ô it calculates budget distribution correctly                                                                  5.65s  
  Γ£ô it can retrieve budget distribution by project id                                                            5.39s  
  Γ£ô it can recalculate budget distribution                                                                       5.61s  
  Γ£ô it can retrieve calculated results                                                                           5.48s  
  Γ£ô unauthorized user cannot access budget distributions                                                         6.14s  
  Γ£ô it handles zero division gracefully                                                                          7.74s  

   PASS  Tests\Feature\Marketing\MarketingDashboardTest
  Γ£ô it can retrieve dashboard kpis                                                                               2.29s  

   PASS  Tests\Feature\Marketing\MarketingImageUploadNotificationTest
  Γ£ô it stores media and sends notifications when image is uploaded                                               0.66s  

   PASS  Tests\Feature\Marketing\MarketingPlanTest
  Γ£ô it can create developer marketing plan                                                                       0.77s  
  Γ£ô it can auto generate employee plan                                                                           5.89s  
  Γ£ô it can create employee plan with fixed distributions                                                         0.96s  
  Γ£ô it can store campaign distribution by platform                                                              12.87s  

   PASS  Tests\Feature\Marketing\MarketingPlansRoutesTest
  Γ£ô it can access developer plan via alias route                                                                 6.49s  
  Γ£ô it can create developer plan via alias route                                                                 5.53s  
  Γ£ô it can access employee plans via alias route                                                                 5.48s  
  Γ£ô it can access employee plan by id via alias route                                                            5.46s  
  Γ£ô it can create employee plan via alias route                                                                  5.49s  
  Γ£ô old routes still work for backward compatibility                                                             5.77s  

   FAIL  Tests\Feature\Marketing\MarketingProjectTest
  Γ¿» it can list marketing projects                                                                               5.54s  
  Γ¿» it can show project details with duration status                                                             5.46s  
  Γ£ô it can calculate campaign budget                                                                             5.77s  
  Γ£ô it uses contract duration months for monthly budget when available                                           5.42s  

   PASS  Tests\Feature\Marketing\MarketingReportExportTest
  Γ£ô it exports employee plan as pdf                                                                              1.45s  
  Γ£ô it exports employee plan as excel                                                                            1.06s  
  Γ£ô it returns expected bookings report with deposit value per booking                                           0.91s  

   PASS  Tests\Feature\Marketing\MarketingTaskTest
  Γ£ô it can create marketing task                                                                                 5.62s  
  Γ£ô it can update task status                                                                                    6.74s  
  Γ£ô it rejects cancelled status to match database enum                                                           6.02s  
  Γ£ô it returns 422 when required fields are missing                                                              5.15s  
  Γ£ô it returns 422 with proper error messages                                                                    5.11s  
  Γ£ô it validates contract id exists                                                                              5.07s  
  Γ£ô it validates marketer id exists                                                                              5.73s  

   PASS  Tests\Feature\Marketing\MarketingTeamsTest
  Γ£ô it can list marketing teams                                                                                  5.18s  
  Γ£ô it can assign campaign to team                                                                               5.75s  
  Γ£ô it requires team id and campaign id                                                                          5.14s  
  Γ£ô it validates team exists                                                                                     6.63s  
  Γ£ô it validates campaign exists                                                                                 5.19s  
  Γ£ô it requires permission to view teams                                                                         5.12s  
  Γ£ô it requires permission to assign campaign                                                                    5.73s  

   PASS  Tests\Feature\PermissionsTest
  Γ£ô project management staff has correct permissions                                                             0.54s  
  Γ£ô project management manager has additional permissions                                                        0.51s  
  Γ£ô sales staff has correct permissions                                                                          0.49s  
  Γ£ô sales leader has additional permissions                                                                      0.52s  
  Γ£ô hr staff does not have exclusive project permissions                                                         0.49s  
  Γ£ô editing staff has correct permissions                                                                        0.51s  
  Γ£ô marketing staff has correct permissions                                                                      0.50s  

   PASS  Tests\Feature\Registration\UserRegistrationPermissionTest
  Γ£ô marketing user has permissions immediately after creation                                                    5.08s  
  Γ£ô sales user has permissions immediately after creation                                                        5.05s  
  Γ£ô user with explicit role has permissions immediately                                                          5.06s  
  Γ£ô permission cache is cleared after role assignment                                                            5.08s  
  Γ£ô user can access endpoints immediately after creation                                                         4.96s  
  Γ£ô sales user can access sales endpoints immediately                                                            5.05s  
  Γ£ô user update syncs permissions correctly                                                                      5.32s  
  Γ£ô role existence verification prevents errors                                                                  4.76s  
  Γ£ô sync roles from type clears permission cache                                                                 5.16s  
  Γ£ô multiple role assignments dont duplicate permissions                                                         5.10s  

   FAIL  Tests\Feature\SalesMarketingTaskTest
  Γ£ô marketing user can list daily tasks                                                                          6.20s  
  Γ¿» marketing user can create task                                                                               5.59s  
  Γ¿» marketing user can update task status                                                                        6.36s  
  Γ£ô task status validation                                                                                       5.62s  
  Γ£ô can filter tasks by status                                                                                   5.99s  

   PASS  Tests\Feature\Sales\NegotiationApprovalTest
  Γ£ô sales leader can view pending negotiations                                                                   2.52s  
  Γ£ô regular sales user cannot view negotiations                                                                  1.47s  
  Γ£ô sales leader can approve negotiation                                                                         2.15s  
  Γ£ô sales leader can reject negotiation                                                                          2.68s  
  Γ£ô cannot approve expired negotiation                                                                           1.59s  
  Γ£ô expire command expires overdue approvals                                                                     1.50s  
  Γ£ô full negotiation workflow converts to confirmed and notifies credit                                          2.61s  

   PASS  Tests\Feature\Sales\PaymentPlanTest
  Γ£ô sales leader can create payment plan                                                                         1.69s  
  Γ£ô regular sales user cannot create payment plan                                                                1.29s  
  Γ£ô cannot create payment plan for non off plan project                                                          1.75s  
  Γ£ô cannot create duplicate payment plan                                                                         1.52s  
  Γ£ô sales leader can view payment plan                                                                           1.49s  
  Γ£ô sales leader can update installment                                                                          1.29s  
  Γ£ô cannot update already paid installment                                                                       1.27s  
  Γ£ô sales leader can delete pending installment                                                                  1.25s  
  Γ£ô cannot delete paid installment                                                                               1.41s  
  Γ£ô cannot create payment plan without down payment confirmation for bank transfer                               1.48s  
  Γ£ô can create payment plan with confirmed down payment for bank transfer                                        1.37s  
  Γ£ô can create payment plan for cash without confirmation                                                        2.06s  
  Γ£ô cannot create payment plan without down payment confirmation for bank financing                              1.31s  

   PASS  Tests\Feature\Sales\SalesAttendanceTest
  Γ£ô employee can view their schedules                                                                            5.67s  
  Γ£ô leader can create schedule for team member                                                                   5.91s  
  Γ£ô employee cannot create schedule                                                                              5.38s  
  Γ£ô leader can view team schedules                                                                               5.78s  
  Γ£ô filter team schedules by user                                                                                5.54s  
  Γ£ô filter schedules by date range                                                                               5.57s  
  Γ£ô filter team schedules by project                                                                             6.20s  
  Γ£ô create schedule validates required fields                                                                    5.58s  
  Γ£ô leader can update project emergency contacts                                                                 6.57s  
  Γ£ô employee cannot update emergency contacts                                                                    5.53s  

   FAIL  Tests\Feature\Sales\SalesAuthorizationTest
  Γ¿» dashboard requires authentication                                                                            5.43s  
  Γ£ô dashboard requires sales role                                                                                5.28s  
  Γ£ô sales employee can access dashboard                                                                          5.66s  
  Γ£ô admin can access dashboard                                                                                   5.37s  
  Γ£ô projects list requires sales role                                                                            5.12s  
  Γ£ô sales employee can list projects                                                                             5.59s  
  Γ£ô employee can view own reservations                                                                           5.40s  
  Γ£ô employee cannot view other users reservation details                                                         5.51s  
  Γ£ô admin can access all reservations                                                                            5.42s  
  Γ£ô leader can create targets                                                                                    5.84s  
  Γ£ô employee cannot create targets                                                                               5.78s  
  Γ£ô marketer can update own target status                                                                        5.50s  
  Γ£ô marketer cannot update other marketers target                                                                5.55s  
  Γ£ô leader can access team projects                                                                              5.55s  
  Γ£ô employee cannot access team projects                                                                         5.14s  
  Γ£ô leader can access team members                                                                               6.70s  
  Γ£ô employee cannot access team members                                                                          5.75s  
  Γ£ô leader can update emergency contacts                                                                         5.79s  
  Γ£ô employee cannot update emergency contacts                                                                    5.53s  
  Γ£ô employee can view own attendance                                                                             5.64s  
  Γ£ô leader can view team attendance                                                                              5.70s  
  Γ£ô employee cannot view team attendance                                                                         5.41s  
  Γ£ô leader can create attendance schedule                                                                        5.20s  
  Γ£ô employee cannot create attendance schedule                                                                   5.38s  
  Γ£ô leader can create marketing tasks                                                                            5.90s  
  Γ£ô employee cannot create marketing tasks                                                                      10.24s  
  Γ£ô leader can update marketing task status                                                                      5.98s  
  Γ£ô employee cannot update marketing task status                                                                 5.59s  
  Γ¿» admin can assign projects to leaders                                                                         5.45s  
  Γ£ô sales leader cannot assign projects                                                                          4.99s  
  Γ£ô non sales user cannot access any sales endpoints                                                             5.25s  

   FAIL  Tests\Feature\Sales\SalesDashboardTest
  Γ£ô dashboard returns kpi counts                                                                                 5.37s  
  Γ£ô dashboard scope me filters by employee                                                                       5.35s  
  Γ£ô dashboard scope team filters by team                                                                         5.32s  
  Γ£ô dashboard calculates percent confirmed correctly                                                             5.33s  
  Γ£ô dashboard date range filters correctly                                                                       5.52s  
  Γ¿» dashboard requires authentication                                                                            4.77s  
  Γ£ô dashboard requires sales role                                                                                4.80s  
  Γ£ô projects under marketing counts only sales available projects                                                5.73s  
  Γ£ô dashboard returns financial kpis                                                                             5.81s  

   FAIL  Tests\Feature\Sales\SalesEdgeCasesTest
  Γ£ô reservation list filters                                                                                     6.07s  
  Γ£ô schedule overlap validation                                                                                  5.70s  
  Γ£ô emergency contacts update leader not assigned                                                                5.61s  
  Γ¿» voucher download error paths                                                                                 6.11s  

   PASS  Tests\Feature\Sales\SalesInsightsTest
  Γ£ô sales sold units endpoint returns expected fields                                                            5.69s  
  Γ£ô sales unit commission summary endpoint returns summary                                                       5.61s  
  Γ£ô sales deposits management endpoint returns data                                                              5.49s  
  Γ£ô sales deposits follow up endpoint returns data                                                               5.43s  

   PASS  Tests\Feature\Sales\SalesMarketingTaskTest
  Γ£ô leader can create marketing task                                                                             5.71s  
  Γ£ô marketer cannot create marketing task                                                                        5.79s  
  Γ£ô leader can update task status                                                                                5.86s  
  Γ£ô marketer cannot update task status                                                                           5.61s  
  Γ£ô leader can list task projects                                                                                5.54s  
  Γ£ô leader can view project for tasks                                                                            5.35s  
  Γ£ô create task validates required fields                                                                        5.31s  
  Γ£ô task defaults participating marketers count to 4                                                             5.68s  
  Γ£ô task optional fields can be null                                                                             5.51s  
  Γ£ô update task validates status enum                                                                            5.66s  

   FAIL  Tests\Feature\Sales\SalesProjectTest
  Γ£ô project status pending when contract not ready                                                               5.58s  
  Γ£ô project status pending when units have zero price                                                            5.57s  
  Γ£ô project status available when ready and all units priced                                                     5.62s  
  Γ£ô unit can reserve when project available and no reservation                                                   5.64s  
  Γ£ô unit cannot reserve when active reservation exists                                                           5.66s  
  Γ£ô unit computed availability reserved when confirmed                                                          10.40s  
  Γ£ô cancelled reservation does not affect availability                                                           6.70s  
  Γ¿» projects list returns paginated results                                                                      8.48s  
  Γ£ô project units can be filtered by floor                                                                       5.47s  
  Γ£ô reservation context provides complete data                                                                   5.73s  
  Γ£ô project assignment with date range                                                                           5.66s  
  Γ£ô project assignment prevents overlapping                                                                      5.80s  
  Γ£ô get my assignments                                                                                           5.67s  
  Γ£ô project shows remaining days                                                                                 6.00s  
  Γ£ô sales user sees only own reservations                                                                       10.54s  

   PASS  Tests\Feature\Sales\SalesReservationDoubleBookingTest
  Γ£ô first reservation succeeds                                                                                   6.29s  
  Γ£ô second reservation fails with 409 conflict                                                                   6.28s  
  Γ£ô reservation after cancellation succeeds                                                                      7.06s  
  Γ£ô negotiation reservation prevents double booking                                                              6.21s  
  Γ£ô confirmed reservation prevents negotiation                                                                   6.36s  
  Γ£ô unit status updated to reserved on reservation                                                               6.41s  
  Γ£ô unit status reverted to available on cancellation                                                            6.45s  
  Γ£ô multiple cancelled reservations allowed for same unit                                                        8.19s  

   PASS  Tests\Feature\Sales\SalesReservationTest
  Γ£ô create reservation requires all fields                                                                       5.97s  
  Γ£ô negotiation type requires negotiation notes                                                                  5.58s  
  Γ£ô create reservation generates voucher pdf                                                                     6.57s  
  Γ£ô create reservation stores snapshot                                                                           7.36s  
  Γ£ô create reservation rejects unit from different contract                                                      5.63s  
  Γ£ô log action with arabic types                                                                                 5.88s  
  Γ£ô negotiation reservation creates under negotiation status                                                     6.37s  
  Γ£ô confirmed reservation creates confirmed status                                                               6.40s  
  Γ£ô confirm reservation updates status                                                                           6.43s  
  Γ£ô cannot confirm already confirmed reservation                                                                 5.37s  
  Γ£ô cancel reservation updates status                                                                            5.73s  
  Γ£ô log action on reservation                                                                                    5.38s  
  Γ£ô list my reservations                                                                                         5.58s  
  Γ£ô filter reservations by status                                                                                5.58s  
  Γ£ô download voucher returns pdf                                                                                 5.55s  
  Γ£ô cannot download other users voucher                                                                          5.52s  

   PASS  Tests\Feature\Sales\SalesTargetTest
  Γ£ô leader can create target                                                                                     5.57s  
  Γ£ô marketer cannot create target                                                                                6.85s  
  Γ£ô marketer can view their targets                                                                              6.38s  
  Γ£ô marketer can update their target status                                                                      5.89s  
  Γ£ô marketer cannot update other marketers target                                                                6.35s  
  Γ£ô filter targets by status                                                                                     5.87s  
  Γ£ô filter targets by date range                                                                                 5.71s  
  Γ£ô target can be project level without unit                                                                     5.39s  

   FAIL  Tests\Feature\TaskTest
  Γ£ô store creates task and returns 201                                                                           0.25s  
  Γ¿» store returns 401 when unauthenticated                                                                       0.19s  
  Γ£ô store returns 422 when required fields missing                                                               0.19s  
  Γ£ô store returns 422 when team id invalid                                                                       0.19s  
  Γ£ô store returns 422 when status invalid                                                                        0.20s  
  Γ£ô my tasks returns only assigned tasks and 200                                                                 0.21s  
  Γ¿» my tasks returns 401 when unauthenticated                                                                    0.21s  
  Γ£ô my tasks can filter by status                                                                                0.20s  
  Γ£ô update status allows assignee to update and returns 200                                                      0.20s  
  Γ£ô update status requires reason when could not complete                                                        0.20s  
  Γ£ô update status accepts could not complete with reason                                                         0.20s  
  Γ£ô update status returns 403 when user is not assignee                                                          0.20s  
  Γ£ô update status returns 404 when task not found                                                                0.21s  
  Γ£ô update status returns 422 when status invalid                                                                0.20s  
  Γ£ô hr alias store creates task and returns 201                                                                  0.21s  
  Γ£ô hr alias my tasks returns only assigned tasks and 200                                                        0.20s  
  Γ£ô hr alias update status returns 200                                                                           0.21s  

   FAIL  Tests\Feature\WaitingListTest
  Γ¿» sales staff can create waiting list entry                                                                    1.07s  
  Γ£ô can retrieve waiting list entries                                                                            1.48s  
  Γ£ô can get waiting list for specific unit                                                                       1.23s  
  Γ¿» sales leader can convert waiting list to reservation                                                         1.69s  
  Γ£ô sales staff cannot convert waiting list                                                                      0.96s  
  Γ¿» can cancel waiting list entry                                                                                1.57s  

   FAIL  Tests\Integration\AI\AIAssistantIntegrationIntegTest
  Γ¿» full ask flow                                                                                                0.48s  
  Γ¿» full chat flow with history                                                                                  0.49s  
  Γ¿» conversation summary creation                                                                                0.48s  
  Γ¿» multiple sessions isolation                                                                                  0.50s  
  Γ¿» capability resolution flow                                                                                   0.46s  
  Γ¿» context building flow                                                                                        0.49s  
  Γ¿» error handling flow                                                                                          0.45s  
  Γ¿» delete session flow                                                                                          0.49s  
  ΓöÇΓöÇΓöÇΓöÇΓöÇΓöÇΓöÇΓöÇΓöÇΓöÇΓöÇΓöÇΓöÇΓöÇΓöÇΓöÇΓöÇΓöÇΓöÇΓöÇΓöÇΓöÇΓöÇΓöÇΓöÇΓöÇΓöÇΓöÇΓöÇΓöÇΓöÇΓöÇΓöÇΓöÇΓöÇΓöÇΓöÇΓöÇΓöÇΓöÇΓöÇΓöÇΓöÇΓöÇΓöÇΓöÇΓöÇΓöÇΓöÇΓöÇΓöÇΓöÇΓöÇΓöÇΓöÇΓöÇΓöÇΓöÇΓöÇΓöÇΓöÇΓöÇΓöÇΓöÇΓöÇΓöÇΓöÇΓöÇΓöÇΓöÇΓöÇΓöÇΓöÇΓöÇΓöÇΓöÇΓöÇΓöÇΓöÇΓöÇΓöÇΓöÇΓöÇΓöÇΓöÇΓöÇΓöÇΓöÇΓöÇΓöÇΓöÇΓöÇΓöÇΓöÇΓöÇΓöÇΓöÇΓöÇΓöÇΓöÇΓöÇΓöÇΓöÇΓöÇΓöÇΓöÇΓöÇΓöÇΓöÇΓöÇΓöÇΓöÇΓöÇΓöÇΓöÇΓöÇ  
   FAILED  Tests\Feature\AI\AIAssistantControllerTest > ask endpoint requires authentication                            
  Expected response status code [401] but received 500.
Failed asserting that 500 is identical to 401.

  at tests\Feature\AI\AIAssistantControllerTest.php:23
     19Γûò         $response = $this->postJson('/api/ai/ask', [
     20Γûò             'question' => 'Test question',
     21Γûò         ]);
     22Γûò 
  Γ₧£  23Γûò         $response->assertUnauthorized();
     24Γûò     }
     25Γûò 
     26Γûò     public function test_ask_endpoint_validates_question_required(): void
     27Γûò     {

  ΓöÇΓöÇΓöÇΓöÇΓöÇΓöÇΓöÇΓöÇΓöÇΓöÇΓöÇΓöÇΓöÇΓöÇΓöÇΓöÇΓöÇΓöÇΓöÇΓöÇΓöÇΓöÇΓöÇΓöÇΓöÇΓöÇΓöÇΓöÇΓöÇΓöÇΓöÇΓöÇΓöÇΓöÇΓöÇΓöÇΓöÇΓöÇΓöÇΓöÇΓöÇΓöÇΓöÇΓöÇΓöÇΓöÇΓöÇΓöÇΓöÇΓöÇΓöÇΓöÇΓöÇΓöÇΓöÇΓöÇΓöÇΓöÇΓöÇΓöÇΓöÇΓöÇΓöÇΓöÇΓöÇΓöÇΓöÇΓöÇΓöÇΓöÇΓöÇΓöÇΓöÇΓöÇΓöÇΓöÇΓöÇΓöÇΓöÇΓöÇΓöÇΓöÇΓöÇΓöÇΓöÇΓöÇΓöÇΓöÇΓöÇΓöÇΓöÇΓöÇΓöÇΓöÇΓöÇΓöÇΓöÇΓöÇΓöÇΓöÇΓöÇΓöÇΓöÇΓöÇΓöÇΓöÇΓöÇΓöÇΓöÇΓöÇΓöÇΓöÇΓöÇΓöÇΓöÇΓöÇ  
   FAILED  Tests\Feature\AI\AIAssistantControllerTest > chat endpoint requires authentication                           
  Expected response status code [401] but received 500.
Failed asserting that 500 is identical to 401.

  at tests\Feature\AI\AIAssistantControllerTest.php:107
    103Γûò         $response = $this->postJson('/api/ai/chat', [
    104Γûò             'message' => 'Test message',
    105Γûò         ]);
    106Γûò 
  Γ₧£ 107Γûò         $response->assertUnauthorized();
    108Γûò     }
    109Γûò 
    110Γûò     public function test_chat_endpoint_validates_message_required(): void
    111Γûò     {

  ΓöÇΓöÇΓöÇΓöÇΓöÇΓöÇΓöÇΓöÇΓöÇΓöÇΓöÇΓöÇΓöÇΓöÇΓöÇΓöÇΓöÇΓöÇΓöÇΓöÇΓöÇΓöÇΓöÇΓöÇΓöÇΓöÇΓöÇΓöÇΓöÇΓöÇΓöÇΓöÇΓöÇΓöÇΓöÇΓöÇΓöÇΓöÇΓöÇΓöÇΓöÇΓöÇΓöÇΓöÇΓöÇΓöÇΓöÇΓöÇΓöÇΓöÇΓöÇΓöÇΓöÇΓöÇΓöÇΓöÇΓöÇΓöÇΓöÇΓöÇΓöÇΓöÇΓöÇΓöÇΓöÇΓöÇΓöÇΓöÇΓöÇΓöÇΓöÇΓöÇΓöÇΓöÇΓöÇΓöÇΓöÇΓöÇΓöÇΓöÇΓöÇΓöÇΓöÇΓöÇΓöÇΓöÇΓöÇΓöÇΓöÇΓöÇΓöÇΓöÇΓöÇΓöÇΓöÇΓöÇΓöÇΓöÇΓöÇΓöÇΓöÇΓöÇΓöÇΓöÇΓöÇΓöÇΓöÇΓöÇΓöÇΓöÇΓöÇΓöÇΓöÇΓöÇΓöÇΓöÇ  
   FAILED  Tests\Feature\AI\AIAssistantControllerTest > sections endpoint requires authentication                       
  Expected response status code [401] but received 500.
Failed asserting that 500 is identical to 401.

  at tests\Feature\AI\AIAssistantControllerTest.php:184
    180Γûò     public function test_sections_endpoint_requires_authentication(): void
    181Γûò     {
    182Γûò         $response = $this->getJson('/api/ai/sections');
    183Γûò 
  Γ₧£ 184Γûò         $response->assertUnauthorized();
    185Γûò     }
    186Γûò 
    187Γûò     public function test_sections_endpoint_filters_by_capabilities(): void
    188Γûò     {

  ΓöÇΓöÇΓöÇΓöÇΓöÇΓöÇΓöÇΓöÇΓöÇΓöÇΓöÇΓöÇΓöÇΓöÇΓöÇΓöÇΓöÇΓöÇΓöÇΓöÇΓöÇΓöÇΓöÇΓöÇΓöÇΓöÇΓöÇΓöÇΓöÇΓöÇΓöÇΓöÇΓöÇΓöÇΓöÇΓöÇΓöÇΓöÇΓöÇΓöÇΓöÇΓöÇΓöÇΓöÇΓöÇΓöÇΓöÇΓöÇΓöÇΓöÇΓöÇΓöÇΓöÇΓöÇΓöÇΓöÇΓöÇΓöÇΓöÇΓöÇΓöÇΓöÇΓöÇΓöÇΓöÇΓöÇΓöÇΓöÇΓöÇΓöÇΓöÇΓöÇΓöÇΓöÇΓöÇΓöÇΓöÇΓöÇΓöÇΓöÇΓöÇΓöÇΓöÇΓöÇΓöÇΓöÇΓöÇΓöÇΓöÇΓöÇΓöÇΓöÇΓöÇΓöÇΓöÇΓöÇΓöÇΓöÇΓöÇΓöÇΓöÇΓöÇΓöÇΓöÇΓöÇΓöÇΓöÇΓöÇΓöÇΓöÇΓöÇΓöÇΓöÇΓöÇΓöÇΓöÇ  
   FAILED  Tests\Feature\AI\AIAssistantControllerTest > conversations endpoint requires authentication                  
  Expected response status code [401] but received 500.
Failed asserting that 500 is identical to 401.

  at tests\Feature\AI\AIAssistantControllerTest.php:207
    203Γûò     public function test_conversations_endpoint_requires_authentication(): void
    204Γûò     {
    205Γûò         $response = $this->getJson('/api/ai/conversations');
    206Γûò 
  Γ₧£ 207Γûò         $response->assertUnauthorized();
    208Γûò     }
    209Γûò 
    210Γûò     public function test_conversations_endpoint_paginates_results(): void
    211Γûò     {

  ΓöÇΓöÇΓöÇΓöÇΓöÇΓöÇΓöÇΓöÇΓöÇΓöÇΓöÇΓöÇΓöÇΓöÇΓöÇΓöÇΓöÇΓöÇΓöÇΓöÇΓöÇΓöÇΓöÇΓöÇΓöÇΓöÇΓöÇΓöÇΓöÇΓöÇΓöÇΓöÇΓöÇΓöÇΓöÇΓöÇΓöÇΓöÇΓöÇΓöÇΓöÇΓöÇΓöÇΓöÇΓöÇΓöÇΓöÇΓöÇΓöÇΓöÇΓöÇΓöÇΓöÇΓöÇΓöÇΓöÇΓöÇΓöÇΓöÇΓöÇΓöÇΓöÇΓöÇΓöÇΓöÇΓöÇΓöÇΓöÇΓöÇΓöÇΓöÇΓöÇΓöÇΓöÇΓöÇΓöÇΓöÇΓöÇΓöÇΓöÇΓöÇΓöÇΓöÇΓöÇΓöÇΓöÇΓöÇΓöÇΓöÇΓöÇΓöÇΓöÇΓöÇΓöÇΓöÇΓöÇΓöÇΓöÇΓöÇΓöÇΓöÇΓöÇΓöÇΓöÇΓöÇΓöÇΓöÇΓöÇΓöÇΓöÇΓöÇΓöÇΓöÇΓöÇΓöÇΓöÇ  
   FAILED  Tests\Feature\AI\AIAssistantControllerTest > conversations endpoint paginates results                        
  Failed asserting that an array has the key 'current_page'.

  at tests\Feature\AI\AIAssistantControllerTest.php:222
    218Γûò 
    219Γûò         $response = $this->getJson('/api/ai/conversations?per_page=1');
    220Γûò 
    221Γûò         $response->assertOk();
  Γ₧£ 222Γûò         $response->assertJsonStructure([
    223Γûò             'success',
    224Γûò             'data',
    225Γûò             'meta' => [
    226Γûò                 'current_page',

  ΓöÇΓöÇΓöÇΓöÇΓöÇΓöÇΓöÇΓöÇΓöÇΓöÇΓöÇΓöÇΓöÇΓöÇΓöÇΓöÇΓöÇΓöÇΓöÇΓöÇΓöÇΓöÇΓöÇΓöÇΓöÇΓöÇΓöÇΓöÇΓöÇΓöÇΓöÇΓöÇΓöÇΓöÇΓöÇΓöÇΓöÇΓöÇΓöÇΓöÇΓöÇΓöÇΓöÇΓöÇΓöÇΓöÇΓöÇΓöÇΓöÇΓöÇΓöÇΓöÇΓöÇΓöÇΓöÇΓöÇΓöÇΓöÇΓöÇΓöÇΓöÇΓöÇΓöÇΓöÇΓöÇΓöÇΓöÇΓöÇΓöÇΓöÇΓöÇΓöÇΓöÇΓöÇΓöÇΓöÇΓöÇΓöÇΓöÇΓöÇΓöÇΓöÇΓöÇΓöÇΓöÇΓöÇΓöÇΓöÇΓöÇΓöÇΓöÇΓöÇΓöÇΓöÇΓöÇΓöÇΓöÇΓöÇΓöÇΓöÇΓöÇΓöÇΓöÇΓöÇΓöÇΓöÇΓöÇΓöÇΓöÇΓöÇΓöÇΓöÇΓöÇΓöÇΓöÇΓöÇ  
   FAILED  Tests\Feature\AI\AIAssistantControllerTest > delete session endpoint requires authentication                 
  Expected response status code [401] but received 500.
Failed asserting that 500 is identical to 401.

  at tests\Feature\AI\AIAssistantControllerTest.php:238
    234Γûò     public function test_deleteSession_endpoint_requires_authentication(): void
    235Γûò     {
    236Γûò         $response = $this->deleteJson('/api/ai/conversations/test-session-id');
    237Γûò 
  Γ₧£ 238Γûò         $response->assertUnauthorized();
    239Γûò     }
    240Γûò 
    241Γûò     public function test_deleteSession_endpoint_deletes_session(): void
    242Γûò     {

  ΓöÇΓöÇΓöÇΓöÇΓöÇΓöÇΓöÇΓöÇΓöÇΓöÇΓöÇΓöÇΓöÇΓöÇΓöÇΓöÇΓöÇΓöÇΓöÇΓöÇΓöÇΓöÇΓöÇΓöÇΓöÇΓöÇΓöÇΓöÇΓöÇΓöÇΓöÇΓöÇΓöÇΓöÇΓöÇΓöÇΓöÇΓöÇΓöÇΓöÇΓöÇΓöÇΓöÇΓöÇΓöÇΓöÇΓöÇΓöÇΓöÇΓöÇΓöÇΓöÇΓöÇΓöÇΓöÇΓöÇΓöÇΓöÇΓöÇΓöÇΓöÇΓöÇΓöÇΓöÇΓöÇΓöÇΓöÇΓöÇΓöÇΓöÇΓöÇΓöÇΓöÇΓöÇΓöÇΓöÇΓöÇΓöÇΓöÇΓöÇΓöÇΓöÇΓöÇΓöÇΓöÇΓöÇΓöÇΓöÇΓöÇΓöÇΓöÇΓöÇΓöÇΓöÇΓöÇΓöÇΓöÇΓöÇΓöÇΓöÇΓöÇΓöÇΓöÇΓöÇΓöÇΓöÇΓöÇΓöÇΓöÇΓöÇΓöÇΓöÇΓöÇΓöÇΓöÇΓöÇ  
   FAILED  Tests\Feature\AI\AssistantChatTest > chat requires authentication                                            
  Expected response status code [401] but received 500.
Failed asserting that 500 is identical to 401.

  at tests\Feature\AI\AssistantChatTest.php:55
     51Γûò         $response = $this->postJson('/api/ai/assistant/chat', [
     52Γûò             'message' => 'Hello',
     53Γûò         ]);
     54Γûò 
  Γ₧£  55Γûò         $response->assertStatus(401);
     56Γûò     }
     57Γûò 
     58Γûò     public function test_user_without_permission_cannot_access_chat(): void
     59Γûò     {

  ΓöÇΓöÇΓöÇΓöÇΓöÇΓöÇΓöÇΓöÇΓöÇΓöÇΓöÇΓöÇΓöÇΓöÇΓöÇΓöÇΓöÇΓöÇΓöÇΓöÇΓöÇΓöÇΓöÇΓöÇΓöÇΓöÇΓöÇΓöÇΓöÇΓöÇΓöÇΓöÇΓöÇΓöÇΓöÇΓöÇΓöÇΓöÇΓöÇΓöÇΓöÇΓöÇΓöÇΓöÇΓöÇΓöÇΓöÇΓöÇΓöÇΓöÇΓöÇΓöÇΓöÇΓöÇΓöÇΓöÇΓöÇΓöÇΓöÇΓöÇΓöÇΓöÇΓöÇΓöÇΓöÇΓöÇΓöÇΓöÇΓöÇΓöÇΓöÇΓöÇΓöÇΓöÇΓöÇΓöÇΓöÇΓöÇΓöÇΓöÇΓöÇΓöÇΓöÇΓöÇΓöÇΓöÇΓöÇΓöÇΓöÇΓöÇΓöÇΓöÇΓöÇΓöÇΓöÇΓöÇΓöÇΓöÇΓöÇΓöÇΓöÇΓöÇΓöÇΓöÇΓöÇΓöÇΓöÇΓöÇΓöÇΓöÇΓöÇΓöÇΓöÇΓöÇΓöÇΓöÇ  
   FAILED  Tests\Feature\AI\AssistantKnowledgeTest > knowledge index requires authentication                            
  Expected response status code [401] but received 500.
Failed asserting that 500 is identical to 401.

  at tests\Feature\AI\AssistantKnowledgeTest.php:37
     33Γûò 
     34Γûò     public function test_knowledge_index_requires_authentication(): void
     35Γûò     {
     36Γûò         $response = $this->getJson('/api/ai/assistant/knowledge');
  Γ₧£  37Γûò         $response->assertStatus(401);
     38Γûò     }
     39Γûò 
     40Γûò     public function test_user_without_permission_cannot_list_knowledge(): void
     41Γûò     {

  ΓöÇΓöÇΓöÇΓöÇΓöÇΓöÇΓöÇΓöÇΓöÇΓöÇΓöÇΓöÇΓöÇΓöÇΓöÇΓöÇΓöÇΓöÇΓöÇΓöÇΓöÇΓöÇΓöÇΓöÇΓöÇΓöÇΓöÇΓöÇΓöÇΓöÇΓöÇΓöÇΓöÇΓöÇΓöÇΓöÇΓöÇΓöÇΓöÇΓöÇΓöÇΓöÇΓöÇΓöÇΓöÇΓöÇΓöÇΓöÇΓöÇΓöÇΓöÇΓöÇΓöÇΓöÇΓöÇΓöÇΓöÇΓöÇΓöÇΓöÇΓöÇΓöÇΓöÇΓöÇΓöÇΓöÇΓöÇΓöÇΓöÇΓöÇΓöÇΓöÇΓöÇΓöÇΓöÇΓöÇΓöÇΓöÇΓöÇΓöÇΓöÇΓöÇΓöÇΓöÇΓöÇΓöÇΓöÇΓöÇΓöÇΓöÇΓöÇΓöÇΓöÇΓöÇΓöÇΓöÇΓöÇΓöÇΓöÇΓöÇΓöÇΓöÇΓöÇΓöÇΓöÇΓöÇΓöÇΓöÇΓöÇΓöÇΓöÇΓöÇΓöÇΓöÇΓöÇΓöÇ  
   FAILED  Tests\Feature\Accounting\AccountingDashboardTest > dashboard returns 422 with errors on validation failurΓÇª   
  Unable to find JSON: 

[{
    "success": false,
    "message": "Validation failed."
}]

within response JSON:

[{
    "success": false,
    "message": "╪«╪╖╪ú ┘ü┘è ╪º┘ä╪¬╪¡┘é┘é ┘à┘å ╪º┘ä╪¿┘è╪º┘å╪º╪¬",
    "error_code": "VALIDATION_ERROR",
    "errors": {
        "to_date": [
            "The to date field must be a date after or equal to from date."
        ]
    }
}].


Failed asserting that an array has the subset Array &0 [
    'success' => false,
    'message' => 'Validation failed.',
].
--- Expected
+++ Actual
@@ @@
 array (
   'success' => false,
-  'message' => 'Validation failed.',
+  'message' => '╪«╪╖╪ú ┘ü┘è ╪º┘ä╪¬╪¡┘é┘é ┘à┘å ╪º┘ä╪¿┘è╪º┘å╪º╪¬',
   'error_code' => 'VALIDATION_ERROR',
   'errors' => 
   array (

  at tests\Feature\Accounting\AccountingDashboardTest.php:75
     71Γûò 
     72Γûò         $response = $this->getJson('/api/accounting/dashboard?from_date=2026-12-31&to_date=2026-01-01');
     73Γûò 
     74Γûò         $response->assertStatus(422)
  Γ₧£  75Γûò             ->assertJson([
     76Γûò                 'success' => false,
     77Γûò                 'message' => 'Validation failed.',
     78Γûò             ])
     79Γûò             ->assertJsonStructure(['errors']);

  ΓöÇΓöÇΓöÇΓöÇΓöÇΓöÇΓöÇΓöÇΓöÇΓöÇΓöÇΓöÇΓöÇΓöÇΓöÇΓöÇΓöÇΓöÇΓöÇΓöÇΓöÇΓöÇΓöÇΓöÇΓöÇΓöÇΓöÇΓöÇΓöÇΓöÇΓöÇΓöÇΓöÇΓöÇΓöÇΓöÇΓöÇΓöÇΓöÇΓöÇΓöÇΓöÇΓöÇΓöÇΓöÇΓöÇΓöÇΓöÇΓöÇΓöÇΓöÇΓöÇΓöÇΓöÇΓöÇΓöÇΓöÇΓöÇΓöÇΓöÇΓöÇΓöÇΓöÇΓöÇΓöÇΓöÇΓöÇΓöÇΓöÇΓöÇΓöÇΓöÇΓöÇΓöÇΓöÇΓöÇΓöÇΓöÇΓöÇΓöÇΓöÇΓöÇΓöÇΓöÇΓöÇΓöÇΓöÇΓöÇΓöÇΓöÇΓöÇΓöÇΓöÇΓöÇΓöÇΓöÇΓöÇΓöÇΓöÇΓöÇΓöÇΓöÇΓöÇΓöÇΓöÇΓöÇΓöÇΓöÇΓöÇΓöÇΓöÇΓöÇΓöÇΓöÇΓöÇΓöÇ  
   FAILED  Tests\Feature\Accounting\AccountingDashboardTest > unauthenticated user cannot access dashboard              
  Expected response status code [401] but received 500.
Failed asserting that 500 is identical to 401.

  at tests\Feature\Accounting\AccountingDashboardTest.php:98
     94Γûò     public function unauthenticated_user_cannot_access_dashboard()
     95Γûò     {
     96Γûò         $response = $this->getJson('/api/accounting/dashboard');
     97Γûò 
  Γ₧£  98Γûò         $response->assertStatus(401);
     99Γûò     }
    100Γûò }
    101Γûò

  ΓöÇΓöÇΓöÇΓöÇΓöÇΓöÇΓöÇΓöÇΓöÇΓöÇΓöÇΓöÇΓöÇΓöÇΓöÇΓöÇΓöÇΓöÇΓöÇΓöÇΓöÇΓöÇΓöÇΓöÇΓöÇΓöÇΓöÇΓöÇΓöÇΓöÇΓöÇΓöÇΓöÇΓöÇΓöÇΓöÇΓöÇΓöÇΓöÇΓöÇΓöÇΓöÇΓöÇΓöÇΓöÇΓöÇΓöÇΓöÇΓöÇΓöÇΓöÇΓöÇΓöÇΓöÇΓöÇΓöÇΓöÇΓöÇΓöÇΓöÇΓöÇΓöÇΓöÇΓöÇΓöÇΓöÇΓöÇΓöÇΓöÇΓöÇΓöÇΓöÇΓöÇΓöÇΓöÇΓöÇΓöÇΓöÇΓöÇΓöÇΓöÇΓöÇΓöÇΓöÇΓöÇΓöÇΓöÇΓöÇΓöÇΓöÇΓöÇΓöÇΓöÇΓöÇΓöÇΓöÇΓöÇΓöÇΓöÇΓöÇΓöÇΓöÇΓöÇΓöÇΓöÇΓöÇΓöÇΓöÇΓöÇΓöÇΓöÇΓöÇΓöÇΓöÇΓöÇΓöÇ  
   FAILED  Tests\Feature\Auth\AIAccessTest > ai ask requires authentication                                             
  Expected response status code [401] but received 500.
Failed asserting that 500 is identical to 401.

  at tests\Feature\Auth\BasePermissionTestCase.php:221
    217Γûò     protected function assertRouteRequiresAuth(string $method, string $uri, array $data = []): void
    218Γûò     {
    219Γûò         $response = $this->json($method, $uri, $data);
    220Γûò         
  Γ₧£ 221Γûò         $response->assertStatus(401);
    222Γûò     }
    223Γûò 
    224Γûò     /**
    225Γûò      * Assert user has all specified permissions

  1   tests\Feature\Auth\AIAccessTest.php:17

  ΓöÇΓöÇΓöÇΓöÇΓöÇΓöÇΓöÇΓöÇΓöÇΓöÇΓöÇΓöÇΓöÇΓöÇΓöÇΓöÇΓöÇΓöÇΓöÇΓöÇΓöÇΓöÇΓöÇΓöÇΓöÇΓöÇΓöÇΓöÇΓöÇΓöÇΓöÇΓöÇΓöÇΓöÇΓöÇΓöÇΓöÇΓöÇΓöÇΓöÇΓöÇΓöÇΓöÇΓöÇΓöÇΓöÇΓöÇΓöÇΓöÇΓöÇΓöÇΓöÇΓöÇΓöÇΓöÇΓöÇΓöÇΓöÇΓöÇΓöÇΓöÇΓöÇΓöÇΓöÇΓöÇΓöÇΓöÇΓöÇΓöÇΓöÇΓöÇΓöÇΓöÇΓöÇΓöÇΓöÇΓöÇΓöÇΓöÇΓöÇΓöÇΓöÇΓöÇΓöÇΓöÇΓöÇΓöÇΓöÇΓöÇΓöÇΓöÇΓöÇΓöÇΓöÇΓöÇΓöÇΓöÇΓöÇΓöÇΓöÇΓöÇΓöÇΓöÇΓöÇΓöÇΓöÇΓöÇΓöÇΓöÇΓöÇΓöÇΓöÇΓöÇΓöÇΓöÇΓöÇ  
   FAILED  Tests\Feature\Auth\AIAccessTest > ai ask accessible by authenticated users                                   
  User type admin should be able to access contracts section
Failed asserting that 403 is not equal to 403.

  at tests\Feature\Auth\AIAccessTest.php:39
     35Γûò                     'section' => 'contracts',
     36Γûò                 ]);
     37Γûò             
     38Γûò             // Should not be forbidden (403), might return other errors based on data
  Γ₧£  39Γûò             $this->assertNotEquals(403, $response->status(), "User type {$user->type} should be able to access contracts section");
     40Γûò         }
     41Γûò         
     42Γûò         // HR can access general section (doesn't require contracts.view)
     43Γûò         $hrUser = $this->createHRStaff();

  1   tests\Feature\Auth\AIAccessTest.php:39

  ΓöÇΓöÇΓöÇΓöÇΓöÇΓöÇΓöÇΓöÇΓöÇΓöÇΓöÇΓöÇΓöÇΓöÇΓöÇΓöÇΓöÇΓöÇΓöÇΓöÇΓöÇΓöÇΓöÇΓöÇΓöÇΓöÇΓöÇΓöÇΓöÇΓöÇΓöÇΓöÇΓöÇΓöÇΓöÇΓöÇΓöÇΓöÇΓöÇΓöÇΓöÇΓöÇΓöÇΓöÇΓöÇΓöÇΓöÇΓöÇΓöÇΓöÇΓöÇΓöÇΓöÇΓöÇΓöÇΓöÇΓöÇΓöÇΓöÇΓöÇΓöÇΓöÇΓöÇΓöÇΓöÇΓöÇΓöÇΓöÇΓöÇΓöÇΓöÇΓöÇΓöÇΓöÇΓöÇΓöÇΓöÇΓöÇΓöÇΓöÇΓöÇΓöÇΓöÇΓöÇΓöÇΓöÇΓöÇΓöÇΓöÇΓöÇΓöÇΓöÇΓöÇΓöÇΓöÇΓöÇΓöÇΓöÇΓöÇΓöÇΓöÇΓöÇΓöÇΓöÇΓöÇΓöÇΓöÇΓöÇΓöÇΓöÇΓöÇΓöÇΓöÇΓöÇΓöÇΓöÇ  
   FAILED  Tests\Feature\Auth\AIAccessTest > ai chat requires authentication                                            
  Expected response status code [401] but received 500.
Failed asserting that 500 is identical to 401.

  at tests\Feature\Auth\BasePermissionTestCase.php:221
    217Γûò     protected function assertRouteRequiresAuth(string $method, string $uri, array $data = []): void
    218Γûò     {
    219Γûò         $response = $this->json($method, $uri, $data);
    220Γûò         
  Γ₧£ 221Γûò         $response->assertStatus(401);
    222Γûò     }
    223Γûò 
    224Γûò     /**
    225Γûò      * Assert user has all specified permissions

  1   tests\Feature\Auth\AIAccessTest.php:55

  ΓöÇΓöÇΓöÇΓöÇΓöÇΓöÇΓöÇΓöÇΓöÇΓöÇΓöÇΓöÇΓöÇΓöÇΓöÇΓöÇΓöÇΓöÇΓöÇΓöÇΓöÇΓöÇΓöÇΓöÇΓöÇΓöÇΓöÇΓöÇΓöÇΓöÇΓöÇΓöÇΓöÇΓöÇΓöÇΓöÇΓöÇΓöÇΓöÇΓöÇΓöÇΓöÇΓöÇΓöÇΓöÇΓöÇΓöÇΓöÇΓöÇΓöÇΓöÇΓöÇΓöÇΓöÇΓöÇΓöÇΓöÇΓöÇΓöÇΓöÇΓöÇΓöÇΓöÇΓöÇΓöÇΓöÇΓöÇΓöÇΓöÇΓöÇΓöÇΓöÇΓöÇΓöÇΓöÇΓöÇΓöÇΓöÇΓöÇΓöÇΓöÇΓöÇΓöÇΓöÇΓöÇΓöÇΓöÇΓöÇΓöÇΓöÇΓöÇΓöÇΓöÇΓöÇΓöÇΓöÇΓöÇΓöÇΓöÇΓöÇΓöÇΓöÇΓöÇΓöÇΓöÇΓöÇΓöÇΓöÇΓöÇΓöÇΓöÇΓöÇΓöÇΓöÇΓöÇΓöÇ  
   FAILED  Tests\Feature\Auth\AIAccessTest > ai conversations requires authentication                                   
  Expected response status code [401] but received 500.
Failed asserting that 500 is identical to 401.

  at tests\Feature\Auth\BasePermissionTestCase.php:221
    217Γûò     protected function assertRouteRequiresAuth(string $method, string $uri, array $data = []): void
    218Γûò     {
    219Γûò         $response = $this->json($method, $uri, $data);
    220Γûò         
  Γ₧£ 221Γûò         $response->assertStatus(401);
    222Γûò     }
    223Γûò 
    224Γûò     /**
    225Γûò      * Assert user has all specified permissions

  1   tests\Feature\Auth\AIAccessTest.php:75

  ΓöÇΓöÇΓöÇΓöÇΓöÇΓöÇΓöÇΓöÇΓöÇΓöÇΓöÇΓöÇΓöÇΓöÇΓöÇΓöÇΓöÇΓöÇΓöÇΓöÇΓöÇΓöÇΓöÇΓöÇΓöÇΓöÇΓöÇΓöÇΓöÇΓöÇΓöÇΓöÇΓöÇΓöÇΓöÇΓöÇΓöÇΓöÇΓöÇΓöÇΓöÇΓöÇΓöÇΓöÇΓöÇΓöÇΓöÇΓöÇΓöÇΓöÇΓöÇΓöÇΓöÇΓöÇΓöÇΓöÇΓöÇΓöÇΓöÇΓöÇΓöÇΓöÇΓöÇΓöÇΓöÇΓöÇΓöÇΓöÇΓöÇΓöÇΓöÇΓöÇΓöÇΓöÇΓöÇΓöÇΓöÇΓöÇΓöÇΓöÇΓöÇΓöÇΓöÇΓöÇΓöÇΓöÇΓöÇΓöÇΓöÇΓöÇΓöÇΓöÇΓöÇΓöÇΓöÇΓöÇΓöÇΓöÇΓöÇΓöÇΓöÇΓöÇΓöÇΓöÇΓöÇΓöÇΓöÇΓöÇΓöÇΓöÇΓöÇΓöÇΓöÇΓöÇΓöÇΓöÇ  
   FAILED  Tests\Feature\Auth\AIAccessTest > ai delete session requires authentication                                  
  Expected response status code [401] but received 500.
Failed asserting that 500 is identical to 401.

  at tests\Feature\Auth\BasePermissionTestCase.php:221
    217Γûò     protected function assertRouteRequiresAuth(string $method, string $uri, array $data = []): void
    218Γûò     {
    219Γûò         $response = $this->json($method, $uri, $data);
    220Γûò         
  Γ₧£ 221Γûò         $response->assertStatus(401);
    222Γûò     }
    223Γûò 
    224Γûò     /**
    225Γûò      * Assert user has all specified permissions

  1   tests\Feature\Auth\AIAccessTest.php:92

  ΓöÇΓöÇΓöÇΓöÇΓöÇΓöÇΓöÇΓöÇΓöÇΓöÇΓöÇΓöÇΓöÇΓöÇΓöÇΓöÇΓöÇΓöÇΓöÇΓöÇΓöÇΓöÇΓöÇΓöÇΓöÇΓöÇΓöÇΓöÇΓöÇΓöÇΓöÇΓöÇΓöÇΓöÇΓöÇΓöÇΓöÇΓöÇΓöÇΓöÇΓöÇΓöÇΓöÇΓöÇΓöÇΓöÇΓöÇΓöÇΓöÇΓöÇΓöÇΓöÇΓöÇΓöÇΓöÇΓöÇΓöÇΓöÇΓöÇΓöÇΓöÇΓöÇΓöÇΓöÇΓöÇΓöÇΓöÇΓöÇΓöÇΓöÇΓöÇΓöÇΓöÇΓöÇΓöÇΓöÇΓöÇΓöÇΓöÇΓöÇΓöÇΓöÇΓöÇΓöÇΓöÇΓöÇΓöÇΓöÇΓöÇΓöÇΓöÇΓöÇΓöÇΓöÇΓöÇΓöÇΓöÇΓöÇΓöÇΓöÇΓöÇΓöÇΓöÇΓöÇΓöÇΓöÇΓöÇΓöÇΓöÇΓöÇΓöÇΓöÇΓöÇΓöÇΓöÇΓöÇ  
   FAILED  Tests\Feature\Auth\AIAccessTest > ai sections requires authentication                                        
  Expected response status code [401] but received 500.
Failed asserting that 500 is identical to 401.

  at tests\Feature\Auth\BasePermissionTestCase.php:221
    217Γûò     protected function assertRouteRequiresAuth(string $method, string $uri, array $data = []): void
    218Γûò     {
    219Γûò         $response = $this->json($method, $uri, $data);
    220Γûò         
  Γ₧£ 221Γûò         $response->assertStatus(401);
    222Γûò     }
    223Γûò 
    224Γûò     /**
    225Γûò      * Assert user has all specified permissions

  1   tests\Feature\Auth\AIAccessTest.php:109

  ΓöÇΓöÇΓöÇΓöÇΓöÇΓöÇΓöÇΓöÇΓöÇΓöÇΓöÇΓöÇΓöÇΓöÇΓöÇΓöÇΓöÇΓöÇΓöÇΓöÇΓöÇΓöÇΓöÇΓöÇΓöÇΓöÇΓöÇΓöÇΓöÇΓöÇΓöÇΓöÇΓöÇΓöÇΓöÇΓöÇΓöÇΓöÇΓöÇΓöÇΓöÇΓöÇΓöÇΓöÇΓöÇΓöÇΓöÇΓöÇΓöÇΓöÇΓöÇΓöÇΓöÇΓöÇΓöÇΓöÇΓöÇΓöÇΓöÇΓöÇΓöÇΓöÇΓöÇΓöÇΓöÇΓöÇΓöÇΓöÇΓöÇΓöÇΓöÇΓöÇΓöÇΓöÇΓöÇΓöÇΓöÇΓöÇΓöÇΓöÇΓöÇΓöÇΓöÇΓöÇΓöÇΓöÇΓöÇΓöÇΓöÇΓöÇΓöÇΓöÇΓöÇΓöÇΓöÇΓöÇΓöÇΓöÇΓöÇΓöÇΓöÇΓöÇΓöÇΓöÇΓöÇΓöÇΓöÇΓöÇΓöÇΓöÇΓöÇΓöÇΓöÇΓöÇΓöÇΓöÇ  
   FAILED  Tests\Feature\Auth\AIAccessTest > all user types can access ai assistant                                     
  User type 'admin' should be able to access AI assistant
Failed asserting that 403 is not equal to 403.

  at tests\Feature\Auth\AIAccessTest.php:205
    201Γûò                     'question' => 'Help me understand my role',
    202Γûò                     'section' => 'general',
    203Γûò                 ]);
    204Γûò             
  Γ₧£ 205Γûò             $this->assertNotEquals(403, $response->status(), 
    206Γûò                 "User type '{$type}' should be able to access AI assistant");
    207Γûò         }
    208Γûò     }
    209Γûò

  1   tests\Feature\Auth\AIAccessTest.php:205

  ΓöÇΓöÇΓöÇΓöÇΓöÇΓöÇΓöÇΓöÇΓöÇΓöÇΓöÇΓöÇΓöÇΓöÇΓöÇΓöÇΓöÇΓöÇΓöÇΓöÇΓöÇΓöÇΓöÇΓöÇΓöÇΓöÇΓöÇΓöÇΓöÇΓöÇΓöÇΓöÇΓöÇΓöÇΓöÇΓöÇΓöÇΓöÇΓöÇΓöÇΓöÇΓöÇΓöÇΓöÇΓöÇΓöÇΓöÇΓöÇΓöÇΓöÇΓöÇΓöÇΓöÇΓöÇΓöÇΓöÇΓöÇΓöÇΓöÇΓöÇΓöÇΓöÇΓöÇΓöÇΓöÇΓöÇΓöÇΓöÇΓöÇΓöÇΓöÇΓöÇΓöÇΓöÇΓöÇΓöÇΓöÇΓöÇΓöÇΓöÇΓöÇΓöÇΓöÇΓöÇΓöÇΓöÇΓöÇΓöÇΓöÇΓöÇΓöÇΓöÇΓöÇΓöÇΓöÇΓöÇΓöÇΓöÇΓöÇΓöÇΓöÇΓöÇΓöÇΓöÇΓöÇΓöÇΓöÇΓöÇΓöÇΓöÇΓöÇΓöÇΓöÇΓöÇΓöÇΓöÇ  
   FAILED  Tests\Feature\Auth\AIAccessTest > ai throttling is applied                                                   
  Failed asserting that 403 is not equal to 403.

  at tests\Feature\Auth\AIAccessTest.php:271
    267Γûò                 'section' => 'general',
    268Γûò             ]);
    269Γûò         
    270Γûò         // Should not be forbidden
  Γ₧£ 271Γûò         $this->assertNotEquals(403, $response->status());
    272Γûò     }
    273Γûò 
    274Γûò     #[Test]
    275Γûò     public function admin_can_access_all_ai_sections()

  1   tests\Feature\Auth\AIAccessTest.php:271

  ΓöÇΓöÇΓöÇΓöÇΓöÇΓöÇΓöÇΓöÇΓöÇΓöÇΓöÇΓöÇΓöÇΓöÇΓöÇΓöÇΓöÇΓöÇΓöÇΓöÇΓöÇΓöÇΓöÇΓöÇΓöÇΓöÇΓöÇΓöÇΓöÇΓöÇΓöÇΓöÇΓöÇΓöÇΓöÇΓöÇΓöÇΓöÇΓöÇΓöÇΓöÇΓöÇΓöÇΓöÇΓöÇΓöÇΓöÇΓöÇΓöÇΓöÇΓöÇΓöÇΓöÇΓöÇΓöÇΓöÇΓöÇΓöÇΓöÇΓöÇΓöÇΓöÇΓöÇΓöÇΓöÇΓöÇΓöÇΓöÇΓöÇΓöÇΓöÇΓöÇΓöÇΓöÇΓöÇΓöÇΓöÇΓöÇΓöÇΓöÇΓöÇΓöÇΓöÇΓöÇΓöÇΓöÇΓöÇΓöÇΓöÇΓöÇΓöÇΓöÇΓöÇΓöÇΓöÇΓöÇΓöÇΓöÇΓöÇΓöÇΓöÇΓöÇΓöÇΓöÇΓöÇΓöÇΓöÇΓöÇΓöÇΓöÇΓöÇΓöÇΓöÇΓöÇΓöÇΓöÇ  
   FAILED  Tests\Feature\Auth\AIAccessTest > admin can access all ai sections                                           
  Admin should be able to access section: contracts
Failed asserting that 403 is not equal to 403.

  at tests\Feature\Auth\AIAccessTest.php:295
    291Γûò                     'question' => "Tell me about {$section}",
    292Γûò                     'section' => $section,
    293Γûò                 ]);
    294Γûò             
  Γ₧£ 295Γûò             $this->assertNotEquals(403, $response->status(), 
    296Γûò                 "Admin should be able to access section: {$section}");
    297Γûò         }
    298Γûò     }
    299Γûò

  1   tests\Feature\Auth\AIAccessTest.php:295

  ΓöÇΓöÇΓöÇΓöÇΓöÇΓöÇΓöÇΓöÇΓöÇΓöÇΓöÇΓöÇΓöÇΓöÇΓöÇΓöÇΓöÇΓöÇΓöÇΓöÇΓöÇΓöÇΓöÇΓöÇΓöÇΓöÇΓöÇΓöÇΓöÇΓöÇΓöÇΓöÇΓöÇΓöÇΓöÇΓöÇΓöÇΓöÇΓöÇΓöÇΓöÇΓöÇΓöÇΓöÇΓöÇΓöÇΓöÇΓöÇΓöÇΓöÇΓöÇΓöÇΓöÇΓöÇΓöÇΓöÇΓöÇΓöÇΓöÇΓöÇΓöÇΓöÇΓöÇΓöÇΓöÇΓöÇΓöÇΓöÇΓöÇΓöÇΓöÇΓöÇΓöÇΓöÇΓöÇΓöÇΓöÇΓöÇΓöÇΓöÇΓöÇΓöÇΓöÇΓöÇΓöÇΓöÇΓöÇΓöÇΓöÇΓöÇΓöÇΓöÇΓöÇΓöÇΓöÇΓöÇΓöÇΓöÇΓöÇΓöÇΓöÇΓöÇΓöÇΓöÇΓöÇΓöÇΓöÇΓöÇΓöÇΓöÇΓöÇΓöÇΓöÇΓöÇΓöÇΓöÇ  
   FAILED  Tests\Feature\Auth\AIAccessTest > hr staff can access ai assistant                                           
  Failed asserting that 403 is not equal to 403.

  at tests\Feature\Auth\AIAccessTest.php:344
    340Γûò                 'question' => 'Help me with HR tasks',
    341Γûò                 'section' => 'general',
    342Γûò             ]);
    343Γûò         
  Γ₧£ 344Γûò         $this->assertNotEquals(403, $response->status());
    345Γûò     }
    346Γûò 
    347Γûò     #[Test]
    348Γûò     public function editor_can_access_ai_assistant()

  1   tests\Feature\Auth\AIAccessTest.php:344

  ΓöÇΓöÇΓöÇΓöÇΓöÇΓöÇΓöÇΓöÇΓöÇΓöÇΓöÇΓöÇΓöÇΓöÇΓöÇΓöÇΓöÇΓöÇΓöÇΓöÇΓöÇΓöÇΓöÇΓöÇΓöÇΓöÇΓöÇΓöÇΓöÇΓöÇΓöÇΓöÇΓöÇΓöÇΓöÇΓöÇΓöÇΓöÇΓöÇΓöÇΓöÇΓöÇΓöÇΓöÇΓöÇΓöÇΓöÇΓöÇΓöÇΓöÇΓöÇΓöÇΓöÇΓöÇΓöÇΓöÇΓöÇΓöÇΓöÇΓöÇΓöÇΓöÇΓöÇΓöÇΓöÇΓöÇΓöÇΓöÇΓöÇΓöÇΓöÇΓöÇΓöÇΓöÇΓöÇΓöÇΓöÇΓöÇΓöÇΓöÇΓöÇΓöÇΓöÇΓöÇΓöÇΓöÇΓöÇΓöÇΓöÇΓöÇΓöÇΓöÇΓöÇΓöÇΓöÇΓöÇΓöÇΓöÇΓöÇΓöÇΓöÇΓöÇΓöÇΓöÇΓöÇΓöÇΓöÇΓöÇΓöÇΓöÇΓöÇΓöÇΓöÇΓöÇΓöÇΓöÇ  
   FAILED  Tests\Feature\Auth\AIAccessTest > editor can access ai assistant                                             
  Failed asserting that 403 is not equal to 403.

  at tests\Feature\Auth\AIAccessTest.php:358
    354Γûò                 'question' => 'Help me with editing tasks',
    355Γûò                 'section' => 'general',
    356Γûò             ]);
    357Γûò         
  Γ₧£ 358Γûò         $this->assertNotEquals(403, $response->status());
    359Γûò     }
    360Γûò 
    361Γûò     #[Test]
    362Γûò     public function developer_can_access_ai_assistant()

  1   tests\Feature\Auth\AIAccessTest.php:358

  ΓöÇΓöÇΓöÇΓöÇΓöÇΓöÇΓöÇΓöÇΓöÇΓöÇΓöÇΓöÇΓöÇΓöÇΓöÇΓöÇΓöÇΓöÇΓöÇΓöÇΓöÇΓöÇΓöÇΓöÇΓöÇΓöÇΓöÇΓöÇΓöÇΓöÇΓöÇΓöÇΓöÇΓöÇΓöÇΓöÇΓöÇΓöÇΓöÇΓöÇΓöÇΓöÇΓöÇΓöÇΓöÇΓöÇΓöÇΓöÇΓöÇΓöÇΓöÇΓöÇΓöÇΓöÇΓöÇΓöÇΓöÇΓöÇΓöÇΓöÇΓöÇΓöÇΓöÇΓöÇΓöÇΓöÇΓöÇΓöÇΓöÇΓöÇΓöÇΓöÇΓöÇΓöÇΓöÇΓöÇΓöÇΓöÇΓöÇΓöÇΓöÇΓöÇΓöÇΓöÇΓöÇΓöÇΓöÇΓöÇΓöÇΓöÇΓöÇΓöÇΓöÇΓöÇΓöÇΓöÇΓöÇΓöÇΓöÇΓöÇΓöÇΓöÇΓöÇΓöÇΓöÇΓöÇΓöÇΓöÇΓöÇΓöÇΓöÇΓöÇΓöÇΓöÇΓöÇΓöÇ  
   FAILED  Tests\Feature\Auth\AIAccessTest > developer can access ai assistant                                          
  Failed asserting that 403 is not equal to 403.

  at tests\Feature\Auth\AIAccessTest.php:372
    368Γûò                 'question' => 'Help me with contract creation',
    369Γûò                 'section' => 'contracts',
    370Γûò             ]);
    371Γûò         
  Γ₧£ 372Γûò         $this->assertNotEquals(403, $response->status());
    373Γûò     }
    374Γûò 
    375Γûò     #[Test]
    376Γûò     public function ai_routes_are_protected_by_sanctum()

  1   tests\Feature\Auth\AIAccessTest.php:372

  ΓöÇΓöÇΓöÇΓöÇΓöÇΓöÇΓöÇΓöÇΓöÇΓöÇΓöÇΓöÇΓöÇΓöÇΓöÇΓöÇΓöÇΓöÇΓöÇΓöÇΓöÇΓöÇΓöÇΓöÇΓöÇΓöÇΓöÇΓöÇΓöÇΓöÇΓöÇΓöÇΓöÇΓöÇΓöÇΓöÇΓöÇΓöÇΓöÇΓöÇΓöÇΓöÇΓöÇΓöÇΓöÇΓöÇΓöÇΓöÇΓöÇΓöÇΓöÇΓöÇΓöÇΓöÇΓöÇΓöÇΓöÇΓöÇΓöÇΓöÇΓöÇΓöÇΓöÇΓöÇΓöÇΓöÇΓöÇΓöÇΓöÇΓöÇΓöÇΓöÇΓöÇΓöÇΓöÇΓöÇΓöÇΓöÇΓöÇΓöÇΓöÇΓöÇΓöÇΓöÇΓöÇΓöÇΓöÇΓöÇΓöÇΓöÇΓöÇΓöÇΓöÇΓöÇΓöÇΓöÇΓöÇΓöÇΓöÇΓöÇΓöÇΓöÇΓöÇΓöÇΓöÇΓöÇΓöÇΓöÇΓöÇΓöÇΓöÇΓöÇΓöÇΓöÇΓöÇΓöÇ  
   FAILED  Tests\Feature\Auth\AIAccessTest > ai routes are protected by sanctum                                         
  Expected response status code [401] but received 500.
Failed asserting that 500 is identical to 401.

  at tests\Feature\Auth\AIAccessTest.php:387
    383Γûò         ];
    384Γûò 
    385Γûò         foreach ($routes as [$method, $uri]) {
    386Γûò             $response = $this->json($method, $uri);
  Γ₧£ 387Γûò             $response->assertStatus(401);
    388Γûò         }
    389Γûò     }
    390Γûò 
    391Γûò     #[Test]

  ΓöÇΓöÇΓöÇΓöÇΓöÇΓöÇΓöÇΓöÇΓöÇΓöÇΓöÇΓöÇΓöÇΓöÇΓöÇΓöÇΓöÇΓöÇΓöÇΓöÇΓöÇΓöÇΓöÇΓöÇΓöÇΓöÇΓöÇΓöÇΓöÇΓöÇΓöÇΓöÇΓöÇΓöÇΓöÇΓöÇΓöÇΓöÇΓöÇΓöÇΓöÇΓöÇΓöÇΓöÇΓöÇΓöÇΓöÇΓöÇΓöÇΓöÇΓöÇΓöÇΓöÇΓöÇΓöÇΓöÇΓöÇΓöÇΓöÇΓöÇΓöÇΓöÇΓöÇΓöÇΓöÇΓöÇΓöÇΓöÇΓöÇΓöÇΓöÇΓöÇΓöÇΓöÇΓöÇΓöÇΓöÇΓöÇΓöÇΓöÇΓöÇΓöÇΓöÇΓöÇΓöÇΓöÇΓöÇΓöÇΓöÇΓöÇΓöÇΓöÇΓöÇΓöÇΓöÇΓöÇΓöÇΓöÇΓöÇΓöÇΓöÇΓöÇΓöÇΓöÇΓöÇΓöÇΓöÇΓöÇΓöÇΓöÇΓöÇΓöÇΓöÇΓöÇΓöÇΓöÇ  
   FAILED  Tests\Feature\Auth\AIAccessTest > ai assistant respects user permissions                                     
  Failed asserting that 403 is not equal to 403.

  at tests\Feature\Auth\AIAccessTest.php:418
    414Γûò                 'section' => 'contracts',
    415Γûò             ]);
    416Γûò         
    417Γûò         $this->assertEquals(403, $salesResponse->status()); // Sales should be forbidden
  Γ₧£ 418Γûò         $this->assertNotEquals(403, $pmResponse->status()); // PM should have access
    419Γûò     }
    420Γûò 
    421Γûò     #[Test]
    422Γûò     public function default_user_can_access_basic_ai_features()

  1   tests\Feature\Auth\AIAccessTest.php:418

  ΓöÇΓöÇΓöÇΓöÇΓöÇΓöÇΓöÇΓöÇΓöÇΓöÇΓöÇΓöÇΓöÇΓöÇΓöÇΓöÇΓöÇΓöÇΓöÇΓöÇΓöÇΓöÇΓöÇΓöÇΓöÇΓöÇΓöÇΓöÇΓöÇΓöÇΓöÇΓöÇΓöÇΓöÇΓöÇΓöÇΓöÇΓöÇΓöÇΓöÇΓöÇΓöÇΓöÇΓöÇΓöÇΓöÇΓöÇΓöÇΓöÇΓöÇΓöÇΓöÇΓöÇΓöÇΓöÇΓöÇΓöÇΓöÇΓöÇΓöÇΓöÇΓöÇΓöÇΓöÇΓöÇΓöÇΓöÇΓöÇΓöÇΓöÇΓöÇΓöÇΓöÇΓöÇΓöÇΓöÇΓöÇΓöÇΓöÇΓöÇΓöÇΓöÇΓöÇΓöÇΓöÇΓöÇΓöÇΓöÇΓöÇΓöÇΓöÇΓöÇΓöÇΓöÇΓöÇΓöÇΓöÇΓöÇΓöÇΓöÇΓöÇΓöÇΓöÇΓöÇΓöÇΓöÇΓöÇΓöÇΓöÇΓöÇΓöÇΓöÇΓöÇΓöÇΓöÇΓöÇ  
   FAILED  Tests\Feature\Auth\AIAccessTest > default user can access basic ai features                                  
  Failed asserting that 403 is not equal to 403.

  at tests\Feature\Auth\AIAccessTest.php:432
    428Γûò                 'question' => 'What can I do in the system?',
    429Γûò                 'section' => 'general',
    430Γûò             ]);
    431Γûò         
  Γ₧£ 432Γûò         $this->assertNotEquals(403, $response->status());
    433Γûò     }
    434Γûò 
    435Γûò     #[Test]
    436Γûò     public function ai_conversations_list_shows_only_user_sessions()

  1   tests\Feature\Auth\AIAccessTest.php:432

  ΓöÇΓöÇΓöÇΓöÇΓöÇΓöÇΓöÇΓöÇΓöÇΓöÇΓöÇΓöÇΓöÇΓöÇΓöÇΓöÇΓöÇΓöÇΓöÇΓöÇΓöÇΓöÇΓöÇΓöÇΓöÇΓöÇΓöÇΓöÇΓöÇΓöÇΓöÇΓöÇΓöÇΓöÇΓöÇΓöÇΓöÇΓöÇΓöÇΓöÇΓöÇΓöÇΓöÇΓöÇΓöÇΓöÇΓöÇΓöÇΓöÇΓöÇΓöÇΓöÇΓöÇΓöÇΓöÇΓöÇΓöÇΓöÇΓöÇΓöÇΓöÇΓöÇΓöÇΓöÇΓöÇΓöÇΓöÇΓöÇΓöÇΓöÇΓöÇΓöÇΓöÇΓöÇΓöÇΓöÇΓöÇΓöÇΓöÇΓöÇΓöÇΓöÇΓöÇΓöÇΓöÇΓöÇΓöÇΓöÇΓöÇΓöÇΓöÇΓöÇΓöÇΓöÇΓöÇΓöÇΓöÇΓöÇΓöÇΓöÇΓöÇΓöÇΓöÇΓöÇΓöÇΓöÇΓöÇΓöÇΓöÇΓöÇΓöÇΓöÇΓöÇΓöÇΓöÇΓöÇ  
   FAILED  Tests\Feature\Auth\ExclusiveProjectsAccessTest > list exclusive projects requires authentication             
  Expected response status code [401] but received 500.
Failed asserting that 500 is identical to 401.

  at tests\Feature\Auth\BasePermissionTestCase.php:221
    217Γûò     protected function assertRouteRequiresAuth(string $method, string $uri, array $data = []): void
    218Γûò     {
    219Γûò         $response = $this->json($method, $uri, $data);
    220Γûò         
  Γ₧£ 221Γûò         $response->assertStatus(401);
    222Γûò     }
    223Γûò 
    224Γûò     /**
    225Γûò      * Assert user has all specified permissions

  1   tests\Feature\Auth\ExclusiveProjectsAccessTest.php:18

  ΓöÇΓöÇΓöÇΓöÇΓöÇΓöÇΓöÇΓöÇΓöÇΓöÇΓöÇΓöÇΓöÇΓöÇΓöÇΓöÇΓöÇΓöÇΓöÇΓöÇΓöÇΓöÇΓöÇΓöÇΓöÇΓöÇΓöÇΓöÇΓöÇΓöÇΓöÇΓöÇΓöÇΓöÇΓöÇΓöÇΓöÇΓöÇΓöÇΓöÇΓöÇΓöÇΓöÇΓöÇΓöÇΓöÇΓöÇΓöÇΓöÇΓöÇΓöÇΓöÇΓöÇΓöÇΓöÇΓöÇΓöÇΓöÇΓöÇΓöÇΓöÇΓöÇΓöÇΓöÇΓöÇΓöÇΓöÇΓöÇΓöÇΓöÇΓöÇΓöÇΓöÇΓöÇΓöÇΓöÇΓöÇΓöÇΓöÇΓöÇΓöÇΓöÇΓöÇΓöÇΓöÇΓöÇΓöÇΓöÇΓöÇΓöÇΓöÇΓöÇΓöÇΓöÇΓöÇΓöÇΓöÇΓöÇΓöÇΓöÇΓöÇΓöÇΓöÇΓöÇΓöÇΓöÇΓöÇΓöÇΓöÇΓöÇΓöÇΓöÇΓöÇΓöÇΓöÇΓöÇ  
   FAILED  Tests\Feature\Auth\HRAccessTest > list roles requires authentication                                         
  Expected response status code [401] but received 404.
Failed asserting that 404 is identical to 401.

  at tests\Feature\Auth\BasePermissionTestCase.php:221
    217Γûò     protected function assertRouteRequiresAuth(string $method, string $uri, array $data = []): void
    218Γûò     {
    219Γûò         $response = $this->json($method, $uri, $data);
    220Γûò         
  Γ₧£ 221Γûò         $response->assertStatus(401);
    222Γûò     }
    223Γûò 
    224Γûò     /**
    225Γûò      * Assert user has all specified permissions

  1   tests\Feature\Auth\HRAccessTest.php:17

  ΓöÇΓöÇΓöÇΓöÇΓöÇΓöÇΓöÇΓöÇΓöÇΓöÇΓöÇΓöÇΓöÇΓöÇΓöÇΓöÇΓöÇΓöÇΓöÇΓöÇΓöÇΓöÇΓöÇΓöÇΓöÇΓöÇΓöÇΓöÇΓöÇΓöÇΓöÇΓöÇΓöÇΓöÇΓöÇΓöÇΓöÇΓöÇΓöÇΓöÇΓöÇΓöÇΓöÇΓöÇΓöÇΓöÇΓöÇΓöÇΓöÇΓöÇΓöÇΓöÇΓöÇΓöÇΓöÇΓöÇΓöÇΓöÇΓöÇΓöÇΓöÇΓöÇΓöÇΓöÇΓöÇΓöÇΓöÇΓöÇΓöÇΓöÇΓöÇΓöÇΓöÇΓöÇΓöÇΓöÇΓöÇΓöÇΓöÇΓöÇΓöÇΓöÇΓöÇΓöÇΓöÇΓöÇΓöÇΓöÇΓöÇΓöÇΓöÇΓöÇΓöÇΓöÇΓöÇΓöÇΓöÇΓöÇΓöÇΓöÇΓöÇΓöÇΓöÇΓöÇΓöÇΓöÇΓöÇΓöÇΓöÇΓöÇΓöÇΓöÇΓöÇΓöÇΓöÇΓöÇ  
   FAILED  Tests\Feature\Auth\HRAccessTest > list roles forbidden for non admin users                                   
  Expected response status code [403] but received 404.
Failed asserting that 404 is identical to 403.

  at tests\Feature\Auth\HRAccessTest.php:45
     41Γûò         foreach ($users as $user) {
     42Γûò             $response = $this->actingAs($user, 'sanctum')
     43Γûò                 ->getJson('/api/admin/employees/roles');
     44Γûò             
  Γ₧£  45Γûò             $response->assertStatus(403);
     46Γûò         }
     47Γûò     }
     48Γûò 
     49Γûò     #[Test]

  ΓöÇΓöÇΓöÇΓöÇΓöÇΓöÇΓöÇΓöÇΓöÇΓöÇΓöÇΓöÇΓöÇΓöÇΓöÇΓöÇΓöÇΓöÇΓöÇΓöÇΓöÇΓöÇΓöÇΓöÇΓöÇΓöÇΓöÇΓöÇΓöÇΓöÇΓöÇΓöÇΓöÇΓöÇΓöÇΓöÇΓöÇΓöÇΓöÇΓöÇΓöÇΓöÇΓöÇΓöÇΓöÇΓöÇΓöÇΓöÇΓöÇΓöÇΓöÇΓöÇΓöÇΓöÇΓöÇΓöÇΓöÇΓöÇΓöÇΓöÇΓöÇΓöÇΓöÇΓöÇΓöÇΓöÇΓöÇΓöÇΓöÇΓöÇΓöÇΓöÇΓöÇΓöÇΓöÇΓöÇΓöÇΓöÇΓöÇΓöÇΓöÇΓöÇΓöÇΓöÇΓöÇΓöÇΓöÇΓöÇΓöÇΓöÇΓöÇΓöÇΓöÇΓöÇΓöÇΓöÇΓöÇΓöÇΓöÇΓöÇΓöÇΓöÇΓöÇΓöÇΓöÇΓöÇΓöÇΓöÇΓöÇΓöÇΓöÇΓöÇΓöÇΓöÇΓöÇΓöÇ  
   FAILED  Tests\Feature\Auth\HRAccessTest > add employee forbidden for non admin users                                 
  Expected response status code [403] but received 404.
Failed asserting that 404 is identical to 403.

  at tests\Feature\Auth\HRAccessTest.php:79
     75Γûò                 'password' => 'password123',
     76Γûò                 'type' => 'sales',
     77Γûò             ]);
     78Γûò         
  Γ₧£  79Γûò         $response->assertStatus(403);
     80Γûò     }
     81Γûò 
     82Γûò     #[Test]
     83Γûò     public function list_employees_accessible_by_admin()

  ΓöÇΓöÇΓöÇΓöÇΓöÇΓöÇΓöÇΓöÇΓöÇΓöÇΓöÇΓöÇΓöÇΓöÇΓöÇΓöÇΓöÇΓöÇΓöÇΓöÇΓöÇΓöÇΓöÇΓöÇΓöÇΓöÇΓöÇΓöÇΓöÇΓöÇΓöÇΓöÇΓöÇΓöÇΓöÇΓöÇΓöÇΓöÇΓöÇΓöÇΓöÇΓöÇΓöÇΓöÇΓöÇΓöÇΓöÇΓöÇΓöÇΓöÇΓöÇΓöÇΓöÇΓöÇΓöÇΓöÇΓöÇΓöÇΓöÇΓöÇΓöÇΓöÇΓöÇΓöÇΓöÇΓöÇΓöÇΓöÇΓöÇΓöÇΓöÇΓöÇΓöÇΓöÇΓöÇΓöÇΓöÇΓöÇΓöÇΓöÇΓöÇΓöÇΓöÇΓöÇΓöÇΓöÇΓöÇΓöÇΓöÇΓöÇΓöÇΓöÇΓöÇΓöÇΓöÇΓöÇΓöÇΓöÇΓöÇΓöÇΓöÇΓöÇΓöÇΓöÇΓöÇΓöÇΓöÇΓöÇΓöÇΓöÇΓöÇΓöÇΓöÇΓöÇΓöÇΓöÇ  
   FAILED  Tests\Feature\Auth\HRAccessTest > list employees forbidden for non admin users                               
  Expected response status code [403] but received 404.
Failed asserting that 404 is identical to 403.

  at tests\Feature\Auth\HRAccessTest.php:112
    108Γûò         
    109Γûò         $response = $this->actingAs($marketing, 'sanctum')
    110Γûò             ->getJson('/api/admin/employees/list_employees');
    111Γûò         
  Γ₧£ 112Γûò         $response->assertStatus(403);
    113Γûò     }
    114Γûò 
    115Γûò     #[Test]
    116Γûò     public function show_employee_accessible_by_admin()

  ΓöÇΓöÇΓöÇΓöÇΓöÇΓöÇΓöÇΓöÇΓöÇΓöÇΓöÇΓöÇΓöÇΓöÇΓöÇΓöÇΓöÇΓöÇΓöÇΓöÇΓöÇΓöÇΓöÇΓöÇΓöÇΓöÇΓöÇΓöÇΓöÇΓöÇΓöÇΓöÇΓöÇΓöÇΓöÇΓöÇΓöÇΓöÇΓöÇΓöÇΓöÇΓöÇΓöÇΓöÇΓöÇΓöÇΓöÇΓöÇΓöÇΓöÇΓöÇΓöÇΓöÇΓöÇΓöÇΓöÇΓöÇΓöÇΓöÇΓöÇΓöÇΓöÇΓöÇΓöÇΓöÇΓöÇΓöÇΓöÇΓöÇΓöÇΓöÇΓöÇΓöÇΓöÇΓöÇΓöÇΓöÇΓöÇΓöÇΓöÇΓöÇΓöÇΓöÇΓöÇΓöÇΓöÇΓöÇΓöÇΓöÇΓöÇΓöÇΓöÇΓöÇΓöÇΓöÇΓöÇΓöÇΓöÇΓöÇΓöÇΓöÇΓöÇΓöÇΓöÇΓöÇΓöÇΓöÇΓöÇΓöÇΓöÇΓöÇΓöÇΓöÇΓöÇΓöÇΓöÇ  
   FAILED  Tests\Feature\Auth\HRAccessTest > show employee forbidden for non admin users                                
  Expected response status code [403] but received 404.
Failed asserting that 404 is identical to 403.

  at tests\Feature\Auth\HRAccessTest.php:136
    132Γûò         
    133Γûò         $response = $this->actingAs($sales, 'sanctum')
    134Γûò             ->getJson("/api/admin/employees/show_employee/{$otherEmployee->id}");
    135Γûò         
  Γ₧£ 136Γûò         $response->assertStatus(403);
    137Γûò     }
    138Γûò 
    139Γûò     #[Test]
    140Γûò     public function update_employee_accessible_by_admin()

  ΓöÇΓöÇΓöÇΓöÇΓöÇΓöÇΓöÇΓöÇΓöÇΓöÇΓöÇΓöÇΓöÇΓöÇΓöÇΓöÇΓöÇΓöÇΓöÇΓöÇΓöÇΓöÇΓöÇΓöÇΓöÇΓöÇΓöÇΓöÇΓöÇΓöÇΓöÇΓöÇΓöÇΓöÇΓöÇΓöÇΓöÇΓöÇΓöÇΓöÇΓöÇΓöÇΓöÇΓöÇΓöÇΓöÇΓöÇΓöÇΓöÇΓöÇΓöÇΓöÇΓöÇΓöÇΓöÇΓöÇΓöÇΓöÇΓöÇΓöÇΓöÇΓöÇΓöÇΓöÇΓöÇΓöÇΓöÇΓöÇΓöÇΓöÇΓöÇΓöÇΓöÇΓöÇΓöÇΓöÇΓöÇΓöÇΓöÇΓöÇΓöÇΓöÇΓöÇΓöÇΓöÇΓöÇΓöÇΓöÇΓöÇΓöÇΓöÇΓöÇΓöÇΓöÇΓöÇΓöÇΓöÇΓöÇΓöÇΓöÇΓöÇΓöÇΓöÇΓöÇΓöÇΓöÇΓöÇΓöÇΓöÇΓöÇΓöÇΓöÇΓöÇΓöÇΓöÇΓöÇ  
   FAILED  Tests\Feature\Auth\HRAccessTest > update employee forbidden for non admin users                              
  Expected response status code [403] but received 404.
Failed asserting that 404 is identical to 403.

  at tests\Feature\Auth\HRAccessTest.php:164
    160Γûò             ->putJson("/api/admin/employees/update_employee/{$otherEmployee->id}", [
    161Γûò                 'name' => 'Updated Name',
    162Γûò             ]);
    163Γûò         
  Γ₧£ 164Γûò         $response->assertStatus(403);
    165Γûò     }
    166Γûò 
    167Γûò     #[Test]
    168Γûò     public function delete_employee_accessible_by_admin()

  ΓöÇΓöÇΓöÇΓöÇΓöÇΓöÇΓöÇΓöÇΓöÇΓöÇΓöÇΓöÇΓöÇΓöÇΓöÇΓöÇΓöÇΓöÇΓöÇΓöÇΓöÇΓöÇΓöÇΓöÇΓöÇΓöÇΓöÇΓöÇΓöÇΓöÇΓöÇΓöÇΓöÇΓöÇΓöÇΓöÇΓöÇΓöÇΓöÇΓöÇΓöÇΓöÇΓöÇΓöÇΓöÇΓöÇΓöÇΓöÇΓöÇΓöÇΓöÇΓöÇΓöÇΓöÇΓöÇΓöÇΓöÇΓöÇΓöÇΓöÇΓöÇΓöÇΓöÇΓöÇΓöÇΓöÇΓöÇΓöÇΓöÇΓöÇΓöÇΓöÇΓöÇΓöÇΓöÇΓöÇΓöÇΓöÇΓöÇΓöÇΓöÇΓöÇΓöÇΓöÇΓöÇΓöÇΓöÇΓöÇΓöÇΓöÇΓöÇΓöÇΓöÇΓöÇΓöÇΓöÇΓöÇΓöÇΓöÇΓöÇΓöÇΓöÇΓöÇΓöÇΓöÇΓöÇΓöÇΓöÇΓöÇΓöÇΓöÇΓöÇΓöÇΓöÇΓöÇΓöÇ  
   FAILED  Tests\Feature\Auth\HRAccessTest > delete employee forbidden for non admin users                              
  Expected response status code [403] but received 404.
Failed asserting that 404 is identical to 403.

  at tests\Feature\Auth\HRAccessTest.php:188
    184Γûò         
    185Γûò         $response = $this->actingAs($sales, 'sanctum')
    186Γûò             ->deleteJson("/api/admin/employees/delete_employee/{$otherEmployee->id}");
    187Γûò         
  Γ₧£ 188Γûò         $response->assertStatus(403);
    189Γûò     }
    190Γûò 
    191Γûò     #[Test]
    192Γûò     public function restore_employee_accessible_by_admin()

  ΓöÇΓöÇΓöÇΓöÇΓöÇΓöÇΓöÇΓöÇΓöÇΓöÇΓöÇΓöÇΓöÇΓöÇΓöÇΓöÇΓöÇΓöÇΓöÇΓöÇΓöÇΓöÇΓöÇΓöÇΓöÇΓöÇΓöÇΓöÇΓöÇΓöÇΓöÇΓöÇΓöÇΓöÇΓöÇΓöÇΓöÇΓöÇΓöÇΓöÇΓöÇΓöÇΓöÇΓöÇΓöÇΓöÇΓöÇΓöÇΓöÇΓöÇΓöÇΓöÇΓöÇΓöÇΓöÇΓöÇΓöÇΓöÇΓöÇΓöÇΓöÇΓöÇΓöÇΓöÇΓöÇΓöÇΓöÇΓöÇΓöÇΓöÇΓöÇΓöÇΓöÇΓöÇΓöÇΓöÇΓöÇΓöÇΓöÇΓöÇΓöÇΓöÇΓöÇΓöÇΓöÇΓöÇΓöÇΓöÇΓöÇΓöÇΓöÇΓöÇΓöÇΓöÇΓöÇΓöÇΓöÇΓöÇΓöÇΓöÇΓöÇΓöÇΓöÇΓöÇΓöÇΓöÇΓöÇΓöÇΓöÇΓöÇΓöÇΓöÇΓöÇΓöÇΓöÇΓöÇ  
   FAILED  Tests\Feature\Auth\HRAccessTest > restore employee forbidden for non admin users                             
  Expected response status code [403] but received 404.
Failed asserting that 404 is identical to 403.

  at tests\Feature\Auth\HRAccessTest.php:214
    210Γûò         
    211Γûò         $response = $this->actingAs($sales, 'sanctum')
    212Γûò             ->patchJson("/api/admin/employees/restore/{$employee->id}");
    213Γûò         
  Γ₧£ 214Γûò         $response->assertStatus(403);
    215Γûò     }
    216Γûò 
    217Γûò     #[Test]
    218Γûò     public function hr_staff_does_not_have_employee_management_permissions()

  ΓöÇΓöÇΓöÇΓöÇΓöÇΓöÇΓöÇΓöÇΓöÇΓöÇΓöÇΓöÇΓöÇΓöÇΓöÇΓöÇΓöÇΓöÇΓöÇΓöÇΓöÇΓöÇΓöÇΓöÇΓöÇΓöÇΓöÇΓöÇΓöÇΓöÇΓöÇΓöÇΓöÇΓöÇΓöÇΓöÇΓöÇΓöÇΓöÇΓöÇΓöÇΓöÇΓöÇΓöÇΓöÇΓöÇΓöÇΓöÇΓöÇΓöÇΓöÇΓöÇΓöÇΓöÇΓöÇΓöÇΓöÇΓöÇΓöÇΓöÇΓöÇΓöÇΓöÇΓöÇΓöÇΓöÇΓöÇΓöÇΓöÇΓöÇΓöÇΓöÇΓöÇΓöÇΓöÇΓöÇΓöÇΓöÇΓöÇΓöÇΓöÇΓöÇΓöÇΓöÇΓöÇΓöÇΓöÇΓöÇΓöÇΓöÇΓöÇΓöÇΓöÇΓöÇΓöÇΓöÇΓöÇΓöÇΓöÇΓöÇΓöÇΓöÇΓöÇΓöÇΓöÇΓöÇΓöÇΓöÇΓöÇΓöÇΓöÇΓöÇΓöÇΓöÇΓöÇΓöÇ  
   FAILED  Tests\Feature\Auth\HRAccessTest > hr staff does not have employee management permissions                     
  Expected response status code [403] but received 404.
Failed asserting that 404 is identical to 403.

  at tests\Feature\Auth\HRAccessTest.php:227
    223Γûò         // Only admin can manage employees through the admin routes
    224Γûò         $response = $this->actingAs($hr, 'sanctum')
    225Γûò             ->getJson('/api/admin/employees/list_employees');
    226Γûò         
  Γ₧£ 227Γûò         $response->assertStatus(403);
    228Γûò     }
    229Γûò 
    230Γûò     #[Test]
    231Γûò     public function admin_has_all_employee_management_permissions()

  ΓöÇΓöÇΓöÇΓöÇΓöÇΓöÇΓöÇΓöÇΓöÇΓöÇΓöÇΓöÇΓöÇΓöÇΓöÇΓöÇΓöÇΓöÇΓöÇΓöÇΓöÇΓöÇΓöÇΓöÇΓöÇΓöÇΓöÇΓöÇΓöÇΓöÇΓöÇΓöÇΓöÇΓöÇΓöÇΓöÇΓöÇΓöÇΓöÇΓöÇΓöÇΓöÇΓöÇΓöÇΓöÇΓöÇΓöÇΓöÇΓöÇΓöÇΓöÇΓöÇΓöÇΓöÇΓöÇΓöÇΓöÇΓöÇΓöÇΓöÇΓöÇΓöÇΓöÇΓöÇΓöÇΓöÇΓöÇΓöÇΓöÇΓöÇΓöÇΓöÇΓöÇΓöÇΓöÇΓöÇΓöÇΓöÇΓöÇΓöÇΓöÇΓöÇΓöÇΓöÇΓöÇΓöÇΓöÇΓöÇΓöÇΓöÇΓöÇΓöÇΓöÇΓöÇΓöÇΓöÇΓöÇΓöÇΓöÇΓöÇΓöÇΓöÇΓöÇΓöÇΓöÇΓöÇΓöÇΓöÇΓöÇΓöÇΓöÇΓöÇΓöÇΓöÇΓöÇΓöÇ  
   FAILED  Tests\Feature\Auth\HRAccessTest > sales staff cannot access hr routes                                        
  Expected response status code [403] but received 404.
Failed asserting that 404 is identical to 403.

  at tests\Feature\Auth\HRAccessTest.php:332
    328Γûò         foreach ($routes as [$method, $uri]) {
    329Γûò             $response = $this->actingAs($sales, 'sanctum')
    330Γûò                 ->json($method, $uri);
    331Γûò             
  Γ₧£ 332Γûò             $response->assertStatus(403);
    333Γûò         }
    334Γûò     }
    335Γûò 
    336Γûò     #[Test]

  ΓöÇΓöÇΓöÇΓöÇΓöÇΓöÇΓöÇΓöÇΓöÇΓöÇΓöÇΓöÇΓöÇΓöÇΓöÇΓöÇΓöÇΓöÇΓöÇΓöÇΓöÇΓöÇΓöÇΓöÇΓöÇΓöÇΓöÇΓöÇΓöÇΓöÇΓöÇΓöÇΓöÇΓöÇΓöÇΓöÇΓöÇΓöÇΓöÇΓöÇΓöÇΓöÇΓöÇΓöÇΓöÇΓöÇΓöÇΓöÇΓöÇΓöÇΓöÇΓöÇΓöÇΓöÇΓöÇΓöÇΓöÇΓöÇΓöÇΓöÇΓöÇΓöÇΓöÇΓöÇΓöÇΓöÇΓöÇΓöÇΓöÇΓöÇΓöÇΓöÇΓöÇΓöÇΓöÇΓöÇΓöÇΓöÇΓöÇΓöÇΓöÇΓöÇΓöÇΓöÇΓöÇΓöÇΓöÇΓöÇΓöÇΓöÇΓöÇΓöÇΓöÇΓöÇΓöÇΓöÇΓöÇΓöÇΓöÇΓöÇΓöÇΓöÇΓöÇΓöÇΓöÇΓöÇΓöÇΓöÇΓöÇΓöÇΓöÇΓöÇΓöÇΓöÇΓöÇΓöÇ  
   FAILED  Tests\Feature\Auth\HRAccessTest > marketing staff cannot access hr routes                                    
  Expected response status code [403] but received 404.
Failed asserting that 404 is identical to 403.

  at tests\Feature\Auth\HRAccessTest.php:350
    346Γûò         foreach ($routes as [$method, $uri]) {
    347Γûò             $response = $this->actingAs($marketing, 'sanctum')
    348Γûò                 ->json($method, $uri);
    349Γûò             
  Γ₧£ 350Γûò             $response->assertStatus(403);
    351Γûò         }
    352Γûò     }
    353Γûò 
    354Γûò     #[Test]

  ΓöÇΓöÇΓöÇΓöÇΓöÇΓöÇΓöÇΓöÇΓöÇΓöÇΓöÇΓöÇΓöÇΓöÇΓöÇΓöÇΓöÇΓöÇΓöÇΓöÇΓöÇΓöÇΓöÇΓöÇΓöÇΓöÇΓöÇΓöÇΓöÇΓöÇΓöÇΓöÇΓöÇΓöÇΓöÇΓöÇΓöÇΓöÇΓöÇΓöÇΓöÇΓöÇΓöÇΓöÇΓöÇΓöÇΓöÇΓöÇΓöÇΓöÇΓöÇΓöÇΓöÇΓöÇΓöÇΓöÇΓöÇΓöÇΓöÇΓöÇΓöÇΓöÇΓöÇΓöÇΓöÇΓöÇΓöÇΓöÇΓöÇΓöÇΓöÇΓöÇΓöÇΓöÇΓöÇΓöÇΓöÇΓöÇΓöÇΓöÇΓöÇΓöÇΓöÇΓöÇΓöÇΓöÇΓöÇΓöÇΓöÇΓöÇΓöÇΓöÇΓöÇΓöÇΓöÇΓöÇΓöÇΓöÇΓöÇΓöÇΓöÇΓöÇΓöÇΓöÇΓöÇΓöÇΓöÇΓöÇΓöÇΓöÇΓöÇΓöÇΓöÇΓöÇΓöÇΓöÇ  
   FAILED  Tests\Feature\Auth\HRAccessTest > pm staff cannot access hr routes                                           
  Expected response status code [403] but received 404.
Failed asserting that 404 is identical to 403.

  at tests\Feature\Auth\HRAccessTest.php:368
    364Γûò         foreach ($routes as [$method, $uri]) {
    365Γûò             $response = $this->actingAs($pm, 'sanctum')
    366Γûò                 ->json($method, $uri);
    367Γûò             
  Γ₧£ 368Γûò             $response->assertStatus(403);
    369Γûò         }
    370Γûò     }
    371Γûò 
    372Γûò     #[Test]

  ΓöÇΓöÇΓöÇΓöÇΓöÇΓöÇΓöÇΓöÇΓöÇΓöÇΓöÇΓöÇΓöÇΓöÇΓöÇΓöÇΓöÇΓöÇΓöÇΓöÇΓöÇΓöÇΓöÇΓöÇΓöÇΓöÇΓöÇΓöÇΓöÇΓöÇΓöÇΓöÇΓöÇΓöÇΓöÇΓöÇΓöÇΓöÇΓöÇΓöÇΓöÇΓöÇΓöÇΓöÇΓöÇΓöÇΓöÇΓöÇΓöÇΓöÇΓöÇΓöÇΓöÇΓöÇΓöÇΓöÇΓöÇΓöÇΓöÇΓöÇΓöÇΓöÇΓöÇΓöÇΓöÇΓöÇΓöÇΓöÇΓöÇΓöÇΓöÇΓöÇΓöÇΓöÇΓöÇΓöÇΓöÇΓöÇΓöÇΓöÇΓöÇΓöÇΓöÇΓöÇΓöÇΓöÇΓöÇΓöÇΓöÇΓöÇΓöÇΓöÇΓöÇΓöÇΓöÇΓöÇΓöÇΓöÇΓöÇΓöÇΓöÇΓöÇΓöÇΓöÇΓöÇΓöÇΓöÇΓöÇΓöÇΓöÇΓöÇΓöÇΓöÇΓöÇΓöÇΓöÇ  
   FAILED  Tests\Feature\Auth\HRAccessTest > editor cannot access hr routes                                             
  Expected response status code [403] but received 404.
Failed asserting that 404 is identical to 403.

  at tests\Feature\Auth\HRAccessTest.php:382
    378Γûò         
    379Γûò         $response = $this->actingAs($editor, 'sanctum')
    380Γûò             ->getJson("/api/admin/employees/show_employee/{$employee->id}");
    381Γûò         
  Γ₧£ 382Γûò         $response->assertStatus(403);
    383Γûò     }
    384Γûò 
    385Γûò     #[Test]
    386Γûò     public function developer_cannot_access_hr_routes()

  ΓöÇΓöÇΓöÇΓöÇΓöÇΓöÇΓöÇΓöÇΓöÇΓöÇΓöÇΓöÇΓöÇΓöÇΓöÇΓöÇΓöÇΓöÇΓöÇΓöÇΓöÇΓöÇΓöÇΓöÇΓöÇΓöÇΓöÇΓöÇΓöÇΓöÇΓöÇΓöÇΓöÇΓöÇΓöÇΓöÇΓöÇΓöÇΓöÇΓöÇΓöÇΓöÇΓöÇΓöÇΓöÇΓöÇΓöÇΓöÇΓöÇΓöÇΓöÇΓöÇΓöÇΓöÇΓöÇΓöÇΓöÇΓöÇΓöÇΓöÇΓöÇΓöÇΓöÇΓöÇΓöÇΓöÇΓöÇΓöÇΓöÇΓöÇΓöÇΓöÇΓöÇΓöÇΓöÇΓöÇΓöÇΓöÇΓöÇΓöÇΓöÇΓöÇΓöÇΓöÇΓöÇΓöÇΓöÇΓöÇΓöÇΓöÇΓöÇΓöÇΓöÇΓöÇΓöÇΓöÇΓöÇΓöÇΓöÇΓöÇΓöÇΓöÇΓöÇΓöÇΓöÇΓöÇΓöÇΓöÇΓöÇΓöÇΓöÇΓöÇΓöÇΓöÇΓöÇΓöÇ  
   FAILED  Tests\Feature\Auth\HRAccessTest > developer cannot access hr routes                                          
  Expected response status code [403] but received 404.
Failed asserting that 404 is identical to 403.

  at tests\Feature\Auth\HRAccessTest.php:393
    389Γûò         
    390Γûò         $response = $this->actingAs($developer, 'sanctum')
    391Γûò             ->getJson('/api/admin/employees/list_employees');
    392Γûò         
  Γ₧£ 393Γûò         $response->assertStatus(403);
    394Γûò     }
    395Γûò 
    396Γûò     #[Test]
    397Γûò     public function only_admin_can_manage_employees()

  ΓöÇΓöÇΓöÇΓöÇΓöÇΓöÇΓöÇΓöÇΓöÇΓöÇΓöÇΓöÇΓöÇΓöÇΓöÇΓöÇΓöÇΓöÇΓöÇΓöÇΓöÇΓöÇΓöÇΓöÇΓöÇΓöÇΓöÇΓöÇΓöÇΓöÇΓöÇΓöÇΓöÇΓöÇΓöÇΓöÇΓöÇΓöÇΓöÇΓöÇΓöÇΓöÇΓöÇΓöÇΓöÇΓöÇΓöÇΓöÇΓöÇΓöÇΓöÇΓöÇΓöÇΓöÇΓöÇΓöÇΓöÇΓöÇΓöÇΓöÇΓöÇΓöÇΓöÇΓöÇΓöÇΓöÇΓöÇΓöÇΓöÇΓöÇΓöÇΓöÇΓöÇΓöÇΓöÇΓöÇΓöÇΓöÇΓöÇΓöÇΓöÇΓöÇΓöÇΓöÇΓöÇΓöÇΓöÇΓöÇΓöÇΓöÇΓöÇΓöÇΓöÇΓöÇΓöÇΓöÇΓöÇΓöÇΓöÇΓöÇΓöÇΓöÇΓöÇΓöÇΓöÇΓöÇΓöÇΓöÇΓöÇΓöÇΓöÇΓöÇΓöÇΓöÇΓöÇΓöÇ  
   FAILED  Tests\Feature\Auth\HRAccessTest > only admin can manage employees                                            
  Expected response status code [403] but received 404.
Failed asserting that 404 is identical to 403.

  at tests\Feature\Auth\HRAccessTest.php:421
    417Γûò         foreach ($nonAdminUsers as $user) {
    418Γûò             $response = $this->actingAs($user, 'sanctum')
    419Γûò                 ->getJson('/api/admin/employees/list_employees');
    420Γûò             
  Γ₧£ 421Γûò             $response->assertStatus(403);
    422Γûò         }
    423Γûò     }
    424Γûò 
    425Γûò     #[Test]

  ΓöÇΓöÇΓöÇΓöÇΓöÇΓöÇΓöÇΓöÇΓöÇΓöÇΓöÇΓöÇΓöÇΓöÇΓöÇΓöÇΓöÇΓöÇΓöÇΓöÇΓöÇΓöÇΓöÇΓöÇΓöÇΓöÇΓöÇΓöÇΓöÇΓöÇΓöÇΓöÇΓöÇΓöÇΓöÇΓöÇΓöÇΓöÇΓöÇΓöÇΓöÇΓöÇΓöÇΓöÇΓöÇΓöÇΓöÇΓöÇΓöÇΓöÇΓöÇΓöÇΓöÇΓöÇΓöÇΓöÇΓöÇΓöÇΓöÇΓöÇΓöÇΓöÇΓöÇΓöÇΓöÇΓöÇΓöÇΓöÇΓöÇΓöÇΓöÇΓöÇΓöÇΓöÇΓöÇΓöÇΓöÇΓöÇΓöÇΓöÇΓöÇΓöÇΓöÇΓöÇΓöÇΓöÇΓöÇΓöÇΓöÇΓöÇΓöÇΓöÇΓöÇΓöÇΓöÇΓöÇΓöÇΓöÇΓöÇΓöÇΓöÇΓöÇΓöÇΓöÇΓöÇΓöÇΓöÇΓöÇΓöÇΓöÇΓöÇΓöÇΓöÇΓöÇΓöÇΓöÇ  
   FAILED  Tests\Feature\Auth\MarketingAccessTest > marketing dashboard requires authentication                         
  Expected response status code [401] but received 500.
Failed asserting that 500 is identical to 401.

  at tests\Feature\Auth\BasePermissionTestCase.php:221
    217Γûò     protected function assertRouteRequiresAuth(string $method, string $uri, array $data = []): void
    218Γûò     {
    219Γûò         $response = $this->json($method, $uri, $data);
    220Γûò         
  Γ₧£ 221Γûò         $response->assertStatus(401);
    222Γûò     }
    223Γûò 
    224Γûò     /**
    225Γûò      * Assert user has all specified permissions

  1   tests\Feature\Auth\MarketingAccessTest.php:37

  ΓöÇΓöÇΓöÇΓöÇΓöÇΓöÇΓöÇΓöÇΓöÇΓöÇΓöÇΓöÇΓöÇΓöÇΓöÇΓöÇΓöÇΓöÇΓöÇΓöÇΓöÇΓöÇΓöÇΓöÇΓöÇΓöÇΓöÇΓöÇΓöÇΓöÇΓöÇΓöÇΓöÇΓöÇΓöÇΓöÇΓöÇΓöÇΓöÇΓöÇΓöÇΓöÇΓöÇΓöÇΓöÇΓöÇΓöÇΓöÇΓöÇΓöÇΓöÇΓöÇΓöÇΓöÇΓöÇΓöÇΓöÇΓöÇΓöÇΓöÇΓöÇΓöÇΓöÇΓöÇΓöÇΓöÇΓöÇΓöÇΓöÇΓöÇΓöÇΓöÇΓöÇΓöÇΓöÇΓöÇΓöÇΓöÇΓöÇΓöÇΓöÇΓöÇΓöÇΓöÇΓöÇΓöÇΓöÇΓöÇΓöÇΓöÇΓöÇΓöÇΓöÇΓöÇΓöÇΓöÇΓöÇΓöÇΓöÇΓöÇΓöÇΓöÇΓöÇΓöÇΓöÇΓöÇΓöÇΓöÇΓöÇΓöÇΓöÇΓöÇΓöÇΓöÇΓöÇΓöÇ  
   FAILED  Tests\Feature\Auth\ProjectManagementAccessTest > admin index contracts requires authentication               
  Expected response status code [401] but received 500.
Failed asserting that 500 is identical to 401.

  at tests\Feature\Auth\BasePermissionTestCase.php:221
    217Γûò     protected function assertRouteRequiresAuth(string $method, string $uri, array $data = []): void
    218Γûò     {
    219Γûò         $response = $this->json($method, $uri, $data);
    220Γûò         
  Γ₧£ 221Γûò         $response->assertStatus(401);
    222Γûò     }
    223Γûò 
    224Γûò     /**
    225Γûò      * Assert user has all specified permissions

  1   tests\Feature\Auth\ProjectManagementAccessTest.php:32

  ΓöÇΓöÇΓöÇΓöÇΓöÇΓöÇΓöÇΓöÇΓöÇΓöÇΓöÇΓöÇΓöÇΓöÇΓöÇΓöÇΓöÇΓöÇΓöÇΓöÇΓöÇΓöÇΓöÇΓöÇΓöÇΓöÇΓöÇΓöÇΓöÇΓöÇΓöÇΓöÇΓöÇΓöÇΓöÇΓöÇΓöÇΓöÇΓöÇΓöÇΓöÇΓöÇΓöÇΓöÇΓöÇΓöÇΓöÇΓöÇΓöÇΓöÇΓöÇΓöÇΓöÇΓöÇΓöÇΓöÇΓöÇΓöÇΓöÇΓöÇΓöÇΓöÇΓöÇΓöÇΓöÇΓöÇΓöÇΓöÇΓöÇΓöÇΓöÇΓöÇΓöÇΓöÇΓöÇΓöÇΓöÇΓöÇΓöÇΓöÇΓöÇΓöÇΓöÇΓöÇΓöÇΓöÇΓöÇΓöÇΓöÇΓöÇΓöÇΓöÇΓöÇΓöÇΓöÇΓöÇΓöÇΓöÇΓöÇΓöÇΓöÇΓöÇΓöÇΓöÇΓöÇΓöÇΓöÇΓöÇΓöÇΓöÇΓöÇΓöÇΓöÇΓöÇΓöÇΓöÇ  
   FAILED  Tests\Feature\Auth\SalesAccessTest > sales dashboard requires authentication                                 
  Expected response status code [401] but received 500.
Failed asserting that 500 is identical to 401.

  at tests\Feature\Auth\BasePermissionTestCase.php:221
    217Γûò     protected function assertRouteRequiresAuth(string $method, string $uri, array $data = []): void
    218Γûò     {
    219Γûò         $response = $this->json($method, $uri, $data);
    220Γûò         
  Γ₧£ 221Γûò         $response->assertStatus(401);
    222Γûò     }
    223Γûò 
    224Γûò     /**
    225Γûò      * Assert user has all specified permissions

  1   tests\Feature\Auth\SalesAccessTest.php:35

  ΓöÇΓöÇΓöÇΓöÇΓöÇΓöÇΓöÇΓöÇΓöÇΓöÇΓöÇΓöÇΓöÇΓöÇΓöÇΓöÇΓöÇΓöÇΓöÇΓöÇΓöÇΓöÇΓöÇΓöÇΓöÇΓöÇΓöÇΓöÇΓöÇΓöÇΓöÇΓöÇΓöÇΓöÇΓöÇΓöÇΓöÇΓöÇΓöÇΓöÇΓöÇΓöÇΓöÇΓöÇΓöÇΓöÇΓöÇΓöÇΓöÇΓöÇΓöÇΓöÇΓöÇΓöÇΓöÇΓöÇΓöÇΓöÇΓöÇΓöÇΓöÇΓöÇΓöÇΓöÇΓöÇΓöÇΓöÇΓöÇΓöÇΓöÇΓöÇΓöÇΓöÇΓöÇΓöÇΓöÇΓöÇΓöÇΓöÇΓöÇΓöÇΓöÇΓöÇΓöÇΓöÇΓöÇΓöÇΓöÇΓöÇΓöÇΓöÇΓöÇΓöÇΓöÇΓöÇΓöÇΓöÇΓöÇΓöÇΓöÇΓöÇΓöÇΓöÇΓöÇΓöÇΓöÇΓöÇΓöÇΓöÇΓöÇΓöÇΓöÇΓöÇΓöÇΓöÇΓöÇ  
   FAILED  Tests\Feature\Credit\AccountingConfirmationTest > accounting user can list pending confirmations             
  Failed asserting that null is identical to 3.

  at tests\Feature\Credit\AccountingConfirmationTest.php:59
     55Γûò         $response = $this->actingAs($this->accountingUser)
     56Γûò             ->getJson('/api/accounting/pending-confirmations');
     57Γûò 
     58Γûò         $response->assertStatus(200)
  Γ₧£  59Γûò             ->assertJsonPath('meta.total', 3);
     60Γûò     }
     61Γûò 
     62Γûò     public function test_accounting_user_can_confirm_down_payment(): void
     63Γûò     {

  ΓöÇΓöÇΓöÇΓöÇΓöÇΓöÇΓöÇΓöÇΓöÇΓöÇΓöÇΓöÇΓöÇΓöÇΓöÇΓöÇΓöÇΓöÇΓöÇΓöÇΓöÇΓöÇΓöÇΓöÇΓöÇΓöÇΓöÇΓöÇΓöÇΓöÇΓöÇΓöÇΓöÇΓöÇΓöÇΓöÇΓöÇΓöÇΓöÇΓöÇΓöÇΓöÇΓöÇΓöÇΓöÇΓöÇΓöÇΓöÇΓöÇΓöÇΓöÇΓöÇΓöÇΓöÇΓöÇΓöÇΓöÇΓöÇΓöÇΓöÇΓöÇΓöÇΓöÇΓöÇΓöÇΓöÇΓöÇΓöÇΓöÇΓöÇΓöÇΓöÇΓöÇΓöÇΓöÇΓöÇΓöÇΓöÇΓöÇΓöÇΓöÇΓöÇΓöÇΓöÇΓöÇΓöÇΓöÇΓöÇΓöÇΓöÇΓöÇΓöÇΓöÇΓöÇΓöÇΓöÇΓöÇΓöÇΓöÇΓöÇΓöÇΓöÇΓöÇΓöÇΓöÇΓöÇΓöÇΓöÇΓöÇΓöÇΓöÇΓöÇΓöÇΓöÇΓöÇΓöÇ  
   FAILED  Tests\Feature\Credit\AccountingConfirmationTest > can view confirmation history                              
  Failed asserting that null is identical to 5.

  at tests\Feature\Credit\AccountingConfirmationTest.php:125
    121Γûò         $response = $this->actingAs($this->accountingUser)
    122Γûò             ->getJson('/api/accounting/confirmations/history');
    123Γûò 
    124Γûò         $response->assertStatus(200)
  Γ₧£ 125Γûò             ->assertJsonPath('meta.total', 5);
    126Γûò     }
    127Γûò 
    128Γûò     public function test_admin_can_confirm_down_payment(): void
    129Γûò     {

  ΓöÇΓöÇΓöÇΓöÇΓöÇΓöÇΓöÇΓöÇΓöÇΓöÇΓöÇΓöÇΓöÇΓöÇΓöÇΓöÇΓöÇΓöÇΓöÇΓöÇΓöÇΓöÇΓöÇΓöÇΓöÇΓöÇΓöÇΓöÇΓöÇΓöÇΓöÇΓöÇΓöÇΓöÇΓöÇΓöÇΓöÇΓöÇΓöÇΓöÇΓöÇΓöÇΓöÇΓöÇΓöÇΓöÇΓöÇΓöÇΓöÇΓöÇΓöÇΓöÇΓöÇΓöÇΓöÇΓöÇΓöÇΓöÇΓöÇΓöÇΓöÇΓöÇΓöÇΓöÇΓöÇΓöÇΓöÇΓöÇΓöÇΓöÇΓöÇΓöÇΓöÇΓöÇΓöÇΓöÇΓöÇΓöÇΓöÇΓöÇΓöÇΓöÇΓöÇΓöÇΓöÇΓöÇΓöÇΓöÇΓöÇΓöÇΓöÇΓöÇΓöÇΓöÇΓöÇΓöÇΓöÇΓöÇΓöÇΓöÇΓöÇΓöÇΓöÇΓöÇΓöÇΓöÇΓöÇΓöÇΓöÇΓöÇΓöÇΓöÇΓöÇΓöÇΓöÇΓöÇ  
   FAILED  Tests\Feature\Credit\CreditDashboardTest > unauthenticated user cannot access dashboard                      
  Expected response status code [401] but received 500.
Failed asserting that 500 is identical to 401.

  at tests\Feature\Credit\CreditDashboardTest.php:92
     88Γûò     public function test_unauthenticated_user_cannot_access_dashboard(): void
     89Γûò     {
     90Γûò         $response = $this->getJson('/api/credit/dashboard');
     91Γûò 
  Γ₧£  92Γûò         $response->assertStatus(401);
     93Γûò     }
     94Γûò 
     95Γûò     public function test_dashboard_reflects_accurate_kpis(): void
     96Γûò     {

  ΓöÇΓöÇΓöÇΓöÇΓöÇΓöÇΓöÇΓöÇΓöÇΓöÇΓöÇΓöÇΓöÇΓöÇΓöÇΓöÇΓöÇΓöÇΓöÇΓöÇΓöÇΓöÇΓöÇΓöÇΓöÇΓöÇΓöÇΓöÇΓöÇΓöÇΓöÇΓöÇΓöÇΓöÇΓöÇΓöÇΓöÇΓöÇΓöÇΓöÇΓöÇΓöÇΓöÇΓöÇΓöÇΓöÇΓöÇΓöÇΓöÇΓöÇΓöÇΓöÇΓöÇΓöÇΓöÇΓöÇΓöÇΓöÇΓöÇΓöÇΓöÇΓöÇΓöÇΓöÇΓöÇΓöÇΓöÇΓöÇΓöÇΓöÇΓöÇΓöÇΓöÇΓöÇΓöÇΓöÇΓöÇΓöÇΓöÇΓöÇΓöÇΓöÇΓöÇΓöÇΓöÇΓöÇΓöÇΓöÇΓöÇΓöÇΓöÇΓöÇΓöÇΓöÇΓöÇΓöÇΓöÇΓöÇΓöÇΓöÇΓöÇΓöÇΓöÇΓöÇΓöÇΓöÇΓöÇΓöÇΓöÇΓöÇΓöÇΓöÇΓöÇΓöÇΓöÇΓöÇ  
   FAILED  Tests\Feature\DevelopersApiTest > developer list requires auth                                               
  Expected response status code [401] but received 500.
Failed asserting that 500 is identical to 401.

  at tests\Feature\DevelopersApiTest.php:24
     20Γûò 
     21Γûò     public function test_developer_list_requires_auth(): void
     22Γûò     {
     23Γûò         $response = $this->getJson('/api/developers');
  Γ₧£  24Γûò         $response->assertStatus(401);
     25Γûò     }
     26Γûò 
     27Γûò     public function test_developer_list_requires_contracts_view_permission(): void
     28Γûò     {

  ΓöÇΓöÇΓöÇΓöÇΓöÇΓöÇΓöÇΓöÇΓöÇΓöÇΓöÇΓöÇΓöÇΓöÇΓöÇΓöÇΓöÇΓöÇΓöÇΓöÇΓöÇΓöÇΓöÇΓöÇΓöÇΓöÇΓöÇΓöÇΓöÇΓöÇΓöÇΓöÇΓöÇΓöÇΓöÇΓöÇΓöÇΓöÇΓöÇΓöÇΓöÇΓöÇΓöÇΓöÇΓöÇΓöÇΓöÇΓöÇΓöÇΓöÇΓöÇΓöÇΓöÇΓöÇΓöÇΓöÇΓöÇΓöÇΓöÇΓöÇΓöÇΓöÇΓöÇΓöÇΓöÇΓöÇΓöÇΓöÇΓöÇΓöÇΓöÇΓöÇΓöÇΓöÇΓöÇΓöÇΓöÇΓöÇΓöÇΓöÇΓöÇΓöÇΓöÇΓöÇΓöÇΓöÇΓöÇΓöÇΓöÇΓöÇΓöÇΓöÇΓöÇΓöÇΓöÇΓöÇΓöÇΓöÇΓöÇΓöÇΓöÇΓöÇΓöÇΓöÇΓöÇΓöÇΓöÇΓöÇΓöÇΓöÇΓöÇΓöÇΓöÇΓöÇΓöÇΓöÇ  
   FAILED  Tests\Feature\DevelopersApiTest > developer list returns unique developers with projects units teams         
  Failed asserting that an array has the key 'total'.

  at tests\Feature\DevelopersApiTest.php:57
     53Γûò 
     54Γûò         $response = $this->actingAs($user)->getJson('/api/developers');
     55Γûò 
     56Γûò         $response->assertStatus(200)
  Γ₧£  57Γûò             ->assertJsonStructure([
     58Γûò                 'success',
     59Γûò                 'message',
     60Γûò                 'data' => [
     61Γûò                     '*' => [

  ΓöÇΓöÇΓöÇΓöÇΓöÇΓöÇΓöÇΓöÇΓöÇΓöÇΓöÇΓöÇΓöÇΓöÇΓöÇΓöÇΓöÇΓöÇΓöÇΓöÇΓöÇΓöÇΓöÇΓöÇΓöÇΓöÇΓöÇΓöÇΓöÇΓöÇΓöÇΓöÇΓöÇΓöÇΓöÇΓöÇΓöÇΓöÇΓöÇΓöÇΓöÇΓöÇΓöÇΓöÇΓöÇΓöÇΓöÇΓöÇΓöÇΓöÇΓöÇΓöÇΓöÇΓöÇΓöÇΓöÇΓöÇΓöÇΓöÇΓöÇΓöÇΓöÇΓöÇΓöÇΓöÇΓöÇΓöÇΓöÇΓöÇΓöÇΓöÇΓöÇΓöÇΓöÇΓöÇΓöÇΓöÇΓöÇΓöÇΓöÇΓöÇΓöÇΓöÇΓöÇΓöÇΓöÇΓöÇΓöÇΓöÇΓöÇΓöÇΓöÇΓöÇΓöÇΓöÇΓöÇΓöÇΓöÇΓöÇΓöÇΓöÇΓöÇΓöÇΓöÇΓöÇΓöÇΓöÇΓöÇΓöÇΓöÇΓöÇΓöÇΓöÇΓöÇΓöÇΓöÇ  
   FAILED  Tests\Feature\DevelopersApiTest > accounting user can access developers list                                 
  Failed asserting that null is identical to 1.

  at tests\Feature\DevelopersApiTest.php:103
     99Γûò 
    100Γûò         $response = $this->actingAs($user)->getJson('/api/developers');
    101Γûò         $response->assertStatus(200)
    102Γûò             ->assertJsonPath('success', true)
  Γ₧£ 103Γûò             ->assertJsonPath('meta.total', 1);
    104Γûò     }
    105Γûò 
    106Γûò     public function test_developer_detail_returns_200_with_same_data_shape_for_known_developer(): void
    107Γûò     {

  ΓöÇΓöÇΓöÇΓöÇΓöÇΓöÇΓöÇΓöÇΓöÇΓöÇΓöÇΓöÇΓöÇΓöÇΓöÇΓöÇΓöÇΓöÇΓöÇΓöÇΓöÇΓöÇΓöÇΓöÇΓöÇΓöÇΓöÇΓöÇΓöÇΓöÇΓöÇΓöÇΓöÇΓöÇΓöÇΓöÇΓöÇΓöÇΓöÇΓöÇΓöÇΓöÇΓöÇΓöÇΓöÇΓöÇΓöÇΓöÇΓöÇΓöÇΓöÇΓöÇΓöÇΓöÇΓöÇΓöÇΓöÇΓöÇΓöÇΓöÇΓöÇΓöÇΓöÇΓöÇΓöÇΓöÇΓöÇΓöÇΓöÇΓöÇΓöÇΓöÇΓöÇΓöÇΓöÇΓöÇΓöÇΓöÇΓöÇΓöÇΓöÇΓöÇΓöÇΓöÇΓöÇΓöÇΓöÇΓöÇΓöÇΓöÇΓöÇΓöÇΓöÇΓöÇΓöÇΓöÇΓöÇΓöÇΓöÇΓöÇΓöÇΓöÇΓöÇΓöÇΓöÇΓöÇΓöÇΓöÇΓöÇΓöÇΓöÇΓöÇΓöÇΓöÇΓöÇΓöÇ  
   FAILED  Tests\Feature\EmployeeRoleTest > admin can list all roles                                                    
  Expected response status code [200] but received 404.
Failed asserting that 404 is identical to 200.

  at tests\Feature\EmployeeRoleTest.php:52
     48Γûò     {
     49Γûò         $response = $this->actingAs($this->admin, 'sanctum')
     50Γûò             ->getJson('/api/admin/employees/roles');
     51Γûò 
  Γ₧£  52Γûò         $response->assertStatus(200)
     53Γûò             ->assertJsonStructure([
     54Γûò                 'message',
     55Γûò                 'data' => [
     56Γûò                     '*' => ['id', 'name']

  ΓöÇΓöÇΓöÇΓöÇΓöÇΓöÇΓöÇΓöÇΓöÇΓöÇΓöÇΓöÇΓöÇΓöÇΓöÇΓöÇΓöÇΓöÇΓöÇΓöÇΓöÇΓöÇΓöÇΓöÇΓöÇΓöÇΓöÇΓöÇΓöÇΓöÇΓöÇΓöÇΓöÇΓöÇΓöÇΓöÇΓöÇΓöÇΓöÇΓöÇΓöÇΓöÇΓöÇΓöÇΓöÇΓöÇΓöÇΓöÇΓöÇΓöÇΓöÇΓöÇΓöÇΓöÇΓöÇΓöÇΓöÇΓöÇΓöÇΓöÇΓöÇΓöÇΓöÇΓöÇΓöÇΓöÇΓöÇΓöÇΓöÇΓöÇΓöÇΓöÇΓöÇΓöÇΓöÇΓöÇΓöÇΓöÇΓöÇΓöÇΓöÇΓöÇΓöÇΓöÇΓöÇΓöÇΓöÇΓöÇΓöÇΓöÇΓöÇΓöÇΓöÇΓöÇΓöÇΓöÇΓöÇΓöÇΓöÇΓöÇΓöÇΓöÇΓöÇΓöÇΓöÇΓöÇΓöÇΓöÇΓöÇΓöÇΓöÇΓöÇΓöÇΓöÇΓöÇΓöÇ  
   FAILED  Tests\Feature\EmployeeRoleTest > non admin cannot list roles                                                 
  Expected response status code [403] but received 404.
Failed asserting that 404 is identical to 403.

  at tests\Feature\EmployeeRoleTest.php:73
     69Γûò 
     70Γûò         $response = $this->actingAs($user, 'sanctum')
     71Γûò             ->getJson('/api/admin/employees/roles');
     72Γûò 
  Γ₧£  73Γûò         $response->assertStatus(403);
     74Γûò     }
     75Γûò 
     76Γûò     #[Test]
     77Γûò     public function admin_can_add_employee_with_specific_role()

  ΓöÇΓöÇΓöÇΓöÇΓöÇΓöÇΓöÇΓöÇΓöÇΓöÇΓöÇΓöÇΓöÇΓöÇΓöÇΓöÇΓöÇΓöÇΓöÇΓöÇΓöÇΓöÇΓöÇΓöÇΓöÇΓöÇΓöÇΓöÇΓöÇΓöÇΓöÇΓöÇΓöÇΓöÇΓöÇΓöÇΓöÇΓöÇΓöÇΓöÇΓöÇΓöÇΓöÇΓöÇΓöÇΓöÇΓöÇΓöÇΓöÇΓöÇΓöÇΓöÇΓöÇΓöÇΓöÇΓöÇΓöÇΓöÇΓöÇΓöÇΓöÇΓöÇΓöÇΓöÇΓöÇΓöÇΓöÇΓöÇΓöÇΓöÇΓöÇΓöÇΓöÇΓöÇΓöÇΓöÇΓöÇΓöÇΓöÇΓöÇΓöÇΓöÇΓöÇΓöÇΓöÇΓöÇΓöÇΓöÇΓöÇΓöÇΓöÇΓöÇΓöÇΓöÇΓöÇΓöÇΓöÇΓöÇΓöÇΓöÇΓöÇΓöÇΓöÇΓöÇΓöÇΓöÇΓöÇΓöÇΓöÇΓöÇΓöÇΓöÇΓöÇΓöÇΓöÇΓöÇ  
   FAILED  Tests\Feature\EmployeeRoleTest > admin can add employee with specific role                                   
  Expected response status code [201] but received 404.
Failed asserting that 404 is identical to 201.

  at tests\Feature\EmployeeRoleTest.php:92
     88Γûò 
     89Γûò         $response = $this->actingAs($this->admin, 'sanctum')
     90Γûò             ->postJson('/api/admin/employees/add_employee', $employeeData);
     91Γûò 
  Γ₧£  92Γûò         $response->assertStatus(201)
     93Γûò             ->assertJsonStructure([
     94Γûò                 'data' => ['id', 'name', 'email'],
     95Γûò                 'message'
     96Γûò             ]);

  ΓöÇΓöÇΓöÇΓöÇΓöÇΓöÇΓöÇΓöÇΓöÇΓöÇΓöÇΓöÇΓöÇΓöÇΓöÇΓöÇΓöÇΓöÇΓöÇΓöÇΓöÇΓöÇΓöÇΓöÇΓöÇΓöÇΓöÇΓöÇΓöÇΓöÇΓöÇΓöÇΓöÇΓöÇΓöÇΓöÇΓöÇΓöÇΓöÇΓöÇΓöÇΓöÇΓöÇΓöÇΓöÇΓöÇΓöÇΓöÇΓöÇΓöÇΓöÇΓöÇΓöÇΓöÇΓöÇΓöÇΓöÇΓöÇΓöÇΓöÇΓöÇΓöÇΓöÇΓöÇΓöÇΓöÇΓöÇΓöÇΓöÇΓöÇΓöÇΓöÇΓöÇΓöÇΓöÇΓöÇΓöÇΓöÇΓöÇΓöÇΓöÇΓöÇΓöÇΓöÇΓöÇΓöÇΓöÇΓöÇΓöÇΓöÇΓöÇΓöÇΓöÇΓöÇΓöÇΓöÇΓöÇΓöÇΓöÇΓöÇΓöÇΓöÇΓöÇΓöÇΓöÇΓöÇΓöÇΓöÇΓöÇΓöÇΓöÇΓöÇΓöÇΓöÇΓöÇΓöÇ  
   FAILED  Tests\Feature\EmployeeRoleTest > admin can add employee without role and it syncs from type                  
  Expected response status code [201] but received 404.
Failed asserting that 404 is identical to 201.

  at tests\Feature\EmployeeRoleTest.php:118
    114Γûò 
    115Γûò         $response = $this->actingAs($this->admin, 'sanctum')
    116Γûò             ->postJson('/api/admin/employees/add_employee', $employeeData);
    117Γûò 
  Γ₧£ 118Γûò         $response->assertStatus(201);
    119Γûò 
    120Γûò         $user = User::where('email', 'employee2@test.com')->first();
    121Γûò         $this->assertNotNull($user);
    122Γûò         $this->assertTrue($user->hasRole('sales'));

  ΓöÇΓöÇΓöÇΓöÇΓöÇΓöÇΓöÇΓöÇΓöÇΓöÇΓöÇΓöÇΓöÇΓöÇΓöÇΓöÇΓöÇΓöÇΓöÇΓöÇΓöÇΓöÇΓöÇΓöÇΓöÇΓöÇΓöÇΓöÇΓöÇΓöÇΓöÇΓöÇΓöÇΓöÇΓöÇΓöÇΓöÇΓöÇΓöÇΓöÇΓöÇΓöÇΓöÇΓöÇΓöÇΓöÇΓöÇΓöÇΓöÇΓöÇΓöÇΓöÇΓöÇΓöÇΓöÇΓöÇΓöÇΓöÇΓöÇΓöÇΓöÇΓöÇΓöÇΓöÇΓöÇΓöÇΓöÇΓöÇΓöÇΓöÇΓöÇΓöÇΓöÇΓöÇΓöÇΓöÇΓöÇΓöÇΓöÇΓöÇΓöÇΓöÇΓöÇΓöÇΓöÇΓöÇΓöÇΓöÇΓöÇΓöÇΓöÇΓöÇΓöÇΓöÇΓöÇΓöÇΓöÇΓöÇΓöÇΓöÇΓöÇΓöÇΓöÇΓöÇΓöÇΓöÇΓöÇΓöÇΓöÇΓöÇΓöÇΓöÇΓöÇΓöÇΓöÇΓöÇ  
   FAILED  Tests\Feature\EmployeeRoleTest > validation fails when role does not exist                                   
  Expected response status code [422] but received 404.
Failed asserting that 404 is identical to 422.

  at tests\Feature\EmployeeRoleTest.php:141
    137Γûò 
    138Γûò         $response = $this->actingAs($this->admin, 'sanctum')
    139Γûò             ->postJson('/api/admin/employees/add_employee', $employeeData);
    140Γûò 
  Γ₧£ 141Γûò         $response->assertStatus(422)
    142Γûò             ->assertJsonValidationErrors(['role']);
    143Γûò     }
    144Γûò 
    145Γûò     #[Test]

  ΓöÇΓöÇΓöÇΓöÇΓöÇΓöÇΓöÇΓöÇΓöÇΓöÇΓöÇΓöÇΓöÇΓöÇΓöÇΓöÇΓöÇΓöÇΓöÇΓöÇΓöÇΓöÇΓöÇΓöÇΓöÇΓöÇΓöÇΓöÇΓöÇΓöÇΓöÇΓöÇΓöÇΓöÇΓöÇΓöÇΓöÇΓöÇΓöÇΓöÇΓöÇΓöÇΓöÇΓöÇΓöÇΓöÇΓöÇΓöÇΓöÇΓöÇΓöÇΓöÇΓöÇΓöÇΓöÇΓöÇΓöÇΓöÇΓöÇΓöÇΓöÇΓöÇΓöÇΓöÇΓöÇΓöÇΓöÇΓöÇΓöÇΓöÇΓöÇΓöÇΓöÇΓöÇΓöÇΓöÇΓöÇΓöÇΓöÇΓöÇΓöÇΓöÇΓöÇΓöÇΓöÇΓöÇΓöÇΓöÇΓöÇΓöÇΓöÇΓöÇΓöÇΓöÇΓöÇΓöÇΓöÇΓöÇΓöÇΓöÇΓöÇΓöÇΓöÇΓöÇΓöÇΓöÇΓöÇΓöÇΓöÇΓöÇΓöÇΓöÇΓöÇΓöÇΓöÇΓöÇ  
   FAILED  Tests\Feature\EmployeeRoleTest > admin can update employee role                                              
  Expected response status code [200] but received 404.
Failed asserting that 404 is identical to 200.

  at tests\Feature\EmployeeRoleTest.php:165
    161Γûò 
    162Γûò         $response = $this->actingAs($this->admin, 'sanctum')
    163Γûò             ->putJson("/api/admin/employees/update_employee/{$employee->id}", $updateData);
    164Γûò 
  Γ₧£ 165Γûò         $response->assertStatus(200);
    166Γûò 
    167Γûò         $employee->refresh();
    168Γûò         $this->assertTrue($employee->hasRole('marketing'));
    169Γûò         $this->assertFalse($employee->hasRole('sales'));

  ΓöÇΓöÇΓöÇΓöÇΓöÇΓöÇΓöÇΓöÇΓöÇΓöÇΓöÇΓöÇΓöÇΓöÇΓöÇΓöÇΓöÇΓöÇΓöÇΓöÇΓöÇΓöÇΓöÇΓöÇΓöÇΓöÇΓöÇΓöÇΓöÇΓöÇΓöÇΓöÇΓöÇΓöÇΓöÇΓöÇΓöÇΓöÇΓöÇΓöÇΓöÇΓöÇΓöÇΓöÇΓöÇΓöÇΓöÇΓöÇΓöÇΓöÇΓöÇΓöÇΓöÇΓöÇΓöÇΓöÇΓöÇΓöÇΓöÇΓöÇΓöÇΓöÇΓöÇΓöÇΓöÇΓöÇΓöÇΓöÇΓöÇΓöÇΓöÇΓöÇΓöÇΓöÇΓöÇΓöÇΓöÇΓöÇΓöÇΓöÇΓöÇΓöÇΓöÇΓöÇΓöÇΓöÇΓöÇΓöÇΓöÇΓöÇΓöÇΓöÇΓöÇΓöÇΓöÇΓöÇΓöÇΓöÇΓöÇΓöÇΓöÇΓöÇΓöÇΓöÇΓöÇΓöÇΓöÇΓöÇΓöÇΓöÇΓöÇΓöÇΓöÇΓöÇΓöÇΓöÇ  
   FAILED  Tests\Feature\EmployeeRoleTest > admin can update employee without role and it syncs from type               
  Expected response status code [200] but received 404.
Failed asserting that 404 is identical to 200.

  at tests\Feature\EmployeeRoleTest.php:191
    187Γûò 
    188Γûò         $response = $this->actingAs($this->admin, 'sanctum')
    189Γûò             ->putJson("/api/admin/employees/update_employee/{$employee->id}", $updateData);
    190Γûò 
  Γ₧£ 191Γûò         $response->assertStatus(200);
    192Γûò 
    193Γûò         $employee->refresh();
    194Γûò         $this->assertTrue($employee->hasRole('sales_leader'));
    195Γûò     }

  ΓöÇΓöÇΓöÇΓöÇΓöÇΓöÇΓöÇΓöÇΓöÇΓöÇΓöÇΓöÇΓöÇΓöÇΓöÇΓöÇΓöÇΓöÇΓöÇΓöÇΓöÇΓöÇΓöÇΓöÇΓöÇΓöÇΓöÇΓöÇΓöÇΓöÇΓöÇΓöÇΓöÇΓöÇΓöÇΓöÇΓöÇΓöÇΓöÇΓöÇΓöÇΓöÇΓöÇΓöÇΓöÇΓöÇΓöÇΓöÇΓöÇΓöÇΓöÇΓöÇΓöÇΓöÇΓöÇΓöÇΓöÇΓöÇΓöÇΓöÇΓöÇΓöÇΓöÇΓöÇΓöÇΓöÇΓöÇΓöÇΓöÇΓöÇΓöÇΓöÇΓöÇΓöÇΓöÇΓöÇΓöÇΓöÇΓöÇΓöÇΓöÇΓöÇΓöÇΓöÇΓöÇΓöÇΓöÇΓöÇΓöÇΓöÇΓöÇΓöÇΓöÇΓöÇΓöÇΓöÇΓöÇΓöÇΓöÇΓöÇΓöÇΓöÇΓöÇΓöÇΓöÇΓöÇΓöÇΓöÇΓöÇΓöÇΓöÇΓöÇΓöÇΓöÇΓöÇΓöÇ  
   FAILED  Tests\Feature\EmployeeRoleTest > validation fails when updating with nonexistent role                        
  Expected response status code [422] but received 404.
Failed asserting that 404 is identical to 422.

  at tests\Feature\EmployeeRoleTest.php:213
    209Γûò 
    210Γûò         $response = $this->actingAs($this->admin, 'sanctum')
    211Γûò             ->putJson("/api/admin/employees/update_employee/{$employee->id}", $updateData);
    212Γûò 
  Γ₧£ 213Γûò         $response->assertStatus(422)
    214Γûò             ->assertJsonValidationErrors(['role']);
    215Γûò     }
    216Γûò 
    217Γûò     #[Test]

  ΓöÇΓöÇΓöÇΓöÇΓöÇΓöÇΓöÇΓöÇΓöÇΓöÇΓöÇΓöÇΓöÇΓöÇΓöÇΓöÇΓöÇΓöÇΓöÇΓöÇΓöÇΓöÇΓöÇΓöÇΓöÇΓöÇΓöÇΓöÇΓöÇΓöÇΓöÇΓöÇΓöÇΓöÇΓöÇΓöÇΓöÇΓöÇΓöÇΓöÇΓöÇΓöÇΓöÇΓöÇΓöÇΓöÇΓöÇΓöÇΓöÇΓöÇΓöÇΓöÇΓöÇΓöÇΓöÇΓöÇΓöÇΓöÇΓöÇΓöÇΓöÇΓöÇΓöÇΓöÇΓöÇΓöÇΓöÇΓöÇΓöÇΓöÇΓöÇΓöÇΓöÇΓöÇΓöÇΓöÇΓöÇΓöÇΓöÇΓöÇΓöÇΓöÇΓöÇΓöÇΓöÇΓöÇΓöÇΓöÇΓöÇΓöÇΓöÇΓöÇΓöÇΓöÇΓöÇΓöÇΓöÇΓöÇΓöÇΓöÇΓöÇΓöÇΓöÇΓöÇΓöÇΓöÇΓöÇΓöÇΓöÇΓöÇΓöÇΓöÇΓöÇΓöÇΓöÇΓöÇ  
   FAILED  Tests\Feature\EmployeeRoleTest > admin can assign different role than type suggests                          
  Expected response status code [201] but received 404.
Failed asserting that 404 is identical to 201.

  at tests\Feature\EmployeeRoleTest.php:234
    230Γûò 
    231Γûò         $response = $this->actingAs($this->admin, 'sanctum')
    232Γûò             ->postJson('/api/admin/employees/add_employee', $employeeData);
    233Γûò 
  Γ₧£ 234Γûò         $response->assertStatus(201);
    235Γûò 
    236Γûò         $user = User::where('email', 'crossrole@test.com')->first();
    237Γûò         $this->assertNotNull($user);
    238Γûò         $this->assertEquals('sales', $user->type);

  ΓöÇΓöÇΓöÇΓöÇΓöÇΓöÇΓöÇΓöÇΓöÇΓöÇΓöÇΓöÇΓöÇΓöÇΓöÇΓöÇΓöÇΓöÇΓöÇΓöÇΓöÇΓöÇΓöÇΓöÇΓöÇΓöÇΓöÇΓöÇΓöÇΓöÇΓöÇΓöÇΓöÇΓöÇΓöÇΓöÇΓöÇΓöÇΓöÇΓöÇΓöÇΓöÇΓöÇΓöÇΓöÇΓöÇΓöÇΓöÇΓöÇΓöÇΓöÇΓöÇΓöÇΓöÇΓöÇΓöÇΓöÇΓöÇΓöÇΓöÇΓöÇΓöÇΓöÇΓöÇΓöÇΓöÇΓöÇΓöÇΓöÇΓöÇΓöÇΓöÇΓöÇΓöÇΓöÇΓöÇΓöÇΓöÇΓöÇΓöÇΓöÇΓöÇΓöÇΓöÇΓöÇΓöÇΓöÇΓöÇΓöÇΓöÇΓöÇΓöÇΓöÇΓöÇΓöÇΓöÇΓöÇΓöÇΓöÇΓöÇΓöÇΓöÇΓöÇΓöÇΓöÇΓöÇΓöÇΓöÇΓöÇΓöÇΓöÇΓöÇΓöÇΓöÇΓöÇΓöÇ  
   FAILED  Tests\Feature\EmployeeRoleTest > roles endpoint returns all available roles                                  
  Expected response status code [200] but received 404.
Failed asserting that 404 is identical to 200.

  at tests\Feature\EmployeeRoleTest.php:253
    249Γûò 
    250Γûò         $response = $this->actingAs($this->admin, 'sanctum')
    251Γûò             ->getJson('/api/admin/employees/roles');
    252Γûò 
  Γ₧£ 253Γûò         $response->assertStatus(200);
    254Γûò 
    255Γûò         $roles = $response->json('data');
    256Γûò         $roleNames = array_column($roles, 'name');
    257Γûò

  ΓöÇΓöÇΓöÇΓöÇΓöÇΓöÇΓöÇΓöÇΓöÇΓöÇΓöÇΓöÇΓöÇΓöÇΓöÇΓöÇΓöÇΓöÇΓöÇΓöÇΓöÇΓöÇΓöÇΓöÇΓöÇΓöÇΓöÇΓöÇΓöÇΓöÇΓöÇΓöÇΓöÇΓöÇΓöÇΓöÇΓöÇΓöÇΓöÇΓöÇΓöÇΓöÇΓöÇΓöÇΓöÇΓöÇΓöÇΓöÇΓöÇΓöÇΓöÇΓöÇΓöÇΓöÇΓöÇΓöÇΓöÇΓöÇΓöÇΓöÇΓöÇΓöÇΓöÇΓöÇΓöÇΓöÇΓöÇΓöÇΓöÇΓöÇΓöÇΓöÇΓöÇΓöÇΓöÇΓöÇΓöÇΓöÇΓöÇΓöÇΓöÇΓöÇΓöÇΓöÇΓöÇΓöÇΓöÇΓöÇΓöÇΓöÇΓöÇΓöÇΓöÇΓöÇΓöÇΓöÇΓöÇΓöÇΓöÇΓöÇΓöÇΓöÇΓöÇΓöÇΓöÇΓöÇΓöÇΓöÇΓöÇΓöÇΓöÇΓöÇΓöÇΓöÇΓöÇΓöÇ  
   FAILED  Tests\Feature\HR\HrDashboardTest > unauthenticated user cannot access dashboard                              
  Expected response status code [401] but received 500.
Failed asserting that 500 is identical to 401.

  at tests\Feature\HR\HrDashboardTest.php:62
     58Γûò     public function test_unauthenticated_user_cannot_access_dashboard(): void
     59Γûò     {
     60Γûò         $response = $this->getJson('/api/hr/dashboard');
     61Γûò 
  Γ₧£  62Γûò         $response->assertStatus(401);
     63Γûò     }
     64Γûò 
     65Γûò     public function test_dashboard_returns_correct_employee_count(): void
     66Γûò     {

  ΓöÇΓöÇΓöÇΓöÇΓöÇΓöÇΓöÇΓöÇΓöÇΓöÇΓöÇΓöÇΓöÇΓöÇΓöÇΓöÇΓöÇΓöÇΓöÇΓöÇΓöÇΓöÇΓöÇΓöÇΓöÇΓöÇΓöÇΓöÇΓöÇΓöÇΓöÇΓöÇΓöÇΓöÇΓöÇΓöÇΓöÇΓöÇΓöÇΓöÇΓöÇΓöÇΓöÇΓöÇΓöÇΓöÇΓöÇΓöÇΓöÇΓöÇΓöÇΓöÇΓöÇΓöÇΓöÇΓöÇΓöÇΓöÇΓöÇΓöÇΓöÇΓöÇΓöÇΓöÇΓöÇΓöÇΓöÇΓöÇΓöÇΓöÇΓöÇΓöÇΓöÇΓöÇΓöÇΓöÇΓöÇΓöÇΓöÇΓöÇΓöÇΓöÇΓöÇΓöÇΓöÇΓöÇΓöÇΓöÇΓöÇΓöÇΓöÇΓöÇΓöÇΓöÇΓöÇΓöÇΓöÇΓöÇΓöÇΓöÇΓöÇΓöÇΓöÇΓöÇΓöÇΓöÇΓöÇΓöÇΓöÇΓöÇΓöÇΓöÇΓöÇΓöÇΓöÇΓöÇ  
   FAILED  Tests\Feature\HR\HrUserTest > hr user can list employees                                                     
  Failed asserting that an array has the key 'total'.

  at tests\Feature\HR\HrUserTest.php:69
     65Γûò         $response->assertStatus(200)
     66Γûò             ->assertJson([
     67Γûò                 'success' => true,
     68Γûò             ])
  Γ₧£  69Γûò             ->assertJsonStructure([
     70Γûò                 'data',
     71Γûò                 'meta' => ['total', 'per_page', 'current_page', 'last_page'],
     72Γûò             ]);
     73Γûò     }

  ΓöÇΓöÇΓöÇΓöÇΓöÇΓöÇΓöÇΓöÇΓöÇΓöÇΓöÇΓöÇΓöÇΓöÇΓöÇΓöÇΓöÇΓöÇΓöÇΓöÇΓöÇΓöÇΓöÇΓöÇΓöÇΓöÇΓöÇΓöÇΓöÇΓöÇΓöÇΓöÇΓöÇΓöÇΓöÇΓöÇΓöÇΓöÇΓöÇΓöÇΓöÇΓöÇΓöÇΓöÇΓöÇΓöÇΓöÇΓöÇΓöÇΓöÇΓöÇΓöÇΓöÇΓöÇΓöÇΓöÇΓöÇΓöÇΓöÇΓöÇΓöÇΓöÇΓöÇΓöÇΓöÇΓöÇΓöÇΓöÇΓöÇΓöÇΓöÇΓöÇΓöÇΓöÇΓöÇΓöÇΓöÇΓöÇΓöÇΓöÇΓöÇΓöÇΓöÇΓöÇΓöÇΓöÇΓöÇΓöÇΓöÇΓöÇΓöÇΓöÇΓöÇΓöÇΓöÇΓöÇΓöÇΓöÇΓöÇΓöÇΓöÇΓöÇΓöÇΓöÇΓöÇΓöÇΓöÇΓöÇΓöÇΓöÇΓöÇΓöÇΓöÇΓöÇΓöÇΓöÇ  
   FAILED  Tests\Feature\Marketing\MarketingProjectTest > it can list marketing projects                                
  Expected response status code [200] but received 500.
Failed asserting that 500 is identical to 200.

The following exception occurred during the last request:

Error: Call to a member function where() on array in C:\Users\Yusuf\OneDrive\Desktop\Rakez - Copy\rakez-erp\app\Http\Resources\Marketing\MarketingProjectResource.php:17
Stack trace:
#0 C:\Users\Yusuf\OneDrive\Desktop\Rakez - Copy\rakez-erp\vendor\laravel\framework\src\Illuminate\Collections\HigherOrderCollectionProxy.php(66): App\Http\Resources\Marketing\MarketingProjectResource->toArray(Object(Illuminate\Http\Request))
#1 [internal function]: Illuminate\Support\HigherOrderCollectionProxy->Illuminate\Support\{closure}(Object(App\Http\Resources\Marketing\MarketingProjectResource), 0)
#2 C:\Users\Yusuf\OneDrive\Desktop\Rakez - Copy\rakez-erp\vendor\laravel\framework\src\Illuminate\Collections\Arr.php(786): array_map(Object(Closure), Array, Array)
#3 C:\Users\Yusuf\OneDrive\Desktop\Rakez - Copy\rakez-erp\vendor\laravel\framework\src\Illuminate\Collections\Collection.php(814): Illuminate\Support\Arr::map(Array, Object(Closure))
#4 C:\Users\Yusuf\OneDrive\Desktop\Rakez - Copy\rakez-erp\vendor\laravel\framework\src\Illuminate\Collections\HigherOrderCollectionProxy.php(63): Illuminate\Support\Collection->map(Object(Closure))
#5 C:\Users\Yusuf\OneDrive\Desktop\Rakez - Copy\rakez-erp\vendor\laravel\framework\src\Illuminate\Http\Resources\Json\ResourceCollection.php(101): Illuminate\Support\HigherOrderCollectionProxy->__call('toArray', Array)
#6 C:\Users\Yusuf\OneDrive\Desktop\Rakez - Copy\rakez-erp\vendor\laravel\framework\src\Illuminate\Http\Resources\Json\JsonResource.php(114): Illuminate\Http\Resources\Json\ResourceCollection->toArray(Object(Illuminate\Http\Request))
#7 C:\Users\Yusuf\OneDrive\Desktop\Rakez - Copy\rakez-erp\app\Http\Controllers\Marketing\MarketingProjectController.php(22): Illuminate\Http\Resources\Json\JsonResource->resolve()
#8 C:\Users\Yusuf\OneDrive\Desktop\Rakez - Copy\rakez-erp\vendor\laravel\framework\src\Illuminate\Routing\Controller.php(54): App\Http\Controllers\Marketing\MarketingProjectController->index(Object(Illuminate\Http\Request))
#9 C:\Users\Yusuf\OneDrive\Desktop\Rakez - Copy\rakez-erp\vendor\laravel\framework\src\Illuminate\Routing\ControllerDispatcher.php(43): Illuminate\Routing\Controller->callAction('index', Array)
#10 C:\Users\Yusuf\OneDrive\Desktop\Rakez - Copy\rakez-erp\vendor\laravel\framework\src\Illuminate\Routing\Route.php(265): Illuminate\Routing\ControllerDispatcher->dispatch(Object(Illuminate\Routing\Route), Object(App\Http\Controllers\Marketing\MarketingProjectController), 'index')
#11 C:\Users\Yusuf\OneDrive\Desktop\Rakez - Copy\rakez-erp\vendor\laravel\framework\src\Illuminate\Routing\Route.php(211): Illuminate\Routing\Route->runController()
#12 C:\Users\Yusuf\OneDrive\Desktop\Rakez - Copy\rakez-erp\vendor\laravel\framework\src\Illuminate\Routing\Router.php(822): Illuminate\Routing\Route->run()
#13 C:\Users\Yusuf\OneDrive\Desktop\Rakez - Copy\rakez-erp\vendor\laravel\framework\src\Illuminate\Pipeline\Pipeline.php(180): Illuminate\Routing\Router->Illuminate\Routing\{closure}(Object(Illuminate\Http\Request))
#14 C:\Users\Yusuf\OneDrive\Desktop\Rakez - Copy\rakez-erp\vendor\spatie\laravel-permission\src\Middleware\PermissionMiddleware.php(37): Illuminate\Pipeline\Pipeline->Illuminate\Pipeline\{closure}(Object(Illuminate\Http\Request))
#15 C:\Users\Yusuf\OneDrive\Desktop\Rakez - Copy\rakez-erp\vendor\laravel\framework\src\Illuminate\Pipeline\Pipeline.php(219): Spatie\Permission\Middleware\PermissionMiddleware->handle(Object(Illuminate\Http\Request), Object(Closure), 'marketing.proje...')
#16 C:\Users\Yusuf\OneDrive\Desktop\Rakez - Copy\rakez-erp\vendor\spatie\laravel-permission\src\Middleware\RoleMiddleware.php(37): Illuminate\Pipeline\Pipeline->Illuminate\Pipeline\{closure}(Object(Illuminate\Http\Request))
#17 C:\Users\Yusuf\OneDrive\Desktop\Rakez - Copy\rakez-erp\vendor\laravel\framework\src\Illuminate\Pipeline\Pipeline.php(219): Spatie\Permission\Middleware\RoleMiddleware->handle(Object(Illuminate\Http\Request), Object(Closure), 'marketing|admin')
#18 C:\Users\Yusuf\OneDrive\Desktop\Rakez - Copy\rakez-erp\vendor\laravel\framework\src\Illuminate\Routing\Middleware\SubstituteBindings.php(50): Illuminate\Pipeline\Pipeline->Illuminate\Pipeline\{closure}(Object(Illuminate\Http\Request))
#19 C:\Users\Yusuf\OneDrive\Desktop\Rakez - Copy\rakez-erp\vendor\laravel\framework\src\Illuminate\Pipeline\Pipeline.php(219): Illuminate\Routing\Middleware\SubstituteBindings->handle(Object(Illuminate\Http\Request), Object(Closure))
#20 C:\Users\Yusuf\OneDrive\Desktop\Rakez - Copy\rakez-erp\vendor\laravel\framework\src\Illuminate\Auth\Middleware\Authenticate.php(63): Illuminate\Pipeline\Pipeline->Illuminate\Pipeline\{closure}(Object(Illuminate\Http\Request))
#21 C:\Users\Yusuf\OneDrive\Desktop\Rakez - Copy\rakez-erp\vendor\laravel\framework\src\Illuminate\Pipeline\Pipeline.php(219): Illuminate\Auth\Middleware\Authenticate->handle(Object(Illuminate\Http\Request), Object(Closure), 'sanctum')
#22 C:\Users\Yusuf\OneDrive\Desktop\Rakez - Copy\rakez-erp\vendor\laravel\framework\src\Illuminate\Pipeline\Pipeline.php(137): Illuminate\Pipeline\Pipeline->Illuminate\Pipeline\{closure}(Object(Illuminate\Http\Request))
#23 C:\Users\Yusuf\OneDrive\Desktop\Rakez - Copy\rakez-erp\vendor\laravel\framework\src\Illuminate\Routing\Router.php(821): Illuminate\Pipeline\Pipeline->then(Object(Closure))
#24 C:\Users\Yusuf\OneDrive\Desktop\Rakez - Copy\rakez-erp\vendor\laravel\framework\src\Illuminate\Routing\Router.php(800): Illuminate\Routing\Router->runRouteWithinStack(Object(Illuminate\Routing\Route), Object(Illuminate\Http\Request))
#25 C:\Users\Yusuf\OneDrive\Desktop\Rakez - Copy\rakez-erp\vendor\laravel\framework\src\Illuminate\Routing\Router.php(764): Illuminate\Routing\Router->runRoute(Object(Illuminate\Http\Request), Object(Illuminate\Routing\Route))
#26 C:\Users\Yusuf\OneDrive\Desktop\Rakez - Copy\rakez-erp\vendor\laravel\framework\src\Illuminate\Routing\Router.php(753): Illuminate\Routing\Router->dispatchToRoute(Object(Illuminate\Http\Request))
#27 C:\Users\Yusuf\OneDrive\Desktop\Rakez - Copy\rakez-erp\vendor\laravel\framework\src\Illuminate\Foundation\Http\Kernel.php(200): Illuminate\Routing\Router->dispatch(Object(Illuminate\Http\Request))
#28 C:\Users\Yusuf\OneDrive\Desktop\Rakez - Copy\rakez-erp\vendor\laravel\framework\src\Illuminate\Pipeline\Pipeline.php(180): Illuminate\Foundation\Http\Kernel->Illuminate\Foundation\Http\{closure}(Object(Illuminate\Http\Request))
#29 C:\Users\Yusuf\OneDrive\Desktop\Rakez - Copy\rakez-erp\vendor\laravel\framework\src\Illuminate\Foundation\Http\Middleware\TransformsRequest.php(21): Illuminate\Pipeline\Pipeline->Illuminate\Pipeline\{closure}(Object(Illuminate\Http\Request))
#30 C:\Users\Yusuf\OneDrive\Desktop\Rakez - Copy\rakez-erp\vendor\laravel\framework\src\Illuminate\Foundation\Http\Middleware\ConvertEmptyStringsToNull.php(31): Illuminate\Foundation\Http\Middleware\TransformsRequest->handle(Object(Illuminate\Http\Request), Object(Closure))
#31 C:\Users\Yusuf\OneDrive\Desktop\Rakez - Copy\rakez-erp\vendor\laravel\framework\src\Illuminate\Pipeline\Pipeline.php(219): Illuminate\Foundation\Http\Middleware\ConvertEmptyStringsToNull->handle(Object(Illuminate\Http\Request), Object(Closure))
#32 C:\Users\Yusuf\OneDrive\Desktop\Rakez - Copy\rakez-erp\vendor\laravel\framework\src\Illuminate\Foundation\Http\Middleware\TransformsRequest.php(21): Illuminate\Pipeline\Pipeline->Illuminate\Pipeline\{closure}(Object(Illuminate\Http\Request))
#33 C:\Users\Yusuf\OneDrive\Desktop\Rakez - Copy\rakez-erp\vendor\laravel\framework\src\Illuminate\Foundation\Http\Middleware\TrimStrings.php(51): Illuminate\Foundation\Http\Middleware\TransformsRequest->handle(Object(Illuminate\Http\Request), Object(Closure))
#34 C:\Users\Yusuf\OneDrive\Desktop\Rakez - Copy\rakez-erp\vendor\laravel\framework\src\Illuminate\Pipeline\Pipeline.php(219): Illuminate\Foundation\Http\Middleware\TrimStrings->handle(Object(Illuminate\Http\Request), Object(Closure))
#35 C:\Users\Yusuf\OneDrive\Desktop\Rakez - Copy\rakez-erp\vendor\laravel\framework\src\Illuminate\Http\Middleware\ValidatePostSize.php(27): Illuminate\Pipeline\Pipeline->Illuminate\Pipeline\{closure}(Object(Illuminate\Http\Request))
#36 C:\Users\Yusuf\OneDrive\Desktop\Rakez - Copy\rakez-erp\vendor\laravel\framework\src\Illuminate\Pipeline\Pipeline.php(219): Illuminate\Http\Middleware\ValidatePostSize->handle(Object(Illuminate\Http\Request), Object(Closure))
#37 C:\Users\Yusuf\OneDrive\Desktop\Rakez - Copy\rakez-erp\vendor\laravel\framework\src\Illuminate\Foundation\Http\Middleware\PreventRequestsDuringMaintenance.php(109): Illuminate\Pipeline\Pipeline->Illuminate\Pipeline\{closure}(Object(Illuminate\Http\Request))
#38 C:\Users\Yusuf\OneDrive\Desktop\Rakez - Copy\rakez-erp\vendor\laravel\framework\src\Illuminate\Pipeline\Pipeline.php(219): Illuminate\Foundation\Http\Middleware\PreventRequestsDuringMaintenance->handle(Object(Illuminate\Http\Request), Object(Closure))
#39 C:\Users\Yusuf\OneDrive\Desktop\Rakez - Copy\rakez-erp\vendor\laravel\framework\src\Illuminate\Http\Middleware\HandleCors.php(61): Illuminate\Pipeline\Pipeline->Illuminate\Pipeline\{closure}(Object(Illuminate\Http\Request))
#40 C:\Users\Yusuf\OneDrive\Desktop\Rakez - Copy\rakez-erp\vendor\laravel\framework\src\Illuminate\Pipeline\Pipeline.php(219): Illuminate\Http\Middleware\HandleCors->handle(Object(Illuminate\Http\Request), Object(Closure))
#41 C:\Users\Yusuf\OneDrive\Desktop\Rakez - Copy\rakez-erp\vendor\laravel\framework\src\Illuminate\Http\Middleware\TrustProxies.php(58): Illuminate\Pipeline\Pipeline->Illuminate\Pipeline\{closure}(Object(Illuminate\Http\Request))
#42 C:\Users\Yusuf\OneDrive\Desktop\Rakez - Copy\rakez-erp\vendor\laravel\framework\src\Illuminate\Pipeline\Pipeline.php(219): Illuminate\Http\Middleware\TrustProxies->handle(Object(Illuminate\Http\Request), Object(Closure))
#43 C:\Users\Yusuf\OneDrive\Desktop\Rakez - Copy\rakez-erp\vendor\laravel\framework\src\Illuminate\Foundation\Http\Middleware\InvokeDeferredCallbacks.php(22): Illuminate\Pipeline\Pipeline->Illuminate\Pipeline\{closure}(Object(Illuminate\Http\Request))
#44 C:\Users\Yusuf\OneDrive\Desktop\Rakez - Copy\rakez-erp\vendor\laravel\framework\src\Illuminate\Pipeline\Pipeline.php(219): Illuminate\Foundation\Http\Middleware\InvokeDeferredCallbacks->handle(Object(Illuminate\Http\Request), Object(Closure))
#45 C:\Users\Yusuf\OneDrive\Desktop\Rakez - Copy\rakez-erp\vendor\laravel\framework\src\Illuminate\Http\Middleware\ValidatePathEncoding.php(26): Illuminate\Pipeline\Pipeline->Illuminate\Pipeline\{closure}(Object(Illuminate\Http\Request))
#46 C:\Users\Yusuf\OneDrive\Desktop\Rakez - Copy\rakez-erp\vendor\laravel\framework\src\Illuminate\Pipeline\Pipeline.php(219): Illuminate\Http\Middleware\ValidatePathEncoding->handle(Object(Illuminate\Http\Request), Object(Closure))
#47 C:\Users\Yusuf\OneDrive\Desktop\Rakez - Copy\rakez-erp\vendor\laravel\framework\src\Illuminate\Pipeline\Pipeline.php(137): Illuminate\Pipeline\Pipeline->Illuminate\Pipeline\{closure}(Object(Illuminate\Http\Request))
#48 C:\Users\Yusuf\OneDrive\Desktop\Rakez - Copy\rakez-erp\vendor\laravel\framework\src\Illuminate\Foundation\Http\Kernel.php(175): Illuminate\Pipeline\Pipeline->then(Object(Closure))
#49 C:\Users\Yusuf\OneDrive\Desktop\Rakez - Copy\rakez-erp\vendor\laravel\framework\src\Illuminate\Foundation\Http\Kernel.php(144): Illuminate\Foundation\Http\Kernel->sendRequestThroughRouter(Object(Illuminate\Http\Request))
#50 C:\Users\Yusuf\OneDrive\Desktop\Rakez - Copy\rakez-erp\vendor\laravel\framework\src\Illuminate\Foundation\Testing\Concerns\MakesHttpRequests.php(607): Illuminate\Foundation\Http\Kernel->handle(Object(Illuminate\Http\Request))
#51 C:\Users\Yusuf\OneDrive\Desktop\Rakez - Copy\rakez-erp\vendor\laravel\framework\src\Illuminate\Foundation\Testing\Concerns\MakesHttpRequests.php(573): Illuminate\Foundation\Testing\TestCase->call('GET', '/api/marketing/...', Array, Array, Array, Array, '[]')
#52 C:\Users\Yusuf\OneDrive\Desktop\Rakez - Copy\rakez-erp\vendor\laravel\framework\src\Illuminate\Foundation\Testing\Concerns\MakesHttpRequests.php(381): Illuminate\Foundation\Testing\TestCase->json('GET', '/api/marketing/...', Array, Array, 0)
#53 C:\Users\Yusuf\OneDrive\Desktop\Rakez - Copy\rakez-erp\tests\Feature\Marketing\MarketingProjectTest.php(53): Illuminate\Foundation\Testing\TestCase->getJson('/api/marketing/...')
#54 C:\Users\Yusuf\OneDrive\Desktop\Rakez - Copy\rakez-erp\vendor\phpunit\phpunit\src\Framework\TestCase.php(1657): Tests\Feature\Marketing\MarketingProjectTest->it_can_list_marketing_projects()
#55 C:\Users\Yusuf\OneDrive\Desktop\Rakez - Copy\rakez-erp\vendor\phpunit\phpunit\src\Framework\TestCase.php(515): PHPUnit\Framework\TestCase->runTest()
#56 C:\Users\Yusuf\OneDrive\Desktop\Rakez - Copy\rakez-erp\vendor\phpunit\phpunit\src\Framework\TestRunner\TestRunner.php(87): PHPUnit\Framework\TestCase->runBare()
#57 C:\Users\Yusuf\OneDrive\Desktop\Rakez - Copy\rakez-erp\vendor\phpunit\phpunit\src\Framework\TestCase.php(361): PHPUnit\Framework\TestRunner->run(Object(Tests\Feature\Marketing\MarketingProjectTest))
#58 C:\Users\Yusuf\OneDrive\Desktop\Rakez - Copy\rakez-erp\vendor\phpunit\phpunit\src\Framework\TestSuite.php(369): PHPUnit\Framework\TestCase->run()
#59 C:\Users\Yusuf\OneDrive\Desktop\Rakez - Copy\rakez-erp\vendor\phpunit\phpunit\src\Framework\TestSuite.php(369): PHPUnit\Framework\TestSuite->run()
#60 C:\Users\Yusuf\OneDrive\Desktop\Rakez - Copy\rakez-erp\vendor\phpunit\phpunit\src\Framework\TestSuite.php(369): PHPUnit\Framework\TestSuite->run()
#61 C:\Users\Yusuf\OneDrive\Desktop\Rakez - Copy\rakez-erp\vendor\phpunit\phpunit\src\TextUI\TestRunner.php(64): PHPUnit\Framework\TestSuite->run()
#62 C:\Users\Yusuf\OneDrive\Desktop\Rakez - Copy\rakez-erp\vendor\phpunit\phpunit\src\TextUI\Application.php(211): PHPUnit\TextUI\TestRunner->run(Object(PHPUnit\TextUI\Configuration\Configuration), Object(PHPUnit\Runner\ResultCache\DefaultResultCache), Object(PHPUnit\Framework\TestSuite))
#63 C:\Users\Yusuf\OneDrive\Desktop\Rakez - Copy\rakez-erp\vendor\phpunit\phpunit\phpunit(104): PHPUnit\TextUI\Application->run(Array)
#64 {main}

----------------------------------------------------------------------------------

Call to a member function where() on array

  at tests\Feature\Marketing\MarketingProjectTest.php:55
     51Γûò 
     52Γûò         $response = $this->actingAs($this->marketingUser, 'sanctum')
     53Γûò             ->getJson('/api/marketing/projects');
     54Γûò 
  Γ₧£  55Γûò         $response->assertStatus(200)
     56Γûò             ->assertJsonPath('success', true)
     57Γûò             ->assertJsonStructure([
     58Γûò                 'data' => [
     59Γûò                     [

  ΓöÇΓöÇΓöÇΓöÇΓöÇΓöÇΓöÇΓöÇΓöÇΓöÇΓöÇΓöÇΓöÇΓöÇΓöÇΓöÇΓöÇΓöÇΓöÇΓöÇΓöÇΓöÇΓöÇΓöÇΓöÇΓöÇΓöÇΓöÇΓöÇΓöÇΓöÇΓöÇΓöÇΓöÇΓöÇΓöÇΓöÇΓöÇΓöÇΓöÇΓöÇΓöÇΓöÇΓöÇΓöÇΓöÇΓöÇΓöÇΓöÇΓöÇΓöÇΓöÇΓöÇΓöÇΓöÇΓöÇΓöÇΓöÇΓöÇΓöÇΓöÇΓöÇΓöÇΓöÇΓöÇΓöÇΓöÇΓöÇΓöÇΓöÇΓöÇΓöÇΓöÇΓöÇΓöÇΓöÇΓöÇΓöÇΓöÇΓöÇΓöÇΓöÇΓöÇΓöÇΓöÇΓöÇΓöÇΓöÇΓöÇΓöÇΓöÇΓöÇΓöÇΓöÇΓöÇΓöÇΓöÇΓöÇΓöÇΓöÇΓöÇΓöÇΓöÇΓöÇΓöÇΓöÇΓöÇΓöÇΓöÇΓöÇΓöÇΓöÇΓöÇΓöÇΓöÇΓöÇ  
   FAILED  Tests\Feature\Marketing\MarketingProjectTest > it can show project details with duration status              
  Expected response status code [200] but received 500.
Failed asserting that 500 is identical to 200.

The following exception occurred during the last request:

Error: Call to a member function where() on array in C:\Users\Yusuf\OneDrive\Desktop\Rakez - Copy\rakez-erp\app\Services\Marketing\MarketingProjectService.php:62
Stack trace:
#0 C:\Users\Yusuf\OneDrive\Desktop\Rakez - Copy\rakez-erp\app\Http\Controllers\Marketing\MarketingProjectController.php(40): App\Services\Marketing\MarketingProjectService->getContractSummaryFields(Object(App\Models\Contract))
#1 C:\Users\Yusuf\OneDrive\Desktop\Rakez - Copy\rakez-erp\vendor\laravel\framework\src\Illuminate\Routing\Controller.php(54): App\Http\Controllers\Marketing\MarketingProjectController->show(1)
#2 C:\Users\Yusuf\OneDrive\Desktop\Rakez - Copy\rakez-erp\vendor\laravel\framework\src\Illuminate\Routing\ControllerDispatcher.php(43): Illuminate\Routing\Controller->callAction('show', Array)
#3 C:\Users\Yusuf\OneDrive\Desktop\Rakez - Copy\rakez-erp\vendor\laravel\framework\src\Illuminate\Routing\Route.php(265): Illuminate\Routing\ControllerDispatcher->dispatch(Object(Illuminate\Routing\Route), Object(App\Http\Controllers\Marketing\MarketingProjectController), 'show')
#4 C:\Users\Yusuf\OneDrive\Desktop\Rakez - Copy\rakez-erp\vendor\laravel\framework\src\Illuminate\Routing\Route.php(211): Illuminate\Routing\Route->runController()
#5 C:\Users\Yusuf\OneDrive\Desktop\Rakez - Copy\rakez-erp\vendor\laravel\framework\src\Illuminate\Routing\Router.php(822): Illuminate\Routing\Route->run()
#6 C:\Users\Yusuf\OneDrive\Desktop\Rakez - Copy\rakez-erp\vendor\laravel\framework\src\Illuminate\Pipeline\Pipeline.php(180): Illuminate\Routing\Router->Illuminate\Routing\{closure}(Object(Illuminate\Http\Request))
#7 C:\Users\Yusuf\OneDrive\Desktop\Rakez - Copy\rakez-erp\vendor\spatie\laravel-permission\src\Middleware\PermissionMiddleware.php(37): Illuminate\Pipeline\Pipeline->Illuminate\Pipeline\{closure}(Object(Illuminate\Http\Request))
#8 C:\Users\Yusuf\OneDrive\Desktop\Rakez - Copy\rakez-erp\vendor\laravel\framework\src\Illuminate\Pipeline\Pipeline.php(219): Spatie\Permission\Middleware\PermissionMiddleware->handle(Object(Illuminate\Http\Request), Object(Closure), 'marketing.proje...')
#9 C:\Users\Yusuf\OneDrive\Desktop\Rakez - Copy\rakez-erp\vendor\spatie\laravel-permission\src\Middleware\RoleMiddleware.php(37): Illuminate\Pipeline\Pipeline->Illuminate\Pipeline\{closure}(Object(Illuminate\Http\Request))
#10 C:\Users\Yusuf\OneDrive\Desktop\Rakez - Copy\rakez-erp\vendor\laravel\framework\src\Illuminate\Pipeline\Pipeline.php(219): Spatie\Permission\Middleware\RoleMiddleware->handle(Object(Illuminate\Http\Request), Object(Closure), 'marketing|admin')
#11 C:\Users\Yusuf\OneDrive\Desktop\Rakez - Copy\rakez-erp\vendor\laravel\framework\src\Illuminate\Routing\Middleware\SubstituteBindings.php(50): Illuminate\Pipeline\Pipeline->Illuminate\Pipeline\{closure}(Object(Illuminate\Http\Request))
#12 C:\Users\Yusuf\OneDrive\Desktop\Rakez - Copy\rakez-erp\vendor\laravel\framework\src\Illuminate\Pipeline\Pipeline.php(219): Illuminate\Routing\Middleware\SubstituteBindings->handle(Object(Illuminate\Http\Request), Object(Closure))
#13 C:\Users\Yusuf\OneDrive\Desktop\Rakez - Copy\rakez-erp\vendor\laravel\framework\src\Illuminate\Auth\Middleware\Authenticate.php(63): Illuminate\Pipeline\Pipeline->Illuminate\Pipeline\{closure}(Object(Illuminate\Http\Request))
#14 C:\Users\Yusuf\OneDrive\Desktop\Rakez - Copy\rakez-erp\vendor\laravel\framework\src\Illuminate\Pipeline\Pipeline.php(219): Illuminate\Auth\Middleware\Authenticate->handle(Object(Illuminate\Http\Request), Object(Closure), 'sanctum')
#15 C:\Users\Yusuf\OneDrive\Desktop\Rakez - Copy\rakez-erp\vendor\laravel\framework\src\Illuminate\Pipeline\Pipeline.php(137): Illuminate\Pipeline\Pipeline->Illuminate\Pipeline\{closure}(Object(Illuminate\Http\Request))
#16 C:\Users\Yusuf\OneDrive\Desktop\Rakez - Copy\rakez-erp\vendor\laravel\framework\src\Illuminate\Routing\Router.php(821): Illuminate\Pipeline\Pipeline->then(Object(Closure))
#17 C:\Users\Yusuf\OneDrive\Desktop\Rakez - Copy\rakez-erp\vendor\laravel\framework\src\Illuminate\Routing\Router.php(800): Illuminate\Routing\Router->runRouteWithinStack(Object(Illuminate\Routing\Route), Object(Illuminate\Http\Request))
#18 C:\Users\Yusuf\OneDrive\Desktop\Rakez - Copy\rakez-erp\vendor\laravel\framework\src\Illuminate\Routing\Router.php(764): Illuminate\Routing\Router->runRoute(Object(Illuminate\Http\Request), Object(Illuminate\Routing\Route))
#19 C:\Users\Yusuf\OneDrive\Desktop\Rakez - Copy\rakez-erp\vendor\laravel\framework\src\Illuminate\Routing\Router.php(753): Illuminate\Routing\Router->dispatchToRoute(Object(Illuminate\Http\Request))
#20 C:\Users\Yusuf\OneDrive\Desktop\Rakez - Copy\rakez-erp\vendor\laravel\framework\src\Illuminate\Foundation\Http\Kernel.php(200): Illuminate\Routing\Router->dispatch(Object(Illuminate\Http\Request))
#21 C:\Users\Yusuf\OneDrive\Desktop\Rakez - Copy\rakez-erp\vendor\laravel\framework\src\Illuminate\Pipeline\Pipeline.php(180): Illuminate\Foundation\Http\Kernel->Illuminate\Foundation\Http\{closure}(Object(Illuminate\Http\Request))
#22 C:\Users\Yusuf\OneDrive\Desktop\Rakez - Copy\rakez-erp\vendor\laravel\framework\src\Illuminate\Foundation\Http\Middleware\TransformsRequest.php(21): Illuminate\Pipeline\Pipeline->Illuminate\Pipeline\{closure}(Object(Illuminate\Http\Request))
#23 C:\Users\Yusuf\OneDrive\Desktop\Rakez - Copy\rakez-erp\vendor\laravel\framework\src\Illuminate\Foundation\Http\Middleware\ConvertEmptyStringsToNull.php(31): Illuminate\Foundation\Http\Middleware\TransformsRequest->handle(Object(Illuminate\Http\Request), Object(Closure))
#24 C:\Users\Yusuf\OneDrive\Desktop\Rakez - Copy\rakez-erp\vendor\laravel\framework\src\Illuminate\Pipeline\Pipeline.php(219): Illuminate\Foundation\Http\Middleware\ConvertEmptyStringsToNull->handle(Object(Illuminate\Http\Request), Object(Closure))
#25 C:\Users\Yusuf\OneDrive\Desktop\Rakez - Copy\rakez-erp\vendor\laravel\framework\src\Illuminate\Foundation\Http\Middleware\TransformsRequest.php(21): Illuminate\Pipeline\Pipeline->Illuminate\Pipeline\{closure}(Object(Illuminate\Http\Request))
#26 C:\Users\Yusuf\OneDrive\Desktop\Rakez - Copy\rakez-erp\vendor\laravel\framework\src\Illuminate\Foundation\Http\Middleware\TrimStrings.php(51): Illuminate\Foundation\Http\Middleware\TransformsRequest->handle(Object(Illuminate\Http\Request), Object(Closure))
#27 C:\Users\Yusuf\OneDrive\Desktop\Rakez - Copy\rakez-erp\vendor\laravel\framework\src\Illuminate\Pipeline\Pipeline.php(219): Illuminate\Foundation\Http\Middleware\TrimStrings->handle(Object(Illuminate\Http\Request), Object(Closure))
#28 C:\Users\Yusuf\OneDrive\Desktop\Rakez - Copy\rakez-erp\vendor\laravel\framework\src\Illuminate\Http\Middleware\ValidatePostSize.php(27): Illuminate\Pipeline\Pipeline->Illuminate\Pipeline\{closure}(Object(Illuminate\Http\Request))
#29 C:\Users\Yusuf\OneDrive\Desktop\Rakez - Copy\rakez-erp\vendor\laravel\framework\src\Illuminate\Pipeline\Pipeline.php(219): Illuminate\Http\Middleware\ValidatePostSize->handle(Object(Illuminate\Http\Request), Object(Closure))
#30 C:\Users\Yusuf\OneDrive\Desktop\Rakez - Copy\rakez-erp\vendor\laravel\framework\src\Illuminate\Foundation\Http\Middleware\PreventRequestsDuringMaintenance.php(109): Illuminate\Pipeline\Pipeline->Illuminate\Pipeline\{closure}(Object(Illuminate\Http\Request))
#31 C:\Users\Yusuf\OneDrive\Desktop\Rakez - Copy\rakez-erp\vendor\laravel\framework\src\Illuminate\Pipeline\Pipeline.php(219): Illuminate\Foundation\Http\Middleware\PreventRequestsDuringMaintenance->handle(Object(Illuminate\Http\Request), Object(Closure))
#32 C:\Users\Yusuf\OneDrive\Desktop\Rakez - Copy\rakez-erp\vendor\laravel\framework\src\Illuminate\Http\Middleware\HandleCors.php(61): Illuminate\Pipeline\Pipeline->Illuminate\Pipeline\{closure}(Object(Illuminate\Http\Request))
#33 C:\Users\Yusuf\OneDrive\Desktop\Rakez - Copy\rakez-erp\vendor\laravel\framework\src\Illuminate\Pipeline\Pipeline.php(219): Illuminate\Http\Middleware\HandleCors->handle(Object(Illuminate\Http\Request), Object(Closure))
#34 C:\Users\Yusuf\OneDrive\Desktop\Rakez - Copy\rakez-erp\vendor\laravel\framework\src\Illuminate\Http\Middleware\TrustProxies.php(58): Illuminate\Pipeline\Pipeline->Illuminate\Pipeline\{closure}(Object(Illuminate\Http\Request))
#35 C:\Users\Yusuf\OneDrive\Desktop\Rakez - Copy\rakez-erp\vendor\laravel\framework\src\Illuminate\Pipeline\Pipeline.php(219): Illuminate\Http\Middleware\TrustProxies->handle(Object(Illuminate\Http\Request), Object(Closure))
#36 C:\Users\Yusuf\OneDrive\Desktop\Rakez - Copy\rakez-erp\vendor\laravel\framework\src\Illuminate\Foundation\Http\Middleware\InvokeDeferredCallbacks.php(22): Illuminate\Pipeline\Pipeline->Illuminate\Pipeline\{closure}(Object(Illuminate\Http\Request))
#37 C:\Users\Yusuf\OneDrive\Desktop\Rakez - Copy\rakez-erp\vendor\laravel\framework\src\Illuminate\Pipeline\Pipeline.php(219): Illuminate\Foundation\Http\Middleware\InvokeDeferredCallbacks->handle(Object(Illuminate\Http\Request), Object(Closure))
#38 C:\Users\Yusuf\OneDrive\Desktop\Rakez - Copy\rakez-erp\vendor\laravel\framework\src\Illuminate\Http\Middleware\ValidatePathEncoding.php(26): Illuminate\Pipeline\Pipeline->Illuminate\Pipeline\{closure}(Object(Illuminate\Http\Request))
#39 C:\Users\Yusuf\OneDrive\Desktop\Rakez - Copy\rakez-erp\vendor\laravel\framework\src\Illuminate\Pipeline\Pipeline.php(219): Illuminate\Http\Middleware\ValidatePathEncoding->handle(Object(Illuminate\Http\Request), Object(Closure))
#40 C:\Users\Yusuf\OneDrive\Desktop\Rakez - Copy\rakez-erp\vendor\laravel\framework\src\Illuminate\Pipeline\Pipeline.php(137): Illuminate\Pipeline\Pipeline->Illuminate\Pipeline\{closure}(Object(Illuminate\Http\Request))
#41 C:\Users\Yusuf\OneDrive\Desktop\Rakez - Copy\rakez-erp\vendor\laravel\framework\src\Illuminate\Foundation\Http\Kernel.php(175): Illuminate\Pipeline\Pipeline->then(Object(Closure))
#42 C:\Users\Yusuf\OneDrive\Desktop\Rakez - Copy\rakez-erp\vendor\laravel\framework\src\Illuminate\Foundation\Http\Kernel.php(144): Illuminate\Foundation\Http\Kernel->sendRequestThroughRouter(Object(Illuminate\Http\Request))
#43 C:\Users\Yusuf\OneDrive\Desktop\Rakez - Copy\rakez-erp\vendor\laravel\framework\src\Illuminate\Foundation\Testing\Concerns\MakesHttpRequests.php(607): Illuminate\Foundation\Http\Kernel->handle(Object(Illuminate\Http\Request))
#44 C:\Users\Yusuf\OneDrive\Desktop\Rakez - Copy\rakez-erp\vendor\laravel\framework\src\Illuminate\Foundation\Testing\Concerns\MakesHttpRequests.php(573): Illuminate\Foundation\Testing\TestCase->call('GET', '/api/marketing/...', Array, Array, Array, Array, '[]')
#45 C:\Users\Yusuf\OneDrive\Desktop\Rakez - Copy\rakez-erp\vendor\laravel\framework\src\Illuminate\Foundation\Testing\Concerns\MakesHttpRequests.php(381): Illuminate\Foundation\Testing\TestCase->json('GET', '/api/marketing/...', Array, Array, 0)
#46 C:\Users\Yusuf\OneDrive\Desktop\Rakez - Copy\rakez-erp\tests\Feature\Marketing\MarketingProjectTest.php(96): Illuminate\Foundation\Testing\TestCase->getJson('/api/marketing/...')
#47 C:\Users\Yusuf\OneDrive\Desktop\Rakez - Copy\rakez-erp\vendor\phpunit\phpunit\src\Framework\TestCase.php(1657): Tests\Feature\Marketing\MarketingProjectTest->it_can_show_project_details_with_duration_status()
#48 C:\Users\Yusuf\OneDrive\Desktop\Rakez - Copy\rakez-erp\vendor\phpunit\phpunit\src\Framework\TestCase.php(515): PHPUnit\Framework\TestCase->runTest()
#49 C:\Users\Yusuf\OneDrive\Desktop\Rakez - Copy\rakez-erp\vendor\phpunit\phpunit\src\Framework\TestRunner\TestRunner.php(87): PHPUnit\Framework\TestCase->runBare()
#50 C:\Users\Yusuf\OneDrive\Desktop\Rakez - Copy\rakez-erp\vendor\phpunit\phpunit\src\Framework\TestCase.php(361): PHPUnit\Framework\TestRunner->run(Object(Tests\Feature\Marketing\MarketingProjectTest))
#51 C:\Users\Yusuf\OneDrive\Desktop\Rakez - Copy\rakez-erp\vendor\phpunit\phpunit\src\Framework\TestSuite.php(369): PHPUnit\Framework\TestCase->run()
#52 C:\Users\Yusuf\OneDrive\Desktop\Rakez - Copy\rakez-erp\vendor\phpunit\phpunit\src\Framework\TestSuite.php(369): PHPUnit\Framework\TestSuite->run()
#53 C:\Users\Yusuf\OneDrive\Desktop\Rakez - Copy\rakez-erp\vendor\phpunit\phpunit\src\Framework\TestSuite.php(369): PHPUnit\Framework\TestSuite->run()
#54 C:\Users\Yusuf\OneDrive\Desktop\Rakez - Copy\rakez-erp\vendor\phpunit\phpunit\src\TextUI\TestRunner.php(64): PHPUnit\Framework\TestSuite->run()
#55 C:\Users\Yusuf\OneDrive\Desktop\Rakez - Copy\rakez-erp\vendor\phpunit\phpunit\src\TextUI\Application.php(211): PHPUnit\TextUI\TestRunner->run(Object(PHPUnit\TextUI\Configuration\Configuration), Object(PHPUnit\Runner\ResultCache\DefaultResultCache), Object(PHPUnit\Framework\TestSuite))
#56 C:\Users\Yusuf\OneDrive\Desktop\Rakez - Copy\rakez-erp\vendor\phpunit\phpunit\phpunit(104): PHPUnit\TextUI\Application->run(Array)
#57 {main}

----------------------------------------------------------------------------------

Call to a member function where() on array

  at tests\Feature\Marketing\MarketingProjectTest.php:98
     94Γûò 
     95Γûò         $response = $this->actingAs($this->marketingUser, 'sanctum')
     96Γûò             ->getJson("/api/marketing/projects/{$contract->id}");
     97Γûò 
  Γ₧£  98Γûò         $response->assertStatus(200)
     99Γûò             ->assertJsonStructure([
    100Γûò                 'success',
    101Γûò                 'data' => [
    102Γûò                     'id',

  ΓöÇΓöÇΓöÇΓöÇΓöÇΓöÇΓöÇΓöÇΓöÇΓöÇΓöÇΓöÇΓöÇΓöÇΓöÇΓöÇΓöÇΓöÇΓöÇΓöÇΓöÇΓöÇΓöÇΓöÇΓöÇΓöÇΓöÇΓöÇΓöÇΓöÇΓöÇΓöÇΓöÇΓöÇΓöÇΓöÇΓöÇΓöÇΓöÇΓöÇΓöÇΓöÇΓöÇΓöÇΓöÇΓöÇΓöÇΓöÇΓöÇΓöÇΓöÇΓöÇΓöÇΓöÇΓöÇΓöÇΓöÇΓöÇΓöÇΓöÇΓöÇΓöÇΓöÇΓöÇΓöÇΓöÇΓöÇΓöÇΓöÇΓöÇΓöÇΓöÇΓöÇΓöÇΓöÇΓöÇΓöÇΓöÇΓöÇΓöÇΓöÇΓöÇΓöÇΓöÇΓöÇΓöÇΓöÇΓöÇΓöÇΓöÇΓöÇΓöÇΓöÇΓöÇΓöÇΓöÇΓöÇΓöÇΓöÇΓöÇΓöÇΓöÇΓöÇΓöÇΓöÇΓöÇΓöÇΓöÇΓöÇΓöÇΓöÇΓöÇΓöÇΓöÇΓöÇΓöÇ  
   FAILED  Tests\Feature\SalesMarketingTaskTest > marketing user can create task                                        
  Unable to find JSON: 

[{
    "success": true,
    "message": "Marketing task created successfully"
}]

within response JSON:

[{
    "success": true,
    "message": "╪¬┘à ╪Ñ┘å╪┤╪º╪í ╪º┘ä┘à┘ç┘à╪⌐ ╪º┘ä╪¬╪│┘ê┘è┘é┘è╪⌐ ╪¿┘å╪¼╪º╪¡",
    "data": {
        "contract_id": 1,
        "task_name": "Create Facebook Campaign",
        "marketer_id": 3,
        "design_description": "Launch new campaign",
        "created_by": 1,
        "marketing_project_id": null,
        "updated_at": "2026-02-22T15:58:58.000000Z",
        "created_at": "2026-02-22T15:58:58.000000Z",
        "id": 1
    }
}].


Failed asserting that an array has the subset Array &0 [
    'success' => true,
    'message' => 'Marketing task created successfully',
].
--- Expected
+++ Actual
@@ @@
 array (
   'success' => true,
-  'message' => 'Marketing task created successfully',
+  'message' => '╪¬┘à ╪Ñ┘å╪┤╪º╪í ╪º┘ä┘à┘ç┘à╪⌐ ╪º┘ä╪¬╪│┘ê┘è┘é┘è╪⌐ ╪¿┘å╪¼╪º╪¡',
   'data' => 
   array (
     'contract_id' => 1,

  at tests\Feature\SalesMarketingTaskTest.php:61
     57Γûò         $response = $this->actingAs($user, 'sanctum')
     58Γûò             ->postJson('/api/marketing/tasks', $taskData);
     59Γûò 
     60Γûò         $response->assertStatus(201)
  Γ₧£  61Γûò             ->assertJson([
     62Γûò                 'success' => true,
     63Γûò                 'message' => 'Marketing task created successfully'
     64Γûò             ]);
     65Γûò

  ΓöÇΓöÇΓöÇΓöÇΓöÇΓöÇΓöÇΓöÇΓöÇΓöÇΓöÇΓöÇΓöÇΓöÇΓöÇΓöÇΓöÇΓöÇΓöÇΓöÇΓöÇΓöÇΓöÇΓöÇΓöÇΓöÇΓöÇΓöÇΓöÇΓöÇΓöÇΓöÇΓöÇΓöÇΓöÇΓöÇΓöÇΓöÇΓöÇΓöÇΓöÇΓöÇΓöÇΓöÇΓöÇΓöÇΓöÇΓöÇΓöÇΓöÇΓöÇΓöÇΓöÇΓöÇΓöÇΓöÇΓöÇΓöÇΓöÇΓöÇΓöÇΓöÇΓöÇΓöÇΓöÇΓöÇΓöÇΓöÇΓöÇΓöÇΓöÇΓöÇΓöÇΓöÇΓöÇΓöÇΓöÇΓöÇΓöÇΓöÇΓöÇΓöÇΓöÇΓöÇΓöÇΓöÇΓöÇΓöÇΓöÇΓöÇΓöÇΓöÇΓöÇΓöÇΓöÇΓöÇΓöÇΓöÇΓöÇΓöÇΓöÇΓöÇΓöÇΓöÇΓöÇΓöÇΓöÇΓöÇΓöÇΓöÇΓöÇΓöÇΓöÇΓöÇΓöÇΓöÇ  
   FAILED  Tests\Feature\SalesMarketingTaskTest > marketing user can update task status                                 
  Unable to find JSON: 

[{
    "success": true,
    "message": "Task status updated successfully"
}]

within response JSON:

[{
    "success": true,
    "message": "╪¬┘à ╪¬╪¡╪»┘è╪½ ╪¡╪º┘ä╪⌐ ╪º┘ä┘à┘ç┘à╪⌐ ╪¿┘å╪¼╪º╪¡",
    "data": {
        "id": 1,
        "contract_id": 1,
        "task_name": "Aperiam porro excepturi id.",
        "marketer_id": 3,
        "participating_marketers_count": 4,
        "design_link": "https://www.mohr.com/rerum-natus-quis-quam-illo",
        "design_number": "D-808",
        "design_description": "Atque facilis qui sed maiores. Ut maxime aut nemo tenetur inventore rerum. Est qui veniam nesciunt in optio minima. Temporibus minima officia eum.",
        "status": "completed",
        "created_by": 4,
        "created_at": "2026-02-22T15:59:04.000000Z",
        "updated_at": "2026-02-22T15:59:04.000000Z",
        "marketing_project_id": null,
        "due_date": null
    }
}].


Failed asserting that an array has the subset Array &0 [
    'success' => true,
    'message' => 'Task status updated successfully',
].
--- Expected
+++ Actual
@@ @@
 array (
   'success' => true,
-  'message' => 'Task status updated successfully',
+  'message' => '╪¬┘à ╪¬╪¡╪»┘è╪½ ╪¡╪º┘ä╪⌐ ╪º┘ä┘à┘ç┘à╪⌐ ╪¿┘å╪¼╪º╪¡',
   'data' => 
   array (
     'id' => 1,

  at tests\Feature\SalesMarketingTaskTest.php:86
     82Γûò                 'status' => 'completed'
     83Γûò             ]);
     84Γûò 
     85Γûò         $response->assertStatus(200)
  Γ₧£  86Γûò             ->assertJson([
     87Γûò                 'success' => true,
     88Γûò                 'message' => 'Task status updated successfully'
     89Γûò             ]);
     90Γûò

  ΓöÇΓöÇΓöÇΓöÇΓöÇΓöÇΓöÇΓöÇΓöÇΓöÇΓöÇΓöÇΓöÇΓöÇΓöÇΓöÇΓöÇΓöÇΓöÇΓöÇΓöÇΓöÇΓöÇΓöÇΓöÇΓöÇΓöÇΓöÇΓöÇΓöÇΓöÇΓöÇΓöÇΓöÇΓöÇΓöÇΓöÇΓöÇΓöÇΓöÇΓöÇΓöÇΓöÇΓöÇΓöÇΓöÇΓöÇΓöÇΓöÇΓöÇΓöÇΓöÇΓöÇΓöÇΓöÇΓöÇΓöÇΓöÇΓöÇΓöÇΓöÇΓöÇΓöÇΓöÇΓöÇΓöÇΓöÇΓöÇΓöÇΓöÇΓöÇΓöÇΓöÇΓöÇΓöÇΓöÇΓöÇΓöÇΓöÇΓöÇΓöÇΓöÇΓöÇΓöÇΓöÇΓöÇΓöÇΓöÇΓöÇΓöÇΓöÇΓöÇΓöÇΓöÇΓöÇΓöÇΓöÇΓöÇΓöÇΓöÇΓöÇΓöÇΓöÇΓöÇΓöÇΓöÇΓöÇΓöÇΓöÇΓöÇΓöÇΓöÇΓöÇΓöÇΓöÇΓöÇ  
   FAILED  Tests\Feature\Sales\SalesAuthorizationTest > dashboard requires authentication                               
  Expected response status code [401] but received 500.
Failed asserting that 500 is identical to 401.

  at tests\Feature\Sales\SalesAuthorizationTest.php:77
     73Γûò 
     74Γûò     public function test_dashboard_requires_authentication()
     75Γûò     {
     76Γûò         $response = $this->getJson('/api/sales/dashboard');
  Γ₧£  77Γûò         $response->assertStatus(401);
     78Γûò     }
     79Γûò 
     80Γûò     public function test_dashboard_requires_sales_role()
     81Γûò     {

  ΓöÇΓöÇΓöÇΓöÇΓöÇΓöÇΓöÇΓöÇΓöÇΓöÇΓöÇΓöÇΓöÇΓöÇΓöÇΓöÇΓöÇΓöÇΓöÇΓöÇΓöÇΓöÇΓöÇΓöÇΓöÇΓöÇΓöÇΓöÇΓöÇΓöÇΓöÇΓöÇΓöÇΓöÇΓöÇΓöÇΓöÇΓöÇΓöÇΓöÇΓöÇΓöÇΓöÇΓöÇΓöÇΓöÇΓöÇΓöÇΓöÇΓöÇΓöÇΓöÇΓöÇΓöÇΓöÇΓöÇΓöÇΓöÇΓöÇΓöÇΓöÇΓöÇΓöÇΓöÇΓöÇΓöÇΓöÇΓöÇΓöÇΓöÇΓöÇΓöÇΓöÇΓöÇΓöÇΓöÇΓöÇΓöÇΓöÇΓöÇΓöÇΓöÇΓöÇΓöÇΓöÇΓöÇΓöÇΓöÇΓöÇΓöÇΓöÇΓöÇΓöÇΓöÇΓöÇΓöÇΓöÇΓöÇΓöÇΓöÇΓöÇΓöÇΓöÇΓöÇΓöÇΓöÇΓöÇΓöÇΓöÇΓöÇΓöÇΓöÇΓöÇΓöÇΓöÇΓöÇ  
   FAILED  Tests\Feature\Sales\SalesAuthorizationTest > admin can assign projects to leaders                            
  Expected response status code [201] but received 400.
Failed asserting that 400 is identical to 201.

  at tests\Feature\Sales\SalesAuthorizationTest.php:420
    416Γûò 
    417Γûò         $response = $this->actingAs($this->admin, 'sanctum')
    418Γûò             ->postJson('/api/admin/sales/project-assignments', $data);
    419Γûò 
  Γ₧£ 420Γûò         $response->assertStatus(201);
    421Γûò     }
    422Γûò 
    423Γûò     public function test_sales_leader_cannot_assign_projects()
    424Γûò     {

  ΓöÇΓöÇΓöÇΓöÇΓöÇΓöÇΓöÇΓöÇΓöÇΓöÇΓöÇΓöÇΓöÇΓöÇΓöÇΓöÇΓöÇΓöÇΓöÇΓöÇΓöÇΓöÇΓöÇΓöÇΓöÇΓöÇΓöÇΓöÇΓöÇΓöÇΓöÇΓöÇΓöÇΓöÇΓöÇΓöÇΓöÇΓöÇΓöÇΓöÇΓöÇΓöÇΓöÇΓöÇΓöÇΓöÇΓöÇΓöÇΓöÇΓöÇΓöÇΓöÇΓöÇΓöÇΓöÇΓöÇΓöÇΓöÇΓöÇΓöÇΓöÇΓöÇΓöÇΓöÇΓöÇΓöÇΓöÇΓöÇΓöÇΓöÇΓöÇΓöÇΓöÇΓöÇΓöÇΓöÇΓöÇΓöÇΓöÇΓöÇΓöÇΓöÇΓöÇΓöÇΓöÇΓöÇΓöÇΓöÇΓöÇΓöÇΓöÇΓöÇΓöÇΓöÇΓöÇΓöÇΓöÇΓöÇΓöÇΓöÇΓöÇΓöÇΓöÇΓöÇΓöÇΓöÇΓöÇΓöÇΓöÇΓöÇΓöÇΓöÇΓöÇΓöÇΓöÇΓöÇ  
   FAILED  Tests\Feature\Sales\SalesDashboardTest > dashboard requires authentication                                   
  Expected response status code [401] but received 500.
Failed asserting that 500 is identical to 401.

  at tests\Feature\Sales\SalesDashboardTest.php:296
    292Γûò 
    293Γûò     public function test_dashboard_requires_authentication()
    294Γûò     {
    295Γûò         $response = $this->getJson('/api/sales/dashboard');
  Γ₧£ 296Γûò         $response->assertStatus(401);
    297Γûò     }
    298Γûò 
    299Γûò     public function test_dashboard_requires_sales_role()
    300Γûò     {

  ΓöÇΓöÇΓöÇΓöÇΓöÇΓöÇΓöÇΓöÇΓöÇΓöÇΓöÇΓöÇΓöÇΓöÇΓöÇΓöÇΓöÇΓöÇΓöÇΓöÇΓöÇΓöÇΓöÇΓöÇΓöÇΓöÇΓöÇΓöÇΓöÇΓöÇΓöÇΓöÇΓöÇΓöÇΓöÇΓöÇΓöÇΓöÇΓöÇΓöÇΓöÇΓöÇΓöÇΓöÇΓöÇΓöÇΓöÇΓöÇΓöÇΓöÇΓöÇΓöÇΓöÇΓöÇΓöÇΓöÇΓöÇΓöÇΓöÇΓöÇΓöÇΓöÇΓöÇΓöÇΓöÇΓöÇΓöÇΓöÇΓöÇΓöÇΓöÇΓöÇΓöÇΓöÇΓöÇΓöÇΓöÇΓöÇΓöÇΓöÇΓöÇΓöÇΓöÇΓöÇΓöÇΓöÇΓöÇΓöÇΓöÇΓöÇΓöÇΓöÇΓöÇΓöÇΓöÇΓöÇΓöÇΓöÇΓöÇΓöÇΓöÇΓöÇΓöÇΓöÇΓöÇΓöÇΓöÇΓöÇΓöÇΓöÇΓöÇΓöÇΓöÇΓöÇΓöÇΓöÇ  
   FAILED  Tests\Feature\Sales\SalesEdgeCasesTest > voucher download error paths                                        
  Failed asserting that two strings are identical.
--- Expected
+++ Actual
@@ @@
-'Voucher file not found'
+'Voucher file is missing'

  at tests\Feature\Sales\SalesEdgeCasesTest.php:130
    126Γûò         // Missing file
    127Γûò         $reservation->update(['voucher_pdf_path' => 'nonexistent.pdf']);
    128Γûò         $this->getJson("/api/sales/reservations/{$reservation->id}/voucher")
    129Γûò             ->assertStatus(404)
  Γ₧£ 130Γûò             ->assertJsonPath('message', 'Voucher file not found');
    131Γûò     }
    132Γûò }
    133Γûò

  ΓöÇΓöÇΓöÇΓöÇΓöÇΓöÇΓöÇΓöÇΓöÇΓöÇΓöÇΓöÇΓöÇΓöÇΓöÇΓöÇΓöÇΓöÇΓöÇΓöÇΓöÇΓöÇΓöÇΓöÇΓöÇΓöÇΓöÇΓöÇΓöÇΓöÇΓöÇΓöÇΓöÇΓöÇΓöÇΓöÇΓöÇΓöÇΓöÇΓöÇΓöÇΓöÇΓöÇΓöÇΓöÇΓöÇΓöÇΓöÇΓöÇΓöÇΓöÇΓöÇΓöÇΓöÇΓöÇΓöÇΓöÇΓöÇΓöÇΓöÇΓöÇΓöÇΓöÇΓöÇΓöÇΓöÇΓöÇΓöÇΓöÇΓöÇΓöÇΓöÇΓöÇΓöÇΓöÇΓöÇΓöÇΓöÇΓöÇΓöÇΓöÇΓöÇΓöÇΓöÇΓöÇΓöÇΓöÇΓöÇΓöÇΓöÇΓöÇΓöÇΓöÇΓöÇΓöÇΓöÇΓöÇΓöÇΓöÇΓöÇΓöÇΓöÇΓöÇΓöÇΓöÇΓöÇΓöÇΓöÇΓöÇΓöÇΓöÇΓöÇΓöÇΓöÇΓöÇΓöÇ  
   FAILED  Tests\Feature\Sales\SalesProjectTest > projects list returns paginated results                               
  Failed asserting that an array has the key 'current_page'.

  at tests\Feature\Sales\SalesProjectTest.php:209
    205Γûò         $response = $this->actingAs($this->salesUser, 'sanctum')
    206Γûò             ->getJson('/api/sales/projects?per_page=10');
    207Γûò 
    208Γûò         $response->assertStatus(200)
  Γ₧£ 209Γûò             ->assertJsonStructure([
    210Γûò                 'success',
    211Γûò                 'data',
    212Γûò                 'meta' => [
    213Γûò                     'current_page',

  ΓöÇΓöÇΓöÇΓöÇΓöÇΓöÇΓöÇΓöÇΓöÇΓöÇΓöÇΓöÇΓöÇΓöÇΓöÇΓöÇΓöÇΓöÇΓöÇΓöÇΓöÇΓöÇΓöÇΓöÇΓöÇΓöÇΓöÇΓöÇΓöÇΓöÇΓöÇΓöÇΓöÇΓöÇΓöÇΓöÇΓöÇΓöÇΓöÇΓöÇΓöÇΓöÇΓöÇΓöÇΓöÇΓöÇΓöÇΓöÇΓöÇΓöÇΓöÇΓöÇΓöÇΓöÇΓöÇΓöÇΓöÇΓöÇΓöÇΓöÇΓöÇΓöÇΓöÇΓöÇΓöÇΓöÇΓöÇΓöÇΓöÇΓöÇΓöÇΓöÇΓöÇΓöÇΓöÇΓöÇΓöÇΓöÇΓöÇΓöÇΓöÇΓöÇΓöÇΓöÇΓöÇΓöÇΓöÇΓöÇΓöÇΓöÇΓöÇΓöÇΓöÇΓöÇΓöÇΓöÇΓöÇΓöÇΓöÇΓöÇΓöÇΓöÇΓöÇΓöÇΓöÇΓöÇΓöÇΓöÇΓöÇΓöÇΓöÇΓöÇΓöÇΓöÇΓöÇΓöÇ  
   FAILED  Tests\Feature\TaskTest > store returns 401 when unauthenticated                                              
  Expected response status code [401] but received 500.
Failed asserting that 500 is identical to 401.

  at tests\Feature\TaskTest.php:86
     82Γûò             'due_at' => now()->addDay()->toIso8601String(),
     83Γûò             'assigned_to' => $this->assignee->id,
     84Γûò         ]);
     85Γûò 
  Γ₧£  86Γûò         $response->assertStatus(401);
     87Γûò     }
     88Γûò 
     89Γûò     #[Test]
     90Γûò     public function store_returns_422_when_required_fields_missing(): void

  ΓöÇΓöÇΓöÇΓöÇΓöÇΓöÇΓöÇΓöÇΓöÇΓöÇΓöÇΓöÇΓöÇΓöÇΓöÇΓöÇΓöÇΓöÇΓöÇΓöÇΓöÇΓöÇΓöÇΓöÇΓöÇΓöÇΓöÇΓöÇΓöÇΓöÇΓöÇΓöÇΓöÇΓöÇΓöÇΓöÇΓöÇΓöÇΓöÇΓöÇΓöÇΓöÇΓöÇΓöÇΓöÇΓöÇΓöÇΓöÇΓöÇΓöÇΓöÇΓöÇΓöÇΓöÇΓöÇΓöÇΓöÇΓöÇΓöÇΓöÇΓöÇΓöÇΓöÇΓöÇΓöÇΓöÇΓöÇΓöÇΓöÇΓöÇΓöÇΓöÇΓöÇΓöÇΓöÇΓöÇΓöÇΓöÇΓöÇΓöÇΓöÇΓöÇΓöÇΓöÇΓöÇΓöÇΓöÇΓöÇΓöÇΓöÇΓöÇΓöÇΓöÇΓöÇΓöÇΓöÇΓöÇΓöÇΓöÇΓöÇΓöÇΓöÇΓöÇΓöÇΓöÇΓöÇΓöÇΓöÇΓöÇΓöÇΓöÇΓöÇΓöÇΓöÇΓöÇΓöÇ  
   FAILED  Tests\Feature\TaskTest > my tasks returns 401 when unauthenticated                                           
  Expected response status code [401] but received 500.
Failed asserting that 500 is identical to 401.

  at tests\Feature\TaskTest.php:184
    180Γûò     #[Test]
    181Γûò     public function my_tasks_returns_401_when_unauthenticated(): void
    182Γûò     {
    183Γûò         $response = $this->getJson('/api/my-tasks');
  Γ₧£ 184Γûò         $response->assertStatus(401);
    185Γûò     }
    186Γûò 
    187Γûò     #[Test]
    188Γûò     public function my_tasks_can_filter_by_status(): void

  ΓöÇΓöÇΓöÇΓöÇΓöÇΓöÇΓöÇΓöÇΓöÇΓöÇΓöÇΓöÇΓöÇΓöÇΓöÇΓöÇΓöÇΓöÇΓöÇΓöÇΓöÇΓöÇΓöÇΓöÇΓöÇΓöÇΓöÇΓöÇΓöÇΓöÇΓöÇΓöÇΓöÇΓöÇΓöÇΓöÇΓöÇΓöÇΓöÇΓöÇΓöÇΓöÇΓöÇΓöÇΓöÇΓöÇΓöÇΓöÇΓöÇΓöÇΓöÇΓöÇΓöÇΓöÇΓöÇΓöÇΓöÇΓöÇΓöÇΓöÇΓöÇΓöÇΓöÇΓöÇΓöÇΓöÇΓöÇΓöÇΓöÇΓöÇΓöÇΓöÇΓöÇΓöÇΓöÇΓöÇΓöÇΓöÇΓöÇΓöÇΓöÇΓöÇΓöÇΓöÇΓöÇΓöÇΓöÇΓöÇΓöÇΓöÇΓöÇΓöÇΓöÇΓöÇΓöÇΓöÇΓöÇΓöÇΓöÇΓöÇΓöÇΓöÇΓöÇΓöÇΓöÇΓöÇΓöÇΓöÇΓöÇΓöÇΓöÇΓöÇΓöÇΓöÇΓöÇΓöÇ  
   FAILED  Tests\Feature\WaitingListTest > sales staff can create waiting list entry                                    
  Unable to find JSON: 

[{
    "success": true,
    "message": "Waiting list entry created successfully"
}]

within response JSON:

[{
    "success": true,
    "message": "╪¬┘à ╪Ñ╪╢╪º┘ü╪⌐ ╪º┘ä╪│╪¼┘ä ╪Ñ┘ä┘ë ┘é╪º╪ª┘à╪⌐ ╪º┘ä╪º┘å╪¬╪╕╪º╪▒ ╪¿┘å╪¼╪º╪¡",
    "data": {
        "id": 1,
        "contract_id": 1,
        "contract_unit_id": 1,
        "sales_staff_id": 1,
        "client_name": "John Doe",
        "client_mobile": "0501234567",
        "client_email": "john@example.com",
        "priority": 1,
        "status": "waiting",
        "notes": "Interested client",
        "converted_to_reservation_id": null,
        "converted_at": null,
        "converted_by": null,
        "expires_at": "2026-03-24T16:11:13.000000Z",
        "created_at": "2026-02-22T16:11:13.000000Z",
        "updated_at": "2026-02-22T16:11:13.000000Z",
        "contract": {
            "id": 1,
            "user_id": 3,
            "project_name": "officiis veniam nostrum",
            "developer_number": "925-697-6108",
            "developer_name": "Leuschke, Little and Kunde",
            "city": "Lake Valentineshire",
            "district": "Ward Viaduct",
            "status": "approved",
            "notes": "Autem assumenda voluptas magnam.",
            "developer_requiment": "Excepturi fugit vel distinctio et.",
            "project_image_url": "https://via.placeholder.com/640x480.png/00bb66?text=est",
            "deleted_at": null,
            "created_at": "2026-02-22T16:11:12.000000Z",
            "updated_at": "2026-02-22T16:11:12.000000Z",
            "units": [],
            "emergency_contact_number": null,
            "security_guard_number": null,
            "is_off_plan": false,
            "project_link": null
        },
        "contract_unit": {
            "id": 1,
            "second_party_data_id": 1,
            "unit_type": "praesentium",
            "unit_number": "U-547",
            "status": "reserved",
            "price": "595745.63",
            "area": "122",
            "description": "Eligendi voluptatibus fugit non asperiores.",
            "created_at": "2026-02-22T16:11:13.000000Z",
            "updated_at": "2026-02-22T16:11:13.000000Z",
            "deleted_at": null,
            "floor": null,
            "bedrooms": null
        },
        "sales_staff": {
            "id": 1,
            "name": "Marianna Denesik",
            "email": "dabernathy@example.net",
            "phone": null,
            "type": "sales",
            "email_verified_at": "2026-02-22T16:11:12.000000Z",
            "created_at": "2026-02-22T16:11:12.000000Z",
            "updated_at": "2026-02-22T16:11:12.000000Z",
            "team": null,
            "identity_number": null,
            "birthday": null,
            "date_of_works": null,
            "contract_type": null,
            "iban": null,
            "salary": null,
            "marital_status": null,
            "is_manager": false,
            "team_id": null,
            "cv_path": null,
            "contract_path": null,
            "nationality": null,
            "job_title": null,
            "department": null,
            "additional_benefits": null,
            "probation_period_days": null,
            "work_type": "full_time",
            "signature_path": null,
            "work_phone_approval": false,
            "logo_usage_approval": false,
            "is_active": true,
            "contract_end_date": null,
            "commission_eligibility": false,
            "birthday_hijri": null,
            "gender": null
        }
    }
}].


Failed asserting that an array has the subset Array &0 [
    'success' => true,
    'message' => 'Waiting list entry created successfully',
].
--- Expected
+++ Actual
@@ @@
 array (
   'success' => true,
-  'message' => 'Waiting list entry created successfully',
+  'message' => '╪¬┘à ╪Ñ╪╢╪º┘ü╪⌐ ╪º┘ä╪│╪¼┘ä ╪Ñ┘ä┘ë ┘é╪º╪ª┘à╪⌐ ╪º┘ä╪º┘å╪¬╪╕╪º╪▒ ╪¿┘å╪¼╪º╪¡',
   'data' => 
   array (
     'id' => 1,

  at tests\Feature\WaitingListTest.php:68
     64Γûò         $response = $this->actingAs($this->salesStaff, 'sanctum')
     65Γûò             ->postJson('/api/sales/waiting-list', $data);
     66Γûò 
     67Γûò         $response->assertStatus(201)
  Γ₧£  68Γûò             ->assertJson([
     69Γûò                 'success' => true,
     70Γûò                 'message' => 'Waiting list entry created successfully',
     71Γûò             ]);
     72Γûò

  ΓöÇΓöÇΓöÇΓöÇΓöÇΓöÇΓöÇΓöÇΓöÇΓöÇΓöÇΓöÇΓöÇΓöÇΓöÇΓöÇΓöÇΓöÇΓöÇΓöÇΓöÇΓöÇΓöÇΓöÇΓöÇΓöÇΓöÇΓöÇΓöÇΓöÇΓöÇΓöÇΓöÇΓöÇΓöÇΓöÇΓöÇΓöÇΓöÇΓöÇΓöÇΓöÇΓöÇΓöÇΓöÇΓöÇΓöÇΓöÇΓöÇΓöÇΓöÇΓöÇΓöÇΓöÇΓöÇΓöÇΓöÇΓöÇΓöÇΓöÇΓöÇΓöÇΓöÇΓöÇΓöÇΓöÇΓöÇΓöÇΓöÇΓöÇΓöÇΓöÇΓöÇΓöÇΓöÇΓöÇΓöÇΓöÇΓöÇΓöÇΓöÇΓöÇΓöÇΓöÇΓöÇΓöÇΓöÇΓöÇΓöÇΓöÇΓöÇΓöÇΓöÇΓöÇΓöÇΓöÇΓöÇΓöÇΓöÇΓöÇΓöÇΓöÇΓöÇΓöÇΓöÇΓöÇΓöÇΓöÇΓöÇΓöÇΓöÇΓöÇΓöÇΓöÇΓöÇΓöÇ  
   FAILED  Tests\Feature\WaitingListTest > sales leader can convert waiting list to reservation                         
  Unable to find JSON: 

[{
    "success": true,
    "message": "Waiting list entry converted to reservation successfully"
}]

within response JSON:

[{
    "success": true,
    "message": "╪¬┘à ╪¬╪¡┘ê┘è┘ä ╪│╪¼┘ä ┘é╪º╪ª┘à╪⌐ ╪º┘ä╪º┘å╪¬╪╕╪º╪▒ ╪Ñ┘ä┘ë ╪¡╪¼╪▓ ╪¿┘å╪¼╪º╪¡",
    "data": {
        "id": 1,
        "contract_id": 1,
        "contract_unit_id": 1,
        "marketing_employee_id": 1,
        "status": "confirmed",
        "reservation_type": "confirmed_reservation",
        "contract_date": "2026-02-22T00:00:00.000000Z",
        "negotiation_notes": null,
        "client_name": "Rafael Dietrich",
        "client_mobile": "0544320433",
        "client_nationality": "Saudi",
        "client_iban": "SA1234567890",
        "payment_method": "bank_transfer",
        "down_payment_amount": "50000.00",
        "down_payment_status": "non_refundable",
        "purchase_mechanism": "cash",
        "voucher_pdf_path": "reservations/reservation_1_voucher.pdf",
        "snapshot": {
            "project": {
                "name": "harum nihil facilis",
                "city": "Alfside",
                "district": "Carroll Port",
                "developer_name": "Harber-Kunze",
                "developer_number": "1-480-356-2130"
            },
            "unit": {
                "number": "U-208",
                "type": "omnis",
                "area": "194",
                "floor": null,
                "price": "344947.04"
            },
            "employee": {
                "id": 1,
                "name": "Prof. Patrick Bernier",
                "team": null
            },
            "client": {
                "name": "Rafael Dietrich",
                "mobile": "0544320433",
                "nationality": "Saudi",
                "iban": "SA1234567890"
            },
            "payment": {
                "method": "bank_transfer",
                "amount": 50000,
                "status": "non_refundable",
                "mechanism": "cash"
            }
        },
        "confirmed_at": "2026-02-22T16:11:17.000000Z",
        "cancelled_at": null,
        "created_at": "2026-02-22T16:11:17.000000Z",
        "updated_at": "2026-02-22T16:11:18.000000Z",
        "negotiation_reason": null,
        "proposed_price": null,
        "evacuation_date": null,
        "approval_deadline": null,
        "down_payment_confirmed": false,
        "down_payment_confirmed_by": null,
        "down_payment_confirmed_at": null,
        "brokerage_commission_percent": null,
        "commission_payer": null,
        "tax_amount": null,
        "credit_status": "pending",
        "contract": {
            "id": 1,
            "user_id": 3,
            "project_name": "harum nihil facilis",
            "developer_number": "1-480-356-2130",
            "developer_name": "Harber-Kunze",
            "city": "Alfside",
            "district": "Carroll Port",
            "status": "approved",
            "notes": "Officiis dolor rerum dolor et earum.",
            "developer_requiment": "Unde voluptatem et eos minima aut consequuntur.",
            "project_image_url": "https://via.placeholder.com/640x480.png/009999?text=omnis",
            "deleted_at": null,
            "created_at": "2026-02-22T16:11:16.000000Z",
            "updated_at": "2026-02-22T16:11:16.000000Z",
            "units": [],
            "emergency_contact_number": null,
            "security_guard_number": null,
            "is_off_plan": false,
            "project_link": null
        },
        "contract_unit": {
            "id": 1,
            "second_party_data_id": 1,
            "unit_type": "omnis",
            "unit_number": "U-208",
            "status": "reserved",
            "price": "344947.04",
            "area": "194",
            "description": "Nostrum corrupti magnam eligendi et.",
            "created_at": "2026-02-22T16:11:16.000000Z",
            "updated_at": "2026-02-22T16:11:17.000000Z",
            "deleted_at": null,
            "floor": null,
            "bedrooms": null
        },
        "marketing_employee": {
            "id": 1,
            "name": "Prof. Patrick Bernier",
            "email": "ulises81@example.org",
            "phone": null,
            "type": "sales",
            "email_verified_at": "2026-02-22T16:11:16.000000Z",
            "created_at": "2026-02-22T16:11:16.000000Z",
            "updated_at": "2026-02-22T16:11:16.000000Z",
            "team": null,
            "identity_number": null,
            "birthday": null,
            "date_of_works": null,
            "contract_type": null,
            "iban": null,
            "salary": null,
            "marital_status": null,
            "is_manager": false,
            "team_id": null,
            "cv_path": null,
            "contract_path": null,
            "nationality": null,
            "job_title": null,
            "department": null,
            "additional_benefits": null,
            "probation_period_days": null,
            "work_type": "full_time",
            "signature_path": null,
            "work_phone_approval": false,
            "logo_usage_approval": false,
            "is_active": true,
            "contract_end_date": null,
            "commission_eligibility": false,
            "birthday_hijri": null,
            "gender": null
        },
        "negotiation_approval": null
    }
}].


Failed asserting that an array has the subset Array &0 [
    'success' => true,
    'message' => 'Waiting list entry converted to reservation successfully',
].
--- Expected
+++ Actual
@@ @@
 array (
   'success' => true,
-  'message' => 'Waiting list entry converted to reservation successfully',
+  'message' => '╪¬┘à ╪¬╪¡┘ê┘è┘ä ╪│╪¼┘ä ┘é╪º╪ª┘à╪⌐ ╪º┘ä╪º┘å╪¬╪╕╪º╪▒ ╪Ñ┘ä┘ë ╪¡╪¼╪▓ ╪¿┘å╪¼╪º╪¡',
   'data' => 
   array (
     'id' => 1,

  at tests\Feature\WaitingListTest.php:142
    138Γûò         $response = $this->actingAs($this->salesLeader, 'sanctum')
    139Γûò             ->postJson("/api/sales/waiting-list/{$waitingEntry->id}/convert", $data);
    140Γûò 
    141Γûò         $response->assertStatus(200)
  Γ₧£ 142Γûò             ->assertJson([
    143Γûò                 'success' => true,
    144Γûò                 'message' => 'Waiting list entry converted to reservation successfully',
    145Γûò             ]);
    146Γûò

  ΓöÇΓöÇΓöÇΓöÇΓöÇΓöÇΓöÇΓöÇΓöÇΓöÇΓöÇΓöÇΓöÇΓöÇΓöÇΓöÇΓöÇΓöÇΓöÇΓöÇΓöÇΓöÇΓöÇΓöÇΓöÇΓöÇΓöÇΓöÇΓöÇΓöÇΓöÇΓöÇΓöÇΓöÇΓöÇΓöÇΓöÇΓöÇΓöÇΓöÇΓöÇΓöÇΓöÇΓöÇΓöÇΓöÇΓöÇΓöÇΓöÇΓöÇΓöÇΓöÇΓöÇΓöÇΓöÇΓöÇΓöÇΓöÇΓöÇΓöÇΓöÇΓöÇΓöÇΓöÇΓöÇΓöÇΓöÇΓöÇΓöÇΓöÇΓöÇΓöÇΓöÇΓöÇΓöÇΓöÇΓöÇΓöÇΓöÇΓöÇΓöÇΓöÇΓöÇΓöÇΓöÇΓöÇΓöÇΓöÇΓöÇΓöÇΓöÇΓöÇΓöÇΓöÇΓöÇΓöÇΓöÇΓöÇΓöÇΓöÇΓöÇΓöÇΓöÇΓöÇΓöÇΓöÇΓöÇΓöÇΓöÇΓöÇΓöÇΓöÇΓöÇΓöÇΓöÇΓöÇ  
   FAILED  Tests\Feature\WaitingListTest > can cancel waiting list entry                                                
  Unable to find JSON: 

[{
    "success": true,
    "message": "Waiting list entry cancelled successfully"
}]

within response JSON:

[{
    "success": true,
    "message": "╪¬┘à ╪Ñ┘ä╪║╪º╪í ╪│╪¼┘ä ┘é╪º╪ª┘à╪⌐ ╪º┘ä╪º┘å╪¬╪╕╪º╪▒ ╪¿┘å╪¼╪º╪¡",
    "data": {
        "id": 1,
        "contract_id": 2,
        "contract_unit_id": 1,
        "sales_staff_id": 1,
        "client_name": "Missouri Leannon IV",
        "client_mobile": "0571882601",
        "client_email": "patsy97@example.org",
        "priority": 5,
        "status": "cancelled",
        "notes": "Enim numquam est qui ad sapiente aut magni.",
        "converted_to_reservation_id": null,
        "converted_at": null,
        "converted_by": null,
        "expires_at": "2026-03-24T16:11:20.000000Z",
        "created_at": "2026-02-22T16:11:20.000000Z",
        "updated_at": "2026-02-22T16:11:20.000000Z"
    }
}].


Failed asserting that an array has the subset Array &0 [
    'success' => true,
    'message' => 'Waiting list entry cancelled successfully',
].
--- Expected
+++ Actual
@@ @@
 array (
   'success' => true,
-  'message' => 'Waiting list entry cancelled successfully',
+  'message' => '╪¬┘à ╪Ñ┘ä╪║╪º╪í ╪│╪¼┘ä ┘é╪º╪ª┘à╪⌐ ╪º┘ä╪º┘å╪¬╪╕╪º╪▒ ╪¿┘å╪¼╪º╪¡',
   'data' => 
   array (
     'id' => 1,

  at tests\Feature\WaitingListTest.php:197
    193Γûò         $response = $this->actingAs($this->salesStaff, 'sanctum')
    194Γûò             ->deleteJson("/api/sales/waiting-list/{$waitingEntry->id}");
    195Γûò 
    196Γûò         $response->assertStatus(200)
  Γ₧£ 197Γûò             ->assertJson([
    198Γûò                 'success' => true,
    199Γûò                 'message' => 'Waiting list entry cancelled successfully',
    200Γûò             ]);
    201Γûò

  ΓöÇΓöÇΓöÇΓöÇΓöÇΓöÇΓöÇΓöÇΓöÇΓöÇΓöÇΓöÇΓöÇΓöÇΓöÇΓöÇΓöÇΓöÇΓöÇΓöÇΓöÇΓöÇΓöÇΓöÇΓöÇΓöÇΓöÇΓöÇΓöÇΓöÇΓöÇΓöÇΓöÇΓöÇΓöÇΓöÇΓöÇΓöÇΓöÇΓöÇΓöÇΓöÇΓöÇΓöÇΓöÇΓöÇΓöÇΓöÇΓöÇΓöÇΓöÇΓöÇΓöÇΓöÇΓöÇΓöÇΓöÇΓöÇΓöÇΓöÇΓöÇΓöÇΓöÇΓöÇΓöÇΓöÇΓöÇΓöÇΓöÇΓöÇΓöÇΓöÇΓöÇΓöÇΓöÇΓöÇΓöÇΓöÇΓöÇΓöÇΓöÇΓöÇΓöÇΓöÇΓöÇΓöÇΓöÇΓöÇΓöÇΓöÇΓöÇΓöÇΓöÇΓöÇΓöÇΓöÇΓöÇΓöÇΓöÇΓöÇΓöÇΓöÇΓöÇΓöÇΓöÇΓöÇΓöÇΓöÇΓöÇΓöÇΓöÇΓöÇΓöÇΓöÇΓöÇΓöÇ  
   FAILED  Tests\Integration\AI\AIAssistantIntegrationIntegTest > full ask flow                                         
  Expected response status code [200] but received 403.
Failed asserting that 403 is identical to 200.

  at tests\Integration\AI\AIAssistantIntegrationIntegTest.php:39
     35Γûò                 'contract_id' => 123,
     36Γûò             ],
     37Γûò         ]);
     38Γûò 
  Γ₧£  39Γûò         $response->assertOk();
     40Γûò         $response->assertJsonStructure([
     41Γûò             'success',
     42Γûò             'data' => [
     43Γûò                 'message',

  ΓöÇΓöÇΓöÇΓöÇΓöÇΓöÇΓöÇΓöÇΓöÇΓöÇΓöÇΓöÇΓöÇΓöÇΓöÇΓöÇΓöÇΓöÇΓöÇΓöÇΓöÇΓöÇΓöÇΓöÇΓöÇΓöÇΓöÇΓöÇΓöÇΓöÇΓöÇΓöÇΓöÇΓöÇΓöÇΓöÇΓöÇΓöÇΓöÇΓöÇΓöÇΓöÇΓöÇΓöÇΓöÇΓöÇΓöÇΓöÇΓöÇΓöÇΓöÇΓöÇΓöÇΓöÇΓöÇΓöÇΓöÇΓöÇΓöÇΓöÇΓöÇΓöÇΓöÇΓöÇΓöÇΓöÇΓöÇΓöÇΓöÇΓöÇΓöÇΓöÇΓöÇΓöÇΓöÇΓöÇΓöÇΓöÇΓöÇΓöÇΓöÇΓöÇΓöÇΓöÇΓöÇΓöÇΓöÇΓöÇΓöÇΓöÇΓöÇΓöÇΓöÇΓöÇΓöÇΓöÇΓöÇΓöÇΓöÇΓöÇΓöÇΓöÇΓöÇΓöÇΓöÇΓöÇΓöÇΓöÇΓöÇΓöÇΓöÇΓöÇΓöÇΓöÇΓöÇΓöÇ  
   FAILED  Tests\Integration\AI\AIAssistantIntegrationIntegTest > full chat flow with history                           
  Expected response status code [200] but received 403.
Failed asserting that 403 is identical to 200.

  at tests\Integration\AI\AIAssistantIntegrationIntegTest.php:73
     69Γûò             'message' => 'First question',
     70Γûò             'session_id' => $sessionId,
     71Γûò             'section' => 'general',
     72Γûò         ]);
  Γ₧£  73Γûò         $response1->assertOk();
     74Γûò 
     75Γûò         $response2 = $this->postJson('/api/ai/chat', [
     76Γûò             'message' => 'Second question',
     77Γûò             'session_id' => $sessionId,

  ΓöÇΓöÇΓöÇΓöÇΓöÇΓöÇΓöÇΓöÇΓöÇΓöÇΓöÇΓöÇΓöÇΓöÇΓöÇΓöÇΓöÇΓöÇΓöÇΓöÇΓöÇΓöÇΓöÇΓöÇΓöÇΓöÇΓöÇΓöÇΓöÇΓöÇΓöÇΓöÇΓöÇΓöÇΓöÇΓöÇΓöÇΓöÇΓöÇΓöÇΓöÇΓöÇΓöÇΓöÇΓöÇΓöÇΓöÇΓöÇΓöÇΓöÇΓöÇΓöÇΓöÇΓöÇΓöÇΓöÇΓöÇΓöÇΓöÇΓöÇΓöÇΓöÇΓöÇΓöÇΓöÇΓöÇΓöÇΓöÇΓöÇΓöÇΓöÇΓöÇΓöÇΓöÇΓöÇΓöÇΓöÇΓöÇΓöÇΓöÇΓöÇΓöÇΓöÇΓöÇΓöÇΓöÇΓöÇΓöÇΓöÇΓöÇΓöÇΓöÇΓöÇΓöÇΓöÇΓöÇΓöÇΓöÇΓöÇΓöÇΓöÇΓöÇΓöÇΓöÇΓöÇΓöÇΓöÇΓöÇΓöÇΓöÇΓöÇΓöÇΓöÇΓöÇΓöÇΓöÇ  
   FAILED  Tests\Integration\AI\AIAssistantIntegrationIntegTest > conversation summary creation                         
  Failed asserting that null is not null.

  at tests\Integration\AI\AIAssistantIntegrationIntegTest.php:127
    123Γûò         $summary = AIConversation::where('session_id', $sessionId)
    124Γûò             ->where('is_summary', true)
    125Γûò             ->first();
    126Γûò 
  Γ₧£ 127Γûò         $this->assertNotNull($summary);
    128Γûò         $this->assertEquals('assistant', $summary->role);
    129Γûò     }
    130Γûò 
    131Γûò     public function test_multiple_sessions_isolation(): void

  1   tests\Integration\AI\AIAssistantIntegrationIntegTest.php:127

  ΓöÇΓöÇΓöÇΓöÇΓöÇΓöÇΓöÇΓöÇΓöÇΓöÇΓöÇΓöÇΓöÇΓöÇΓöÇΓöÇΓöÇΓöÇΓöÇΓöÇΓöÇΓöÇΓöÇΓöÇΓöÇΓöÇΓöÇΓöÇΓöÇΓöÇΓöÇΓöÇΓöÇΓöÇΓöÇΓöÇΓöÇΓöÇΓöÇΓöÇΓöÇΓöÇΓöÇΓöÇΓöÇΓöÇΓöÇΓöÇΓöÇΓöÇΓöÇΓöÇΓöÇΓöÇΓöÇΓöÇΓöÇΓöÇΓöÇΓöÇΓöÇΓöÇΓöÇΓöÇΓöÇΓöÇΓöÇΓöÇΓöÇΓöÇΓöÇΓöÇΓöÇΓöÇΓöÇΓöÇΓöÇΓöÇΓöÇΓöÇΓöÇΓöÇΓöÇΓöÇΓöÇΓöÇΓöÇΓöÇΓöÇΓöÇΓöÇΓöÇΓöÇΓöÇΓöÇΓöÇΓöÇΓöÇΓöÇΓöÇΓöÇΓöÇΓöÇΓöÇΓöÇΓöÇΓöÇΓöÇΓöÇΓöÇΓöÇΓöÇΓöÇΓöÇΓöÇΓöÇ  
   FAILED  Tests\Integration\AI\AIAssistantIntegrationIntegTest > multiple sessions isolation                           
  Failed asserting that 0 matches expected 2.

  at tests\Integration\AI\AIAssistantIntegrationIntegTest.php:157
    153Γûò 
    154Γûò         $session1Messages = AIConversation::where('session_id', $session1)->count();
    155Γûò         $session2Messages = AIConversation::where('session_id', $session2)->count();
    156Γûò 
  Γ₧£ 157Γûò         $this->assertEquals(2, $session1Messages);
    158Γûò         $this->assertEquals(2, $session2Messages);
    159Γûò     }
    160Γûò 
    161Γûò     public function test_capability_resolution_flow(): void

  1   tests\Integration\AI\AIAssistantIntegrationIntegTest.php:157

  ΓöÇΓöÇΓöÇΓöÇΓöÇΓöÇΓöÇΓöÇΓöÇΓöÇΓöÇΓöÇΓöÇΓöÇΓöÇΓöÇΓöÇΓöÇΓöÇΓöÇΓöÇΓöÇΓöÇΓöÇΓöÇΓöÇΓöÇΓöÇΓöÇΓöÇΓöÇΓöÇΓöÇΓöÇΓöÇΓöÇΓöÇΓöÇΓöÇΓöÇΓöÇΓöÇΓöÇΓöÇΓöÇΓöÇΓöÇΓöÇΓöÇΓöÇΓöÇΓöÇΓöÇΓöÇΓöÇΓöÇΓöÇΓöÇΓöÇΓöÇΓöÇΓöÇΓöÇΓöÇΓöÇΓöÇΓöÇΓöÇΓöÇΓöÇΓöÇΓöÇΓöÇΓöÇΓöÇΓöÇΓöÇΓöÇΓöÇΓöÇΓöÇΓöÇΓöÇΓöÇΓöÇΓöÇΓöÇΓöÇΓöÇΓöÇΓöÇΓöÇΓöÇΓöÇΓöÇΓöÇΓöÇΓöÇΓöÇΓöÇΓöÇΓöÇΓöÇΓöÇΓöÇΓöÇΓöÇΓöÇΓöÇΓöÇΓöÇΓöÇΓöÇΓöÇΓöÇΓöÇ  
   FAILED  Tests\Integration\AI\AIAssistantIntegrationIntegTest > capability resolution flow                            
  Expected response status code [200] but received 403.
Failed asserting that 403 is identical to 200.

  at tests\Integration\AI\AIAssistantIntegrationIntegTest.php:170
    166Γûò         Sanctum::actingAs($user);
    167Γûò 
    168Γûò         $response = $this->getJson('/api/ai/sections');
    169Γûò 
  Γ₧£ 170Γûò         $response->assertOk();
    171Γûò         $sections = $response->json('data');
    172Γûò 
    173Γûò         $hasContracts = false;
    174Γûò         $hasUnits = false;

  ΓöÇΓöÇΓöÇΓöÇΓöÇΓöÇΓöÇΓöÇΓöÇΓöÇΓöÇΓöÇΓöÇΓöÇΓöÇΓöÇΓöÇΓöÇΓöÇΓöÇΓöÇΓöÇΓöÇΓöÇΓöÇΓöÇΓöÇΓöÇΓöÇΓöÇΓöÇΓöÇΓöÇΓöÇΓöÇΓöÇΓöÇΓöÇΓöÇΓöÇΓöÇΓöÇΓöÇΓöÇΓöÇΓöÇΓöÇΓöÇΓöÇΓöÇΓöÇΓöÇΓöÇΓöÇΓöÇΓöÇΓöÇΓöÇΓöÇΓöÇΓöÇΓöÇΓöÇΓöÇΓöÇΓöÇΓöÇΓöÇΓöÇΓöÇΓöÇΓöÇΓöÇΓöÇΓöÇΓöÇΓöÇΓöÇΓöÇΓöÇΓöÇΓöÇΓöÇΓöÇΓöÇΓöÇΓöÇΓöÇΓöÇΓöÇΓöÇΓöÇΓöÇΓöÇΓöÇΓöÇΓöÇΓöÇΓöÇΓöÇΓöÇΓöÇΓöÇΓöÇΓöÇΓöÇΓöÇΓöÇΓöÇΓöÇΓöÇΓöÇΓöÇΓöÇΓöÇΓöÇ  
   FAILED  Tests\Integration\AI\AIAssistantIntegrationIntegTest > context building flow                                 
  Expected response status code [200] but received 403.
Failed asserting that 403 is identical to 200.

  at tests\Integration\AI\AIAssistantIntegrationIntegTest.php:210
    206Γûò                 'contract_id' => $contract->id,
    207Γûò             ],
    208Γûò         ]);
    209Γûò 
  Γ₧£ 210Γûò         $response->assertOk();
    211Γûò 
    212Γûò         $conversation = AIConversation::where('session_id', $response->json('data.session_id'))
    213Γûò             ->where('role', 'user')
    214Γûò             ->first();

  ΓöÇΓöÇΓöÇΓöÇΓöÇΓöÇΓöÇΓöÇΓöÇΓöÇΓöÇΓöÇΓöÇΓöÇΓöÇΓöÇΓöÇΓöÇΓöÇΓöÇΓöÇΓöÇΓöÇΓöÇΓöÇΓöÇΓöÇΓöÇΓöÇΓöÇΓöÇΓöÇΓöÇΓöÇΓöÇΓöÇΓöÇΓöÇΓöÇΓöÇΓöÇΓöÇΓöÇΓöÇΓöÇΓöÇΓöÇΓöÇΓöÇΓöÇΓöÇΓöÇΓöÇΓöÇΓöÇΓöÇΓöÇΓöÇΓöÇΓöÇΓöÇΓöÇΓöÇΓöÇΓöÇΓöÇΓöÇΓöÇΓöÇΓöÇΓöÇΓöÇΓöÇΓöÇΓöÇΓöÇΓöÇΓöÇΓöÇΓöÇΓöÇΓöÇΓöÇΓöÇΓöÇΓöÇΓöÇΓöÇΓöÇΓöÇΓöÇΓöÇΓöÇΓöÇΓöÇΓöÇΓöÇΓöÇΓöÇΓöÇΓöÇΓöÇΓöÇΓöÇΓöÇΓöÇΓöÇΓöÇΓöÇΓöÇΓöÇΓöÇΓöÇΓöÇΓöÇΓöÇ  
   FAILED  Tests\Integration\AI\AIAssistantIntegrationIntegTest > error handling flow                                   
  Expected response status code [500] but received 403.
Failed asserting that 403 is identical to 500.

  at tests\Integration\AI\AIAssistantIntegrationIntegTest.php:234
    230Γûò         $response = $this->postJson('/api/ai/ask', [
    231Γûò             'question' => 'Test question',
    232Γûò         ]);
    233Γûò 
  Γ₧£ 234Γûò         $response->assertStatus(500);
    235Γûò     }
    236Γûò 
    237Γûò     public function test_delete_session_flow(): void
    238Γûò     {

  ΓöÇΓöÇΓöÇΓöÇΓöÇΓöÇΓöÇΓöÇΓöÇΓöÇΓöÇΓöÇΓöÇΓöÇΓöÇΓöÇΓöÇΓöÇΓöÇΓöÇΓöÇΓöÇΓöÇΓöÇΓöÇΓöÇΓöÇΓöÇΓöÇΓöÇΓöÇΓöÇΓöÇΓöÇΓöÇΓöÇΓöÇΓöÇΓöÇΓöÇΓöÇΓöÇΓöÇΓöÇΓöÇΓöÇΓöÇΓöÇΓöÇΓöÇΓöÇΓöÇΓöÇΓöÇΓöÇΓöÇΓöÇΓöÇΓöÇΓöÇΓöÇΓöÇΓöÇΓöÇΓöÇΓöÇΓöÇΓöÇΓöÇΓöÇΓöÇΓöÇΓöÇΓöÇΓöÇΓöÇΓöÇΓöÇΓöÇΓöÇΓöÇΓöÇΓöÇΓöÇΓöÇΓöÇΓöÇΓöÇΓöÇΓöÇΓöÇΓöÇΓöÇΓöÇΓöÇΓöÇΓöÇΓöÇΓöÇΓöÇΓöÇΓöÇΓöÇΓöÇΓöÇΓöÇΓöÇΓöÇΓöÇΓöÇΓöÇΓöÇΓöÇΓöÇΓöÇΓöÇ  
   FAILED  Tests\Integration\AI\AIAssistantIntegrationIntegTest > delete session flow                                   
  Failed asserting that 0 is greater than 0.

  at tests\Integration\AI\AIAssistantIntegrationIntegTest.php:253
    249Γûò 
    250Γûò         $sessionId = $askResponse->json('data.session_id');
    251Γûò 
    252Γûò         $beforeCount = AIConversation::where('session_id', $sessionId)->count();
  Γ₧£ 253Γûò         $this->assertGreaterThan(0, $beforeCount);
    254Γûò 
    255Γûò         $deleteResponse = $this->deleteJson("/api/ai/conversations/{$sessionId}");
    256Γûò 
    257Γûò         $deleteResponse->assertOk();

  1   tests\Integration\AI\AIAssistantIntegrationIntegTest.php:253


  Tests:    84 failed, 1 skipped, 880 passed (2996 assertions)
  Duration: 3098.36s

